---
source: tests/snapshots.rs
expression: buffer_to_text(&buf)
---
  d Day   w Week   m Month    ‹ 4 may – 10 may 2026 ›                        12 tasks · 10h planned 
────────────────────────────────────────────────────────────────────────────────────────────────────
        mon 4        tue 5        wed 6        thu 7        fri 8        sat 9          sun 10      
                                ◷ Finish Q…  ◷ Review p…  ◷ Call den…                               
                               +2 more                                                              
┄┄┄┄┄┄┄┄┄┄┄┄┄┄┄┄┄┄┄┄┄┄┄┄┄┄┄┄┄┄┄┄┄┄┄┄┄┄┄┄┄┄┄┄┄┄┄┄┄┄┄┄┄┄┄┄┄┄┄┄┄┄┄┄┄┄┄┄┄┄┄┄┄┄┄┄┄┄┄┄┄┄┄┄┄┄┄┄┄┄┄┄┄┄┄┄┄┄┄┄
07  ╌▎Gym        │╌╌╌╌╌╌╌╌╌╌╌╌│┆↻ Gym      │╌╌╌╌╌╌╌╌╌╌╌╌│┆↻ Gym      │╌╌╌╌╌╌╌╌╌╌╌╌│┆↻ Gym           
08  ╌╌╌╌╌╌╌╌╌╌╌╌╌│╌╌╌╌╌╌╌╌╌╌╌╌│╌╌╌╌╌╌╌╌╌╌╌╌│╌╌╌╌╌╌╌╌╌╌╌╌│╌╌╌╌╌╌╌╌╌╌╌╌│╌╌╌╌╌╌╌╌╌╌╌╌│╌╌╌╌╌╌╌╌╌╌╌╌╌╌╌╌╌
                 │            │            │            │            │            │                 
09  ╌╌╌╌╌╌╌╌╌╌╌╌╌│▎Teoria AII │╌╌╌╌╌╌╌╌╌╌╌╌│┆↻ Teoria A…│╌╌╌╌╌╌╌╌╌╌╌╌│╌╌╌╌╌╌╌╌╌╌╌╌│╌╌╌╌╌╌╌╌╌╌╌╌╌╌╌╌╌
                 │▎09:00–11:00│            │┆09:00–11:00│            │            │                 
10  ╌╌╌╌╌╌╌╌╌╌╌╌╌│▎           │╌╌╌╌╌╌╌╌╌╌╌╌│┆           │╌╌╌╌╌╌╌╌╌╌╌╌│╌╌╌╌╌╌╌╌╌╌╌╌│╌╌╌╌╌╌╌╌╌╌╌╌╌╌╌╌╌
11  ╌╌╌╌╌╌╌╌╌╌╌╌╌│╌╌╌╌╌╌╌╌╌╌╌╌│╌╌╌╌╌╌╌╌╌╌╌╌│╌╌╌╌╌╌╌╌╌╌╌╌│╌╌╌╌╌╌╌╌╌╌╌╌│╌╌╌╌╌╌╌╌╌╌╌╌│╌╌╌╌╌╌╌╌╌╌╌╌╌╌╌╌╌
                 │            │            │            │            │            │                 
12  ╌╌╌╌╌╌╌╌╌╌╌╌╌│╌╌╌╌╌╌╌╌╌╌╌╌│╌╌╌╌╌╌╌╌╌╌╌╌│╌╌╌╌╌╌╌╌╌╌╌╌│╌╌╌╌╌╌╌╌╌╌╌╌│╌╌╌╌╌╌╌╌╌╌╌╌│╌╌╌╌╌╌╌╌╌╌╌╌╌╌╌╌╌
                 │            │            │            │            │            │                 
13  ╌╌╌╌╌╌╌╌╌╌╌╌╌│╌╌╌╌╌╌╌╌╌╌╌╌│╌╌╌╌╌╌╌╌╌╌╌╌│╌╌╌╌╌╌╌╌╌╌╌╌│╌╌╌╌╌╌╌╌╌╌╌╌│╌╌╌╌╌╌╌╌╌╌╌╌│╌╌╌╌╌╌╌╌╌╌╌╌╌╌╌╌╌
14  ╌╌╌╌╌╌╌╌╌╌╌╌╌│╌╌╌╌╌╌╌╌╌╌╌╌│╌╌╌╌╌╌╌╌╌╌╌╌│╌╌╌╌╌╌╌╌╌╌╌╌│╌╌╌╌╌╌╌╌╌╌╌╌│╌╌╌╌╌╌╌╌╌╌╌╌│╌╌╌╌╌╌╌╌╌╌╌╌╌╌╌╌╌
                 │            │            │            │            │            │                 
15  ╌╌╌╌╌╌╌╌╌╌╌╌╌│╌╌╌╌╌╌╌╌╌╌╌╌│╌╌╌╌╌╌╌╌╌╌╌╌│╌╌╌╌╌╌╌╌╌╌╌╌│╌╌╌╌╌╌╌╌╌╌╌╌│╌╌╌╌╌╌╌╌╌╌╌╌│╌╌╌╌╌╌╌╌╌╌╌╌╌╌╌╌╌
                 │            │            │            │            │            │                 
16  ╌╌╌╌╌╌╌╌╌╌╌╌╌│╌╌╌╌╌╌╌╌╌╌╌╌│▎Trabajo TIS│╌╌╌╌╌╌╌╌╌╌╌╌│╌╌╌╌╌╌╌╌╌╌╌╌│╌╌╌╌╌╌╌╌╌╌╌╌│╌╌╌╌╌╌╌╌╌╌╌╌╌╌╌╌╌
17  ╌╌╌╌╌╌╌╌╌╌╌╌╌│╌╌╌╌╌╌╌╌╌╌╌╌│▎16:00–18:00│╌╌╌╌╌╌╌╌╌╌╌╌│╌╌╌╌╌╌╌╌╌╌╌╌│╌╌╌╌╌╌╌╌╌╌╌╌│╌╌╌╌╌╌╌╌╌╌╌╌╌╌╌╌╌
                 │            │▎           │            │            │            │                 
18  ╌╌╌╌╌╌╌╌╌╌╌╌╌│╌╌╌╌╌╌╌╌╌╌╌╌│╌╌╌╌╌╌╌╌╌╌╌╌│╌╌╌╌╌╌╌╌╌╌╌╌│╌╌╌╌╌╌╌╌╌╌╌╌│╌╌╌╌╌╌╌╌╌╌╌╌│╌╌╌╌╌╌╌╌╌╌╌╌╌╌╌╌╌
                 │            │            │            │            │            │                 
19  ╌╌╌╌╌╌╌╌╌╌╌╌╌│╌╌╌╌╌╌╌╌╌╌╌╌│╌╌╌╌╌╌╌╌╌╌╌╌│╌╌╌╌╌╌╌╌╌╌╌╌│╌╌╌╌╌╌╌╌╌╌╌╌│╌╌╌╌╌╌╌╌╌╌╌╌│╌╌╌╌╌╌╌╌╌╌╌╌╌╌╌╌╌
20  ╌╌╌╌╌╌╌╌╌╌╌╌╌│╌╌╌╌╌╌╌╌╌╌╌╌│╌╌╌╌╌╌╌╌╌╌╌╌│╌╌╌╌╌╌╌╌╌╌╌╌│╌╌╌╌╌╌╌╌╌╌╌╌│╌╌╌╌╌╌╌╌╌╌╌╌│╌╌╌╌╌╌╌╌╌╌╌╌╌╌╌╌╌
                 │            │            │            │            │            │                 
21  ╌╌╌╌╌╌╌╌╌╌╌╌╌│╌╌╌╌╌╌╌╌╌╌╌╌│╌╌╌╌╌╌╌╌╌╌╌╌│╌╌╌╌╌╌╌╌╌╌╌╌│╌╌╌╌╌╌╌╌╌╌╌╌│╌╌╌╌╌╌╌╌╌╌╌╌│╌╌╌╌╌╌╌╌╌╌╌╌╌╌╌╌╌
                 │            │            │            │            │            │                 
   ● week     ←→ day · ↑↓ task · < > week · v blocks/agenda · Enter edit · n new · Esc list  ␣ menu
