---
source: tests/snapshots.rs
expression: buffer_to_styled(&buf)
---
{fg=#cad3f5 bg=#1e2030}                       {/}{fg=#363a4f bg=#1e2030}│{/}{bg=#24273a} {/}{fg=#6e738d bg=#24273a} d Day {/}{bg=#24273a} {/}{fg=#6e738d bg=#24273a} w Week {/}{bg=#24273a} {/}{fg=#181926 bg=#c6a0f6 mod=bold} m Month {/}{bg=#24273a}   {/}{fg=#6e738d bg=#24273a}‹ {/}{fg=#cad3f5 bg=#24273a mod=bold}may 2026{/}{fg=#6e738d bg=#24273a} ›{/}{bg=#24273a}                         {/}{fg=#6e738d bg=#24273a}19 tasks{/}{bg=#24273a} {/}
{fg=#cad3f5 bg=#1e2030}  {/}{fg=#c6a0f6 bg=#1e2030}■{/}{fg=#cad3f5 bg=#1e2030} {/}{fg=#cad3f5 bg=#1e2030 mod=bold}tasq{/}{fg=#cad3f5 bg=#1e2030}               {/}{fg=#363a4f bg=#1e2030}│{/}{fg=#363a4f bg=#24273a}────────────────────────────────────────────────────────────────────────────{/}
{fg=#cad3f5 bg=#1e2030}                       {/}{fg=#363a4f bg=#1e2030}│{/}{fg=#6e738d bg=#24273a}   mon       tue       wed       thu       fri       sat          sun       {/}
{fg=#cad3f5 bg=#1e2030}   {/}{fg=#a5adcb bg=#1e2030}⌂{/}{fg=#cad3f5 bg=#1e2030} {/}{fg=#a5adcb bg=#1e2030}Home{/}{fg=#cad3f5 bg=#1e2030}              {/}{fg=#363a4f bg=#1e2030}│{/}{fg=#363a4f bg=#24273a}────────────────────────────────────────────────────────────────────────────{/}
{fg=#cad3f5 bg=#1e2030}   {/}{fg=#a5adcb bg=#1e2030}▤{/}{fg=#cad3f5 bg=#1e2030} {/}{fg=#a5adcb bg=#1e2030}Inbox{/}{fg=#cad3f5 bg=#1e2030}          {/}{fg=#6e738d bg=#1e2030}3{/}{fg=#cad3f5 bg=#1e2030}  {/}{fg=#363a4f bg=#1e2030}│{/}{bg=#24273a} {/}{fg=#363a4f bg=#24273a} 27 {/}{bg=#24273a}     {/}{fg=#363a4f bg=#24273a}│ 28 {/}{bg=#24273a}     {/}{fg=#363a4f bg=#24273a}│ 29 {/}{bg=#24273a}     {/}{fg=#363a4f bg=#24273a}│ 30 {/}{bg=#24273a}     {/}{fg=#363a4f bg=#24273a}│{/}{fg=#cad3f5 bg=#24273a}  1 {/}{bg=#24273a}     {/}{fg=#363a4f bg=#24273a}│{/}{fg=#cad3f5 bg=#24273a}  2 {/}{bg=#24273a}     {/}{fg=#363a4f bg=#24273a}│{/}{fg=#cad3f5 bg=#24273a}  3 {/}{bg=#24273a}           {/}
{fg=#cad3f5 bg=#1e2030}   {/}{fg=#a5adcb bg=#1e2030}◉{/}{fg=#cad3f5 bg=#1e2030} {/}{fg=#a5adcb bg=#1e2030}Today{/}{fg=#cad3f5 bg=#1e2030}          {/}{fg=#6e738d bg=#1e2030}2{/}{fg=#cad3f5 bg=#1e2030}  {/}{fg=#363a4f bg=#1e2030}│{/}{bg=#24273a}          {/}{fg=#363a4f bg=#24273a}│{/}{bg=#24273a}         {/}{fg=#363a4f bg=#24273a}│{/}{bg=#24273a}         {/}{fg=#363a4f bg=#24273a}│{/}{bg=#24273a}         {/}{fg=#363a4f bg=#24273a}│{/}{bg=#24273a}         {/}{fg=#363a4f bg=#24273a}│{/}{bg=#24273a}         {/}{fg=#363a4f bg=#24273a}│{/}{bg=#24273a}               {/}
{fg=#cad3f5 bg=#1e2030}   {/}{fg=#a5adcb bg=#1e2030}◷{/}{fg=#cad3f5 bg=#1e2030} {/}{fg=#a5adcb bg=#1e2030}Upcoming{/}{fg=#cad3f5 bg=#1e2030}       {/}{fg=#6e738d bg=#1e2030}6{/}{fg=#cad3f5 bg=#1e2030}  {/}{fg=#363a4f bg=#1e2030}│{/}{fg=#363a4f bg=#24273a}──────────┼─────────┼─────────┼─────────┼─────────┼─────────┼───────────────{/}
{fg=#cad3f5 bg=#1e2030} {/}{fg=#cad3f5 bg=#363a4f}  ▦ {/}{fg=#cad3f5 bg=#363a4f mod=bold}Calendar{/}{fg=#cad3f5 bg=#363a4f}         {/}{fg=#cad3f5 bg=#1e2030} {/}{fg=#363a4f bg=#1e2030}│{/}{bg=#24273a} {/}{fg=#cad3f5 bg=#24273a}  4 {/}{bg=#24273a}     {/}{fg=#363a4f bg=#24273a}│{/}{fg=#cad3f5 bg=#24273a}  5 {/}{bg=#24273a}     {/}{fg=#363a4f bg=#34334d}│{/}{fg=#181926 bg=#c6a0f6 mod=bold}  6 {/}{bg=#34334d}   {/}{fg=#c6a0f6 bg=#34334d}◆{/}{bg=#34334d} {/}{fg=#363a4f bg=#24273a}│{/}{fg=#cad3f5 bg=#24273a}  7 {/}{bg=#24273a}     {/}{fg=#363a4f bg=#24273a}│{/}{fg=#cad3f5 bg=#24273a}  8 {/}{bg=#24273a}     {/}{fg=#363a4f bg=#24273a}│{/}{fg=#cad3f5 bg=#24273a}  9 {/}{bg=#24273a}     {/}{fg=#363a4f bg=#24273a}│{/}{fg=#cad3f5 bg=#24273a} 10 {/}{bg=#24273a}           {/}
{fg=#cad3f5 bg=#1e2030}   {/}{fg=#a5adcb bg=#1e2030}✎{/}{fg=#cad3f5 bg=#1e2030} {/}{fg=#a5adcb bg=#1e2030}Notes{/}{fg=#cad3f5 bg=#1e2030}             {/}{fg=#363a4f bg=#1e2030}│{/}{bg=#24273a}  {/}{fg=#cad3f5 bg=#24273a}1 {/}{fg=#8bd5ca bg=#24273a}●{/}{bg=#24273a}     {/}{fg=#363a4f bg=#24273a}│{/}{bg=#24273a}         {/}{fg=#363a4f bg=#34334d}│{/}{bg=#34334d} {/}{fg=#cad3f5 bg=#34334d}3 {/}{fg=#ed8796 bg=#34334d}●●{/}{fg=#8bd5ca bg=#34334d}●{/}{bg=#34334d}   {/}{fg=#363a4f bg=#24273a}│{/}{bg=#24273a} {/}{fg=#cad3f5 bg=#24273a}1 {/}{fg=#ed8796 bg=#24273a}●{/}{bg=#24273a}     {/}{fg=#363a4f bg=#24273a}│{/}{bg=#24273a} {/}{fg=#cad3f5 bg=#24273a}2 {/}{fg=#ed8796 bg=#24273a}●{/}{fg=#8bd5ca bg=#24273a}●{/}{bg=#24273a}    {/}{fg=#363a4f bg=#24273a}│{/}{bg=#24273a}         {/}{fg=#363a4f bg=#24273a}│{/}{bg=#24273a}               {/}
{fg=#cad3f5 bg=#1e2030}   {/}{fg=#a5adcb bg=#1e2030}⌕{/}{fg=#cad3f5 bg=#1e2030} {/}{fg=#a5adcb bg=#1e2030}Search{/}{fg=#cad3f5 bg=#1e2030}        {/}{fg=#6e738d bg=#1e2030}^K{/}{fg=#cad3f5 bg=#1e2030}  {/}{fg=#363a4f bg=#1e2030}│{/}{fg=#363a4f bg=#24273a}──────────┼─────────┼─────────┼─────────┼─────────┼─────────┼───────────────{/}
{fg=#cad3f5 bg=#1e2030}                       {/}{fg=#363a4f bg=#1e2030}│{/}{bg=#24273a} {/}{fg=#cad3f5 bg=#24273a} 11 {/}{bg=#24273a}     {/}{fg=#363a4f bg=#24273a}│{/}{fg=#cad3f5 bg=#24273a} 12 {/}{bg=#24273a}     {/}{fg=#363a4f bg=#24273a}│{/}{fg=#cad3f5 bg=#24273a} 13 {/}{bg=#24273a}     {/}{fg=#363a4f bg=#24273a}│{/}{fg=#cad3f5 bg=#24273a} 14 {/}{bg=#24273a}     {/}{fg=#363a4f bg=#24273a}│{/}{fg=#cad3f5 bg=#24273a} 15 {/}{bg=#24273a}     {/}{fg=#363a4f bg=#24273a}│{/}{fg=#cad3f5 bg=#24273a} 16 {/}{bg=#24273a}     {/}{fg=#363a4f bg=#24273a}│{/}{fg=#cad3f5 bg=#24273a} 17 {/}{bg=#24273a}           {/}
{fg=#cad3f5 bg=#1e2030}  {/}{fg=#6e738d bg=#1e2030}SPACES{/}{fg=#cad3f5 bg=#1e2030}               {/}{fg=#363a4f bg=#1e2030}│{/}{bg=#24273a}  {/}{fg=#cad3f5 bg=#24273a}1 {/}{fg=#8bd5ca bg=#24273a}●{/}{bg=#24273a}     {/}{fg=#363a4f bg=#24273a}│{/}{bg=#24273a}         {/}{fg=#363a4f bg=#24273a}│{/}{bg=#24273a} {/}{fg=#cad3f5 bg=#24273a}1 {/}{fg=#8bd5ca bg=#24273a}●{/}{bg=#24273a}     {/}{fg=#363a4f bg=#24273a}│{/}{bg=#24273a}         {/}{fg=#363a4f bg=#24273a}│{/}{bg=#24273a} {/}{fg=#cad3f5 bg=#24273a}3 {/}{fg=#ed8796 bg=#24273a}●●{/}{fg=#8bd5ca bg=#24273a}●{/}{bg=#24273a}   {/}{fg=#363a4f bg=#24273a}│{/}{bg=#24273a}         {/}{fg=#363a4f bg=#24273a}│{/}{bg=#24273a}               {/}
{fg=#cad3f5 bg=#1e2030}   {/}{fg=#8aadf4 bg=#1e2030}●{/}{fg=#cad3f5 bg=#1e2030} {/}{fg=#a5adcb bg=#1e2030}work{/}{fg=#cad3f5 bg=#1e2030}           {/}{fg=#6e738d bg=#1e2030}4{/}{fg=#cad3f5 bg=#1e2030}  {/}{fg=#363a4f bg=#1e2030}│{/}{fg=#363a4f bg=#24273a}──────────┼─────────┼─────────┼─────────┼─────────┼─────────┼───────────────{/}
{fg=#cad3f5 bg=#1e2030}   {/}{fg=#b7bdf8 bg=#1e2030}●{/}{fg=#cad3f5 bg=#1e2030} {/}{fg=#a5adcb bg=#1e2030}health{/}{fg=#cad3f5 bg=#1e2030}         {/}{fg=#6e738d bg=#1e2030}3{/}{fg=#cad3f5 bg=#1e2030}  {/}{fg=#363a4f bg=#1e2030}│{/}{bg=#24273a} {/}{fg=#cad3f5 bg=#24273a} 18 {/}{bg=#24273a}     {/}{fg=#363a4f bg=#24273a}│{/}{fg=#cad3f5 bg=#24273a} 19 {/}{bg=#24273a}     {/}{fg=#363a4f bg=#24273a}│{/}{fg=#cad3f5 bg=#24273a} 20 {/}{bg=#24273a}     {/}{fg=#363a4f bg=#24273a}│{/}{fg=#cad3f5 bg=#24273a} 21 {/}{bg=#24273a}     {/}{fg=#363a4f bg=#24273a}│{/}{fg=#cad3f5 bg=#24273a} 22 {/}{bg=#24273a}     {/}{fg=#363a4f bg=#24273a}│{/}{fg=#cad3f5 bg=#24273a} 23 {/}{bg=#24273a}     {/}{fg=#363a4f bg=#24273a}│{/}{fg=#cad3f5 bg=#24273a} 24 {/}{bg=#24273a}           {/}
{fg=#cad3f5 bg=#1e2030}   {/}{fg=#8bd5ca bg=#1e2030}●{/}{fg=#cad3f5 bg=#1e2030} {/}{fg=#a5adcb bg=#1e2030}finance{/}{fg=#cad3f5 bg=#1e2030}        {/}{fg=#6e738d bg=#1e2030}2{/}{fg=#cad3f5 bg=#1e2030}  {/}{fg=#363a4f bg=#1e2030}│{/}{bg=#24273a}  {/}{fg=#cad3f5 bg=#24273a}1 {/}{fg=#8bd5ca bg=#24273a}●{/}{bg=#24273a}     {/}{fg=#363a4f bg=#24273a}│{/}{bg=#24273a}         {/}{fg=#363a4f bg=#24273a}│{/}{bg=#24273a} {/}{fg=#cad3f5 bg=#24273a}2 {/}{fg=#ed8796 bg=#24273a}●{/}{fg=#8bd5ca bg=#24273a}●{/}{bg=#24273a}    {/}{fg=#363a4f bg=#24273a}│{/}{bg=#24273a}         {/}{fg=#363a4f bg=#24273a}│{/}{bg=#24273a} {/}{fg=#cad3f5 bg=#24273a}1 {/}{fg=#8bd5ca bg=#24273a}●{/}{bg=#24273a}     {/}{fg=#363a4f bg=#24273a}│{/}{bg=#24273a}         {/}{fg=#363a4f bg=#24273a}│{/}{bg=#24273a}               {/}
{fg=#cad3f5 bg=#1e2030}   {/}{fg=#8bd5ca bg=#1e2030}●{/}{fg=#cad3f5 bg=#1e2030} {/}{fg=#a5adcb bg=#1e2030}personal{/}{fg=#cad3f5 bg=#1e2030}       {/}{fg=#6e738d bg=#1e2030}2{/}{fg=#cad3f5 bg=#1e2030}  {/}{fg=#363a4f bg=#1e2030}│{/}{fg=#363a4f bg=#24273a}──────────┼─────────┼─────────┼─────────┼─────────┼─────────┼───────────────{/}
{fg=#cad3f5 bg=#1e2030}   {/}{fg=#f5bde6 bg=#1e2030}●{/}{fg=#cad3f5 bg=#1e2030} {/}{fg=#a5adcb bg=#1e2030}home{/}{fg=#cad3f5 bg=#1e2030}           {/}{fg=#6e738d bg=#1e2030}1{/}{fg=#cad3f5 bg=#1e2030}  {/}{fg=#363a4f bg=#1e2030}│{/}{bg=#24273a} {/}{fg=#cad3f5 bg=#24273a} 25 {/}{bg=#24273a}     {/}{fg=#363a4f bg=#24273a}│{/}{fg=#cad3f5 bg=#24273a} 26 {/}{bg=#24273a}     {/}{fg=#363a4f bg=#24273a}│{/}{fg=#cad3f5 bg=#24273a} 27 {/}{bg=#24273a}     {/}{fg=#363a4f bg=#24273a}│{/}{fg=#cad3f5 bg=#24273a} 28 {/}{bg=#24273a}     {/}{fg=#363a4f bg=#24273a}│{/}{fg=#cad3f5 bg=#24273a} 29 {/}{bg=#24273a}     {/}{fg=#363a4f bg=#24273a}│{/}{fg=#cad3f5 bg=#24273a} 30 {/}{bg=#24273a}     {/}{fg=#363a4f bg=#24273a}│{/}{fg=#cad3f5 bg=#24273a} 31 {/}{bg=#24273a}           {/}
{fg=#cad3f5 bg=#1e2030}   {/}{fg=#f5a97f bg=#1e2030}●{/}{fg=#cad3f5 bg=#1e2030} {/}{fg=#a5adcb bg=#1e2030}learning{/}{fg=#cad3f5 bg=#1e2030}       {/}{fg=#6e738d bg=#1e2030}1{/}{fg=#cad3f5 bg=#1e2030}  {/}{fg=#363a4f bg=#1e2030}│{/}{bg=#24273a}  {/}{fg=#cad3f5 bg=#24273a}1 {/}{fg=#8bd5ca bg=#24273a}●{/}{bg=#24273a}     {/}{fg=#363a4f bg=#24273a}│{/}{bg=#24273a}         {/}{fg=#363a4f bg=#24273a}│{/}{bg=#24273a} {/}{fg=#cad3f5 bg=#24273a}1 {/}{fg=#8bd5ca bg=#24273a}●{/}{bg=#24273a}     {/}{fg=#363a4f bg=#24273a}│{/}{bg=#24273a}         {/}{fg=#363a4f bg=#24273a}│{/}{bg=#24273a} {/}{fg=#cad3f5 bg=#24273a}1 {/}{fg=#8bd5ca bg=#24273a}●{/}{bg=#24273a}     {/}{fg=#363a4f bg=#24273a}│{/}{bg=#24273a}         {/}{fg=#363a4f bg=#24273a}│{/}{bg=#24273a}               {/}
{fg=#cad3f5 bg=#1e2030}   {/}{fg=#c6a0f6 bg=#1e2030}●{/}{fg=#cad3f5 bg=#1e2030} {/}{fg=#a5adcb bg=#1e2030}travel{/}{fg=#cad3f5 bg=#1e2030}         {/}{fg=#6e738d bg=#1e2030}1{/}{fg=#cad3f5 bg=#1e2030}  {/}{fg=#363a4f bg=#1e2030}│{/}{fg=#363a4f bg=#24273a}──────────┼─────────┼─────────┼─────────┼─────────┼─────────┼───────────────{/}
{fg=#cad3f5 bg=#1e2030}                       {/}{fg=#363a4f bg=#1e2030}│{/}{bg=#24273a}                                                                            {/}
{fg=#cad3f5 bg=#1e2030}  {/}{fg=#6e738d bg=#1e2030}FILTERS{/}{fg=#cad3f5 bg=#1e2030}              {/}{fg=#363a4f bg=#1e2030}│{/}{bg=#24273a}  {/}{fg=#c6a0f6 bg=#24273a mod=bold}WED 6 MAY · TODAY{/}{bg=#24273a} {/}{fg=#363a4f bg=#24273a}──────────────────────────────────────────────────────{/}{bg=#24273a}  {/}
{fg=#cad3f5 bg=#1e2030}   {/}{fg=#ed8796 bg=#1e2030}⚑{/}{fg=#cad3f5 bg=#1e2030} {/}{fg=#a5adcb bg=#1e2030}High priority{/}{fg=#cad3f5 bg=#1e2030}  {/}{fg=#6e738d bg=#1e2030}2{/}{fg=#cad3f5 bg=#1e2030}  {/}{fg=#363a4f bg=#1e2030}│{/}{bg=#363a4f}  {/}{fg=#c6a0f6 bg=#363a4f}▸{/}{bg=#363a4f} {/}{fg=#6e738d bg=#363a4f}  —  {/}{bg=#363a4f} {/}{fg=#cad3f5 bg=#363a4f mod=bold}Finish Q2 board deck{/}{bg=#363a4f}                                      {/}{fg=#8aadf4 bg=#363a4f}● work{/}{bg=#363a4f}  {/}
{fg=#cad3f5 bg=#1e2030}   {/}{fg=#eed49f bg=#1e2030}★{/}{fg=#cad3f5 bg=#1e2030} {/}{fg=#a5adcb bg=#1e2030}Starred{/}{fg=#cad3f5 bg=#1e2030}        {/}{fg=#6e738d bg=#1e2030}0{/}{fg=#cad3f5 bg=#1e2030}  {/}{fg=#363a4f bg=#1e2030}│{/}{bg=#24273a}  {/}{fg=#ed8796 bg=#24273a}!{/}{bg=#24273a} {/}{fg=#6e738d bg=#24273a}  —  {/}{bg=#24273a} {/}{fg=#cad3f5 bg=#24273a}Gym{/}{bg=#24273a}                                                   {/}{fg=#8bd5ca bg=#24273a}● personal{/}{bg=#24273a}  {/}
{fg=#cad3f5 bg=#1e2030}   {/}{fg=#ed8796 bg=#1e2030}◷{/}{fg=#cad3f5 bg=#1e2030} {/}{fg=#a5adcb bg=#1e2030}Overdue{/}{fg=#cad3f5 bg=#1e2030}        {/}{fg=#6e738d bg=#1e2030}7{/}{fg=#cad3f5 bg=#1e2030}  {/}{fg=#363a4f bg=#1e2030}│{/}{bg=#24273a}  {/}{fg=#6e738d bg=#24273a}↻{/}{bg=#24273a} {/}{fg=#6e738d bg=#24273a}07:00{/}{bg=#24273a} {/}{fg=#6e738d bg=#24273a}Gym · 1h{/}{bg=#24273a}                                              {/}{fg=#6e738d bg=#24273a}● personal{/}{bg=#24273a}  {/}
{fg=#cad3f5 bg=#1e2030}                       {/}{fg=#363a4f bg=#1e2030}│{/}{bg=#24273a}                                                                            {/}
{fg=#cad3f5 bg=#1e2030}                       {/}{fg=#363a4f bg=#1e2030}│{/}{bg=#24273a}                                                                            {/}
{fg=#cad3f5 bg=#1e2030} {/}{fg=#363a4f bg=#24273a}╭───────────────────╮{/}{fg=#cad3f5 bg=#1e2030} {/}{fg=#363a4f bg=#1e2030}│{/}{bg=#24273a}                                                                            {/}
{fg=#cad3f5 bg=#1e2030} {/}{fg=#363a4f bg=#24273a}│{/}{fg=#cad3f5 bg=#24273a} {/}{fg=#24273a bg=#f5a97f mod=bold} Y {/}{fg=#cad3f5 bg=#24273a} {/}{fg=#cad3f5 bg=#24273a mod=bold}you{/}{fg=#cad3f5 bg=#24273a}           {/}{fg=#363a4f bg=#24273a}│{/}{fg=#cad3f5 bg=#1e2030} {/}{fg=#363a4f bg=#1e2030}│{/}{bg=#24273a}                                                                            {/}
{fg=#cad3f5 bg=#1e2030} {/}{fg=#363a4f bg=#24273a}│{/}{fg=#cad3f5 bg=#24273a}     {/}{fg=#a6da95 bg=#24273a}● todo.txt{/}{fg=#cad3f5 bg=#24273a}    {/}{fg=#363a4f bg=#24273a}│{/}{fg=#cad3f5 bg=#1e2030} {/}{fg=#363a4f bg=#1e2030}│{/}{bg=#24273a}                                                                            {/}
{fg=#cad3f5 bg=#1e2030} {/}{fg=#363a4f bg=#24273a}╰───────────────────╯{/}{fg=#cad3f5 bg=#1e2030} {/}{fg=#363a4f bg=#1e2030}│{/}{bg=#24273a}                                                                            {/}
{fg=#cad3f5 bg=#1e2030}                       {/}{fg=#363a4f bg=#1e2030}│{/}{bg=#24273a}                                                                            {/}
{bg=#24273a} {/}{fg=#a5adcb bg=#363a4f} ● month {/}{bg=#24273a}          {/}{fg=#a5adcb bg=#24273a mod=bold}←→↑↓{/}{fg=#6e738d bg=#24273a} day   {/}{fg=#a5adcb bg=#24273a mod=bold}<{/}{fg=#6e738d bg=#24273a} > month   {/}{fg=#a5adcb bg=#24273a mod=bold}v{/}{fg=#6e738d bg=#24273a} counts/titles   {/}{fg=#a5adcb bg=#24273a mod=bold}Enter{/}{fg=#6e738d bg=#24273a} day   {/}{fg=#a5adcb bg=#24273a mod=bold}n{/}{fg=#6e738d bg=#24273a} new   {/}{fg=#a5adcb bg=#24273a mod=bold}Esc{/}{fg=#6e738d bg=#24273a} list   {/}{fg=#a5adcb bg=#24273a mod=bold}␣{/}{fg=#6e738d bg=#24273a} more… {/}
