---
source: tests/snapshots.rs
expression: buffer_to_text(&buf)
---
                       │                                          │                                 
  ■ tasq               │  Upcoming  wednesday 6 may               │  Review pull requests for auth  
                       │  6 tasks                                 │  refactor                       
   ⌂ Home              │   + filter            sort · priority ▾  │                                 
   ▤ Inbox          3  │                                          │  due      tomorrow              
   ◉ Today          1  │  TOMORROW ───────────────────────────────│  space    ● work                
   ◷ Upcoming       6  │▎ ☐ ⚑ Review pull requests for auth refact│  priority ⚑ medium              
   ▦ Calendar          │                                          │  tags     @laptop               
   ✎ Notes             │  FRI 8 MAY ──────────────────────────────│                                 
   ⌕ Search        ^K  │  ☐ ⚑ Call dentist to reschedule cleaning │                                 
                       │                                          │                                 
  SPACES               │  LATER ──────────────────────────────────│                                 
   ● work           4  │  ☐ Migrate analytics to new pipeline  ◷ b│                                 
   ● health         3  │  ☐ Pay rent  ◷ by fri 15 may   ↻ every mo│                                 
   ● finance        2  │  ☐ ⚑ Renew passport before summer trip  ◷│                                 
   ● home           1  │  ☐ ⚑ Pay quarterly estimated taxes  ◷ by │                                 
   ● learning       1  │                                          │                                 
   ● personal       1  │                                          │                                 
   ● travel         1  │                                          │                                 
                       │                                          │                                 
  FILTERS              │                                          │                                 
   ⚑ High priority  2  │                                          │                                 
   ★ Starred        0  │                                          │                                 
   ◷ Overdue        7  │                                          │                                 
                       │                                          │                                 
                       │                                          │                                 
 ╭───────────────────╮ │                                          │                                 
 │  Y  you           │ │                                          │                                 
 │     ● todo.txt    │ │                                          │                                 
 ╰───────────────────╯ │                                          │                                 
                       │                                          │                                 
  ● normal   Upcoming · 6 tasks              x done   e edit   r reschedule   Tab details   ␣ more…
