---
source: tests/snapshots.rs
expression: buffer_to_text(&buf)
---
                           │  /tmp/tasq-snapshot.txt                │                               
  ▣ tasq                   │  0 tasks  ·  sort: priority            │  no task selected             
                           │  + filter                              │                               
   ⌂ Home                  │                                        │                               
   ▤ Inbox              0  │                                        │                               
   ◉ Today              0  │                                        │                               
   ◷ Upcoming           0  │                                        │                               
   ≡ All tasks          0  │                                        │                               
   ▦ Calendar         ╭ tasq · welcome ──────────────────────────────────────╮                      
   ✎ Notes            │                    ██          ██                    │                      
   ⌕ Search           │                    ████  ██  ████                    │                      
   ⌫ Trash            │                    ██████████████                    │                      
                      │                    ████  ██  ████                    │                      
  FILTERS             │                    ██          ██                    │                      
   ⚑ High priority    │                                                      │                      
   ★ Starred          │  no todo.txt in this folder yet                      │                      
   ◷ Overdue          │                                                      │                      
                      │   c           create ./todo.txt here                 │                      
                      │   s           open the sample                        │                      
                      │   q / Ctrl-c  quit                                   │                      
                      │                                                      │                      
                      │                                                      │                      
                      │                                                      │                      
                      ╰──────────────────────────────────────────────────────╯                      
                           │                                        │                               
                           │                                        │                               
                           │                                        │                               
 ╭───────────────────────╮ │                                        │                               
 │  Y  you ● file        │ │                                        │                               
 ╰───────────────────────╯ │                                        │                               
                           │                                        │                               
   ● welcome     c create ./todo.txt · s open sample · q quit
