---
source: tests/snapshots.rs
expression: buffer_to_styled(&buf)
---
{fg=#cad3f5 bg=#1e2030}                       {/}{fg=#363a4f bg=#1e2030}│{/}{bg=#24273a}                                          {/}{fg=#363a4f bg=#212435}│{/}{bg=#212435}                                 {/}
{fg=#cad3f5 bg=#1e2030}  {/}{fg=#c6a0f6 bg=#1e2030}■{/}{fg=#cad3f5 bg=#1e2030} {/}{fg=#cad3f5 bg=#1e2030 mod=bold}tasq{/}{fg=#cad3f5 bg=#1e2030}               {/}{fg=#363a4f bg=#1e2030}│{/}{bg=#24273a}  {/}{fg=#cad3f5 bg=#24273a mod=bold}All tasks{/}{fg=#6e738d bg=#24273a}  wednesday 6 may{/}{bg=#24273a}              {/}{fg=#363a4f bg=#212435}│{/}{bg=#212435}  {/}{fg=#cad3f5 bg=#212435 mod=bold}Buy milk{/}{bg=#212435}                       {/}
{fg=#cad3f5 bg=#1e2030}                       {/}{fg=#363a4f bg=#1e2030}│{/}{bg=#24273a}  {/}{fg=#6e738d bg=#24273a}3 tasks{/}{bg=#24273a}                                 {/}{fg=#363a4f bg=#212435}│{/}{bg=#212435}                                 {/}
{fg=#cad3f5 bg=#1e2030}   {/}{fg=#a5adcb bg=#1e2030}⌂{/}{fg=#cad3f5 bg=#1e2030} {/}{fg=#a5adcb bg=#1e2030}Home{/}{fg=#cad3f5 bg=#1e2030}              {/}{fg=#363a4f bg=#1e2030}│{/}{bg=#24273a}  {/}{fg=#6e738d bg=#24273a} + filter {/}{bg=#24273a}           {/}{fg=#6e738d bg=#24273a}sort · priority ▾  {/}{fg=#363a4f bg=#212435}│{/}{bg=#212435}  {/}{fg=#6e738d bg=#212435}priority{/}{bg=#212435} {/}{fg=#ed8796 bg=#212435}⚑ high{/}{bg=#212435}                {/}
{fg=#cad3f5 bg=#1e2030}   {/}{fg=#a5adcb bg=#1e2030}▤{/}{fg=#cad3f5 bg=#1e2030} {/}{fg=#a5adcb bg=#1e2030}Inbox{/}{fg=#cad3f5 bg=#1e2030}          {/}{fg=#6e738d bg=#1e2030}3{/}{fg=#cad3f5 bg=#1e2030}  {/}{fg=#363a4f bg=#1e2030}│{/}{bg=#24273a}                                          {/}{fg=#363a4f bg=#212435}│{/}{bg=#212435}                                 {/}
{fg=#cad3f5 bg=#1e2030}   {/}{fg=#a5adcb bg=#1e2030}◉{/}{fg=#cad3f5 bg=#1e2030} {/}{fg=#a5adcb bg=#1e2030}Today{/}{fg=#cad3f5 bg=#1e2030}          {/}{fg=#6e738d bg=#1e2030}0{/}{fg=#cad3f5 bg=#1e2030}  {/}{fg=#363a4f bg=#1e2030}│{/}{fg=#cad3f5 bg=#24273a}  {/}{fg=#ed8796 bg=#24273a}PRIORITY A{/}{fg=#cad3f5 bg=#24273a} {/}{fg=#363a4f bg=#24273a}─────────────────────────────{/}{fg=#363a4f bg=#212435}│{/}{bg=#212435}                                 {/}
{fg=#cad3f5 bg=#1e2030}   {/}{fg=#a5adcb bg=#1e2030}◷{/}{fg=#cad3f5 bg=#1e2030} {/}{fg=#a5adcb bg=#1e2030}Upcoming{/}{fg=#cad3f5 bg=#1e2030}       {/}{fg=#6e738d bg=#1e2030}0{/}{fg=#cad3f5 bg=#1e2030}  {/}{fg=#363a4f bg=#1e2030}│{/}{fg=#c6a0f6 bg=#363a4f mod=bold}▎ {/}{fg=#cad3f5 bg=#363a4f}☐ {/}{fg=#ed8796 bg=#363a4f mod=bold}⚑ {/}{fg=#cad3f5 bg=#363a4f}Buy milk                            {/}{fg=#363a4f bg=#212435}│{/}{bg=#212435}                                 {/}
{fg=#cad3f5 bg=#1e2030}   {/}{fg=#a5adcb bg=#1e2030}▦{/}{fg=#cad3f5 bg=#1e2030} {/}{fg=#a5adcb bg=#1e2030}Calendar{/}{fg=#cad3f5 bg=#1e2030}          {/}{fg=#363a4f bg=#1e2030}│{/}{fg=#cad3f5 bg=#24273a}  {/}{fg=#f5a97f bg=#24273a}PRIORITY B{/}{fg=#cad3f5 bg=#24273a} {/}{fg=#363a4f bg=#24273a}─────────────────────────────{/}{fg=#363a4f bg=#212435}│{/}{bg=#212435}                                 {/}
{fg=#cad3f5 bg=#1e2030}   {/}{fg=#a5adcb bg=#1e2030}✎{/}{fg=#cad3f5 bg=#1e2030} {/}{fg=#a5adcb bg=#1e2030}Notes{/}{fg=#cad3f5 bg=#1e2030}             {/}{fg=#363a4f bg=#1e2030}│{/}{fg=#cad3f5 bg=#24273a}  {/}{fg=#6e738d bg=#24273a}☐ {/}{fg=#f5a97f bg=#24273a mod=bold}⚑ {/}{fg=#cad3f5 bg=#24273a}Call mom                            {/}{fg=#363a4f bg=#212435}│{/}{bg=#212435}                                 {/}
{fg=#cad3f5 bg=#1e2030}   {/}{fg=#a5adcb bg=#1e2030}⌕{/}{fg=#cad3f5 bg=#1e2030} {/}{fg=#a5adcb bg=#1e2030}Search{/}{fg=#cad3f5 bg=#1e2030}         {/}{fg=#6e738d bg=#1e2030}/{/}{fg=#cad3f5 bg=#1e2030}  {/}{fg=#363a4f bg=#1e2030}│{/}{fg=#cad3f5 bg=#24273a}  {/}{fg=#6e738d bg=#24273a}NO PRIORITY{/}{fg=#cad3f5 bg=#24273a} {/}{fg=#363a4f bg=#24273a}────────────────────────────{/}{fg=#363a4f bg=#212435}│{/}{bg=#212435}                                 {/}
{fg=#cad3f5 bg=#1e2030}                       {/}{fg=#363a4f bg=#1e2030}│{/}{fg=#cad3f5 bg=#24273a}  {/}{fg=#6e738d bg=#24273a}☐ {/}{fg=#cad3f5 bg=#24273a}Write up notes                        {/}{fg=#363a4f bg=#212435}│{/}{bg=#212435}                                 {/}
{fg=#cad3f5 bg=#1e2030}  {/}{fg=#6e738d bg=#1e2030}FILTERS{/}{fg=#cad3f5 bg=#1e2030}              {/}{fg=#363a4f bg=#1e2030}│{/}{fg=#cad3f5 bg=#24273a}                                          {/}{fg=#363a4f bg=#212435}│{/}{bg=#212435}                                 {/}
{fg=#cad3f5 bg=#1e2030}   {/}{fg=#ed8796 bg=#1e2030}⚑{/}{fg=#cad3f5 bg=#1e2030} {/}{fg=#a5adcb bg=#1e2030}High priority{/}{fg=#cad3f5 bg=#1e2030}  {/}{fg=#6e738d bg=#1e2030}1{/}{fg=#cad3f5 bg=#1e2030}  {/}{fg=#363a4f bg=#1e2030}│{/}{fg=#cad3f5 bg=#24273a}                                          {/}{fg=#363a4f bg=#212435}│{/}{bg=#212435}                                 {/}
{fg=#cad3f5 bg=#1e2030}   {/}{fg=#eed49f bg=#1e2030}★{/}{fg=#cad3f5 bg=#1e2030} {/}{fg=#a5adcb bg=#1e2030}Starred{/}{fg=#cad3f5 bg=#1e2030}        {/}{fg=#6e738d bg=#1e2030}0{/}{fg=#cad3f5 bg=#1e2030}  {/}{fg=#363a4f bg=#1e2030}│{/}{fg=#cad3f5 bg=#24273a}                                          {/}{fg=#363a4f bg=#212435}│{/}{bg=#212435}                                 {/}
{fg=#cad3f5 bg=#1e2030}   {/}{fg=#ed8796 bg=#1e2030}◷{/}{fg=#cad3f5 bg=#1e2030} {/}{fg=#a5adcb bg=#1e2030}Overdue{/}{fg=#cad3f5 bg=#1e2030}        {/}{fg=#6e738d bg=#1e2030}0{/}{fg=#cad3f5 bg=#1e2030}  {/}{fg=#363a4f bg=#1e2030}│{/}{fg=#cad3f5 bg=#24273a}                                          {/}{fg=#363a4f bg=#212435}│{/}{bg=#212435}                                 {/}
{fg=#cad3f5 bg=#1e2030}                       {/}{fg=#363a4f bg=#1e2030}│{/}{fg=#cad3f5 bg=#24273a}                                          {/}{fg=#363a4f bg=#212435}│{/}{bg=#212435}                                 {/}
{fg=#cad3f5 bg=#1e2030}                       {/}{fg=#363a4f bg=#1e2030}│{/}{fg=#cad3f5 bg=#24273a}                                          {/}{fg=#363a4f bg=#212435}│{/}{bg=#212435}                                 {/}
{fg=#cad3f5 bg=#1e2030}                       {/}{fg=#363a4f bg=#1e2030}│{/}{fg=#cad3f5 bg=#24273a}                                          {/}{fg=#363a4f bg=#212435}│{/}{bg=#212435}                                 {/}
{fg=#cad3f5 bg=#1e2030}                       {/}{fg=#363a4f bg=#1e2030}│{/}{fg=#cad3f5 bg=#24273a}                                          {/}{fg=#363a4f bg=#212435}│{/}{bg=#212435}                                 {/}
{fg=#cad3f5 bg=#1e2030}                       {/}{fg=#363a4f bg=#1e2030}│{/}{fg=#cad3f5 bg=#24273a}                                          {/}{fg=#363a4f bg=#212435}│{/}{bg=#212435}                                 {/}
{fg=#cad3f5 bg=#1e2030}                       {/}{fg=#363a4f bg=#1e2030}│{/}{fg=#cad3f5 bg=#24273a}                                          {/}{fg=#363a4f bg=#212435}│{/}{bg=#212435}                                 {/}
{fg=#cad3f5 bg=#1e2030}                       {/}{fg=#363a4f bg=#1e2030}│{/}{fg=#cad3f5 bg=#24273a}                                          {/}{fg=#363a4f bg=#212435}│{/}{bg=#212435}                                 {/}
{fg=#cad3f5 bg=#1e2030}                       {/}{fg=#363a4f bg=#1e2030}│{/}{fg=#cad3f5 bg=#24273a}                                          {/}{fg=#363a4f bg=#212435}│{/}{bg=#212435}                                 {/}
{fg=#cad3f5 bg=#1e2030}                       {/}{fg=#363a4f bg=#1e2030}│{/}{fg=#cad3f5 bg=#24273a}                                          {/}{fg=#363a4f bg=#212435}│{/}{bg=#212435}                                 {/}
{fg=#cad3f5 bg=#1e2030}                       {/}{fg=#363a4f bg=#1e2030}│{/}{fg=#cad3f5 bg=#24273a}                                          {/}{fg=#363a4f bg=#212435}│{/}{bg=#212435}                                 {/}
{fg=#cad3f5 bg=#1e2030}                       {/}{fg=#363a4f bg=#1e2030}│{/}{fg=#cad3f5 bg=#24273a}                                          {/}{fg=#363a4f bg=#212435}│{/}{bg=#212435}                                 {/}
{fg=#cad3f5 bg=#1e2030} {/}{fg=#363a4f bg=#24273a}╭───────────────────╮{/}{fg=#cad3f5 bg=#1e2030} {/}{fg=#363a4f bg=#1e2030}│{/}{fg=#cad3f5 bg=#24273a}                                          {/}{fg=#363a4f bg=#212435}│{/}{bg=#212435}                                 {/}
{fg=#cad3f5 bg=#1e2030} {/}{fg=#363a4f bg=#24273a}│{/}{fg=#cad3f5 bg=#24273a} {/}{fg=#24273a bg=#f5a97f mod=bold} Y {/}{fg=#cad3f5 bg=#24273a} {/}{fg=#cad3f5 bg=#24273a mod=bold}you{/}{fg=#cad3f5 bg=#24273a}           {/}{fg=#363a4f bg=#24273a}│{/}{fg=#cad3f5 bg=#1e2030} {/}{fg=#363a4f bg=#1e2030}│{/}{fg=#cad3f5 bg=#24273a}                                          {/}{fg=#363a4f bg=#212435}│{/}{bg=#212435}                                 {/}
{fg=#cad3f5 bg=#1e2030} {/}{fg=#363a4f bg=#24273a}│{/}{fg=#cad3f5 bg=#24273a}     {/}{fg=#a6da95 bg=#24273a}● todo.txt{/}{fg=#cad3f5 bg=#24273a}    {/}{fg=#363a4f bg=#24273a}│{/}{fg=#cad3f5 bg=#1e2030} {/}{fg=#363a4f bg=#1e2030}│{/}{fg=#cad3f5 bg=#24273a}                                          {/}{fg=#363a4f bg=#212435}│{/}{bg=#212435}                                 {/}
{fg=#cad3f5 bg=#1e2030} {/}{fg=#363a4f bg=#24273a}╰───────────────────╯{/}{fg=#cad3f5 bg=#1e2030} {/}{fg=#363a4f bg=#1e2030}│{/}{fg=#cad3f5 bg=#24273a}                                          {/}{fg=#363a4f bg=#212435}│{/}{bg=#212435}                                 {/}
{fg=#cad3f5 bg=#1e2030}                       {/}{fg=#363a4f bg=#1e2030}│{/}{fg=#cad3f5 bg=#24273a}                                          {/}{fg=#363a4f bg=#212435}│{/}{bg=#212435}                                 {/}
{bg=#24273a} {/}{fg=#a5adcb bg=#363a4f} ● normal {/}{fg=#6e738d bg=#24273a}  All tasks · 3 tasks{/}{bg=#24273a}             {/}{fg=#a5adcb bg=#24273a mod=bold}x{/}{fg=#6e738d bg=#24273a} done   {/}{fg=#a5adcb bg=#24273a mod=bold}e{/}{fg=#6e738d bg=#24273a} edit   {/}{fg=#a5adcb bg=#24273a mod=bold}r{/}{fg=#6e738d bg=#24273a} reschedule   {/}{fg=#a5adcb bg=#24273a mod=bold}Tab{/}{fg=#6e738d bg=#24273a} details   {/}{fg=#a5adcb bg=#24273a mod=bold}␣{/}{fg=#6e738d bg=#24273a} more… {/}
