---
source: tests/snapshots.rs
expression: buffer_to_text(&buf)
---
                           │  /tmp/tasq-snapshot.txt                 DETAIL                         
  ▣ tasq                   │  15 tasks  ·  sort: priority                                           
                           │  + filter                               priority  (A)                  
   ◉ Today              1  │                                         created   2026-05-01           
   ◷ Upcoming           6  │  PRIORITY A  2  ─────────────────────── due       2026-05-06  today    
   ≡ All tasks         15  │  1 ▎☐ ⚑ Finish Q2 board deck  ◷ due tod space     work                 
   ▦ Calendar              │  2  ☐ ⚑ Call dentist to reschedule clea tags      @laptop              
   ⌕ Search             /  │  PRIORITY B  3  ───────────────────────                                
                           │  3  ☐ ⚑ Review pull requests for auth r RAW                            
  SPACES                   │  4  ☐ ⚑ Renew passport before summer tr                                
   ● work               4  │  5  ☐ ⚑ Draft hiring rubric for senior  (A) 2026-05-01 Finish Q2 board 
   ● health             3  │  PRIORITY C  2  ─────────────────────── deck +work @laptop             
   ● finan╭──────────────────────────────────────────────────────────────────────────────╮          
   ● home │                                                                              │          
   ● learn│  > Buy milk  +groceries ▏                                              ↑     │          
   ● perso│                                                                              │          
   ● trave│                                  + groceries                                 │          
          │                                                                              │          
  FILTERS ╰──────────────────────────────────────────────────────────────────────────────╯          
   ⚑ High prio╭ PRIORITY ────────────╮d "Designing Data-Intensive Ap                                
   ★ Starred  │  (A)                 │d thank-you note to mentor @ho                                
   ◷ Overdue  │  (B)                 │n Saturday hike with K.  ● per                                
              │  (C)                 │lace bathroom faucet washer  ●                                
              │  clear               │                                                              
              │                      │                                                              
              │  jk move · Enter set │                                                              
              ╰──────────────────────╯                                                              
 ╭───────────────────────╮ │                                                                        
 │  Y  you ● file        │ │                                                                        
 ╰───────────────────────╯ │                                                                        
                           │                                                                        
   ● insert     type naturally: tomorrow at 6pm, every fri and sat, +project @context · Tab chips ·
