---
source: tests/snapshots.rs
expression: buffer_to_text(&buf)
---
 VIEWS                     ▶▮◀ /tmp/tasq-snapshot.txt  •  15 tasks DETAIL                           
   Today             1 1                                                                            
   Upcoming          6 2   (1)  TODAY  ─────────────────────────── priority  (A)                    
 ▸ All              15 3    1 ▸ (A) Finish Q2 board deck +work @la created   2026-05-01             
                           (2)  THIS WEEK  ─────────────────────── due       2026-05-06  today      
 SPACES                     2   (B) Review pull requests for auth  space     work                   
   work              4      3   (A) Call dentist to reschedule cle tags      @laptop                
   health            3     (2)  NEXT WEEK  ───────────────────────                                  
   finance           2      4       Migrate analytics to new pipel RAW                              
   home              1      5       Pay rent due:2026-05-15 rec:+1                                  
   learning          1     (2)  LATER  ─────────────────────────── (A) 2026-05-01 Finish Q2 board   
   personal          1      6   (B) Renew passport before summer t deck +work @laptop               
   travel            1      7   (C) Pay quarterly estimated taxes  due:2026-05-06                   
                           (8)  NO DUE DATE  ─────────────────────                                  
 TAGS                       8   (B) Draft hiring rubric for senior                                  
   @errands          4      9   (C) Order new running shoes +healt                                  
   @home             4     10       Pick up dry cleaning @errands                                   
   @laptop           4     11       Schedule annual physical @phon                                  
   @phone            3     12       Read "Designing Data-Intensive                                  
                           13       Send thank-you note to mentor                                   
                           14       Plan Saturday hike with K. @ph                                  
                           15       Replace bathroom faucet washer                                  
                                                                                                    
                                                                                                    
                                                                                                    
                                                                                                    
                                                                                                    
                                                                                                    
                                                                                                    
                                                                                                    
                                                                                                    
 NORMAL · sort: due   j/k · n new · r reschedule · x done · * star15 open · 2026-05-06 · tasq 0.0.0
