---
source: tests/snapshots.rs
expression: buffer_to_styled(&buf)
---
{fg=#cad3f5 bg=#1e2030}                       {/}{fg=#363a4f bg=#1e2030}│{/}{bg=#24273a} {/}{fg=#181926 bg=#c6a0f6 mod=bold} d Day {/}{bg=#24273a} {/}{fg=#6e738d bg=#24273a} w Week {/}{bg=#24273a} {/}{fg=#6e738d bg=#24273a} m Month {/}{bg=#24273a}   {/}{fg=#6e738d bg=#24273a}‹ {/}{fg=#cad3f5 bg=#24273a mod=bold}wednesday 6 may{/}{fg=#6e738d bg=#24273a} ›{/}{bg=#24273a}  {/}{fg=#6e738d bg=#24273a}6 tasks · 5h 30m planned{/}{bg=#24273a} {/}
{fg=#cad3f5 bg=#1e2030}  {/}{fg=#c6a0f6 bg=#1e2030}■{/}{fg=#cad3f5 bg=#1e2030} {/}{fg=#cad3f5 bg=#1e2030 mod=bold}tasq{/}{fg=#cad3f5 bg=#1e2030}               {/}{fg=#363a4f bg=#1e2030}│{/}{fg=#363a4f bg=#24273a}────────────────────────────────────────────────────────────────────────────{/}
{fg=#cad3f5 bg=#1e2030}                       {/}{fg=#363a4f bg=#1e2030}│{/}{fg=#6e738d bg=#24273a}all day {/}{fg=#ed8796 bg=#784f61 mod=bold} ◷ Finish Q2 board deck {/}{bg=#24273a} {/}{fg=#c6a0f6 bg=#484263} Plan the week {/}{bg=#24273a}                            {/}
{fg=#cad3f5 bg=#1e2030}   {/}{fg=#a5adcb bg=#1e2030}⌂{/}{fg=#cad3f5 bg=#1e2030} {/}{fg=#a5adcb bg=#1e2030}Home{/}{fg=#cad3f5 bg=#1e2030}              {/}{fg=#363a4f bg=#1e2030}│{/}{fg=#363a4f bg=#24273a}┄┄┄┄┄┄┄┄┄┄┄┄┄┄┄┄┄┄┄┄┄┄┄┄┄┄┄┄┄┄┄┄┄┄┄┄┄┄┄┄┄┄┄┄┄┄┄┄┄┄┄┄┄┄┄┄┄┄┄┄┄┄┄┄┄┄┄┄┄┄┄┄┄┄┄┄{/}
{fg=#cad3f5 bg=#1e2030}   {/}{fg=#a5adcb bg=#1e2030}▤{/}{fg=#cad3f5 bg=#1e2030} {/}{fg=#a5adcb bg=#1e2030}Inbox{/}{fg=#cad3f5 bg=#1e2030}          {/}{fg=#6e738d bg=#1e2030}9{/}{fg=#cad3f5 bg=#1e2030}  {/}{fg=#363a4f bg=#1e2030}│{/}{fg=#6e738d bg=#24273a}07:00  {/}{bg=#24273a} {/}{fg=#8bd5ca bg=#394a57}▎{/}{fg=#363a4f bg=#394a57} {/}{fg=#cad3f5 bg=#394a57 mod=bold}Gym · 07:00{/}{fg=#363a4f bg=#394a57}                                                       {/}
{fg=#cad3f5 bg=#1e2030}   {/}{fg=#a5adcb bg=#1e2030}◉{/}{fg=#cad3f5 bg=#1e2030} {/}{fg=#a5adcb bg=#1e2030}Today{/}{fg=#cad3f5 bg=#1e2030}          {/}{fg=#6e738d bg=#1e2030}6{/}{fg=#cad3f5 bg=#1e2030}  {/}{fg=#363a4f bg=#1e2030}│{/}{fg=#6e738d bg=#24273a}08:00  {/}{bg=#24273a} {/}{fg=#363a4f bg=#24273a}╌╌╌╌╌╌╌╌╌╌╌╌╌╌╌╌╌╌╌╌╌╌╌╌╌╌╌╌╌╌╌╌╌╌╌╌╌╌╌╌╌╌╌╌╌╌╌╌╌╌╌╌╌╌╌╌╌╌╌╌╌╌╌╌╌╌╌╌{/}
{fg=#cad3f5 bg=#1e2030}   {/}{fg=#a5adcb bg=#1e2030}◷{/}{fg=#cad3f5 bg=#1e2030} {/}{fg=#a5adcb bg=#1e2030}Upcoming{/}{fg=#cad3f5 bg=#1e2030}       {/}{fg=#6e738d bg=#1e2030}6{/}{fg=#cad3f5 bg=#1e2030}  {/}{fg=#363a4f bg=#1e2030}│{/}{bg=#24273a}                                                                            {/}
{fg=#cad3f5 bg=#1e2030} {/}{fg=#cad3f5 bg=#363a4f}  ▦ {/}{fg=#cad3f5 bg=#363a4f mod=bold}Calendar{/}{fg=#cad3f5 bg=#363a4f}         {/}{fg=#cad3f5 bg=#1e2030} {/}{fg=#363a4f bg=#1e2030}│{/}{fg=#6e738d bg=#24273a}09:00  {/}{bg=#24273a} {/}{fg=#f5a97f bg=#4e4148}▎{/}{fg=#363a4f bg=#4e4148} {/}{fg=#cad3f5 bg=#4e4148 mod=bold}Teoria AII{/}{fg=#363a4f bg=#4e4148}                                                        {/}
{fg=#cad3f5 bg=#1e2030}   {/}{fg=#a5adcb bg=#1e2030}✎{/}{fg=#cad3f5 bg=#1e2030} {/}{fg=#a5adcb bg=#1e2030}Notes{/}{fg=#cad3f5 bg=#1e2030}             {/}{fg=#363a4f bg=#1e2030}│{/}{bg=#24273a}        {/}{fg=#f5a97f bg=#4e4148}▎{/}{bg=#4e4148} {/}{fg=#f5a97f bg=#4e4148}09:00 – 11:00 · Uni › AII{/}{bg=#4e4148}                                         {/}
{fg=#cad3f5 bg=#1e2030}   {/}{fg=#a5adcb bg=#1e2030}⌕{/}{fg=#cad3f5 bg=#1e2030} {/}{fg=#a5adcb bg=#1e2030}Search{/}{fg=#cad3f5 bg=#1e2030}        {/}{fg=#6e738d bg=#1e2030}^K{/}{fg=#cad3f5 bg=#1e2030}  {/}{fg=#363a4f bg=#1e2030}│{/}{fg=#6e738d bg=#24273a}10:00  {/}{bg=#24273a} {/}{fg=#f5a97f bg=#4e4148}▎{/}{fg=#363a4f bg=#4e4148}                                                                   {/}
{fg=#cad3f5 bg=#1e2030}                       {/}{fg=#363a4f bg=#1e2030}│{/}{bg=#24273a}        {/}{fg=#f5a97f bg=#4e4148}▎{/}{bg=#4e4148}                                                                   {/}
{fg=#cad3f5 bg=#1e2030}  {/}{fg=#6e738d bg=#1e2030}SPACES{/}{fg=#cad3f5 bg=#1e2030}               {/}{fg=#363a4f bg=#1e2030}│{/}{fg=#6e738d bg=#24273a}11:00  {/}{bg=#24273a} {/}{fg=#363a4f bg=#24273a}╌╌╌╌╌╌╌╌╌╌╌╌╌╌╌╌╌╌╌╌╌╌╌╌╌╌╌╌╌╌╌╌╌╌╌╌╌╌╌╌╌╌╌╌╌╌╌╌╌╌╌╌╌╌╌╌╌╌╌╌╌╌╌╌╌╌╌╌{/}
{fg=#cad3f5 bg=#1e2030}   {/}{fg=#8aadf4 bg=#1e2030}●{/}{fg=#cad3f5 bg=#1e2030} {/}{fg=#a5adcb bg=#1e2030}work{/}{fg=#cad3f5 bg=#1e2030}           {/}{fg=#6e738d bg=#1e2030}4{/}{fg=#cad3f5 bg=#1e2030}  {/}{fg=#363a4f bg=#1e2030}│{/}{bg=#24273a}        {/}{fg=#8bd5ca bg=#394a57}▎{/}{bg=#394a57} {/}{fg=#cad3f5 bg=#394a57 mod=bold}Fisio · 11:30{/}{bg=#394a57}                                                     {/}
{fg=#cad3f5 bg=#1e2030}   {/}{fg=#b7bdf8 bg=#1e2030}●{/}{fg=#cad3f5 bg=#1e2030} {/}{fg=#a5adcb bg=#1e2030}health{/}{fg=#cad3f5 bg=#1e2030}         {/}{fg=#6e738d bg=#1e2030}3{/}{fg=#cad3f5 bg=#1e2030}  {/}{fg=#363a4f bg=#1e2030}│{/}{fg=#6e738d bg=#24273a}12:00  {/}{bg=#24273a} {/}{fg=#363a4f bg=#24273a}╌╌╌╌╌╌╌╌╌╌╌╌╌╌╌╌╌╌╌╌╌╌╌╌╌╌╌╌╌╌╌╌╌╌╌╌╌╌╌╌╌╌╌╌╌╌╌╌╌╌╌╌╌╌╌╌╌╌╌╌╌╌╌╌╌╌╌╌{/}
{fg=#cad3f5 bg=#1e2030}   {/}{fg=#8bd5ca bg=#1e2030}●{/}{fg=#cad3f5 bg=#1e2030} {/}{fg=#a5adcb bg=#1e2030}personal{/}{fg=#cad3f5 bg=#1e2030}       {/}{fg=#6e738d bg=#1e2030}3{/}{fg=#cad3f5 bg=#1e2030}  {/}{fg=#363a4f bg=#1e2030}│{/}{fg=#ed8796 bg=#24273a mod=bold}12:40 ●{/}{bg=#24273a} {/}{fg=#ed8796 bg=#24273a mod=bold}────────────────────────────────────────────────────────────────────{/}
{fg=#cad3f5 bg=#1e2030}   {/}{fg=#c6a0f6 bg=#1e2030}●{/}{fg=#cad3f5 bg=#1e2030} {/}{fg=#a5adcb bg=#1e2030}Uni{/}{fg=#cad3f5 bg=#1e2030}            {/}{fg=#6e738d bg=#1e2030}2{/}{fg=#cad3f5 bg=#1e2030}  {/}{fg=#363a4f bg=#1e2030}│{/}{bg=#24273a}                                                                            {/}
{fg=#cad3f5 bg=#1e2030}     {/}{fg=#f5a97f bg=#1e2030}●{/}{fg=#cad3f5 bg=#1e2030} {/}{fg=#a5adcb bg=#1e2030}AII{/}{fg=#cad3f5 bg=#1e2030}          {/}{fg=#6e738d bg=#1e2030}1{/}{fg=#cad3f5 bg=#1e2030}  {/}{fg=#363a4f bg=#1e2030}│{/}{fg=#6e738d bg=#24273a}14:00  {/}{bg=#24273a} {/}{fg=#363a4f bg=#24273a}╌╌╌╌╌╌╌╌╌╌╌╌╌╌╌╌╌╌╌╌╌╌╌╌╌╌╌╌╌╌╌╌╌╌╌╌╌╌╌╌╌╌╌╌╌╌╌╌╌╌╌╌╌╌╌╌╌╌╌╌╌╌╌╌╌╌╌╌{/}
{fg=#cad3f5 bg=#1e2030}     {/}{fg=#f5bde6 bg=#1e2030}●{/}{fg=#cad3f5 bg=#1e2030} {/}{fg=#a5adcb bg=#1e2030}TIS{/}{fg=#cad3f5 bg=#1e2030}          {/}{fg=#6e738d bg=#1e2030}1{/}{fg=#cad3f5 bg=#1e2030}  {/}{fg=#363a4f bg=#1e2030}│{/}{bg=#24273a}                                                                            {/}
{fg=#cad3f5 bg=#1e2030}   {/}{fg=#8bd5ca bg=#1e2030}●{/}{fg=#cad3f5 bg=#1e2030} {/}{fg=#a5adcb bg=#1e2030}finance{/}{fg=#cad3f5 bg=#1e2030}        {/}{fg=#6e738d bg=#1e2030}2{/}{fg=#cad3f5 bg=#1e2030}  {/}{fg=#363a4f bg=#1e2030}│{/}{fg=#6e738d bg=#24273a}15:00  {/}{bg=#24273a} {/}{fg=#363a4f bg=#24273a}╌╌╌╌╌╌╌╌╌╌╌╌╌╌╌╌╌╌╌╌╌╌╌╌╌╌╌╌╌╌╌╌╌╌╌╌╌╌╌╌╌╌╌╌╌╌╌╌╌╌╌╌╌╌╌╌╌╌╌╌╌╌╌╌╌╌╌╌{/}
{fg=#cad3f5 bg=#1e2030}   {/}{fg=#f5bde6 bg=#1e2030}●{/}{fg=#cad3f5 bg=#1e2030} {/}{fg=#a5adcb bg=#1e2030}home{/}{fg=#cad3f5 bg=#1e2030}           {/}{fg=#6e738d bg=#1e2030}1{/}{fg=#cad3f5 bg=#1e2030}  {/}{fg=#363a4f bg=#1e2030}│{/}{bg=#24273a}                                                                            {/}
{fg=#cad3f5 bg=#1e2030}   {/}{fg=#f5a97f bg=#1e2030}●{/}{fg=#cad3f5 bg=#1e2030} {/}{fg=#a5adcb bg=#1e2030}learning{/}{fg=#cad3f5 bg=#1e2030}       {/}{fg=#6e738d bg=#1e2030}1{/}{fg=#cad3f5 bg=#1e2030}  {/}{fg=#363a4f bg=#1e2030}│{/}{fg=#6e738d bg=#24273a}16:00  {/}{bg=#24273a} {/}{fg=#f5bde6 bg=#4e455c}▎{/}{fg=#363a4f bg=#4e455c} {/}{fg=#cad3f5 bg=#4e455c mod=bold}(A) Trabajo TIS{/}{fg=#363a4f bg=#4e455c}                                                   {/}
{fg=#cad3f5 bg=#1e2030}   {/}{fg=#c6a0f6 bg=#1e2030}●{/}{fg=#cad3f5 bg=#1e2030} {/}{fg=#a5adcb bg=#1e2030}travel{/}{fg=#cad3f5 bg=#1e2030}         {/}{fg=#6e738d bg=#1e2030}1{/}{fg=#cad3f5 bg=#1e2030}  {/}{fg=#363a4f bg=#1e2030}│{/}{bg=#24273a}        {/}{fg=#f5bde6 bg=#4e455c}▎{/}{bg=#4e455c} {/}{fg=#f5bde6 bg=#4e455c}16:00 – 18:00 · Uni › TIS{/}{bg=#4e455c}                                         {/}
{fg=#cad3f5 bg=#1e2030}                       {/}{fg=#363a4f bg=#1e2030}│{/}{fg=#6e738d bg=#24273a}17:00  {/}{bg=#24273a} {/}{fg=#f5bde6 bg=#4e455c}▎{/}{fg=#363a4f bg=#4e455c}                                                                   {/}
{fg=#cad3f5 bg=#1e2030}  {/}{fg=#6e738d bg=#1e2030}FILTERS{/}{fg=#cad3f5 bg=#1e2030}              {/}{fg=#363a4f bg=#1e2030}│{/}{fg=#6e738d bg=#24273a}18:00  {/}{bg=#24273a} {/}{fg=#363a4f bg=#24273a}╌╌╌╌╌╌╌╌╌╌╌╌╌╌╌╌╌╌╌╌╌╌╌╌╌╌╌╌╌╌╌╌╌╌╌╌╌╌╌╌╌╌╌╌╌╌╌╌╌╌╌╌╌╌╌╌╌╌╌╌╌╌╌╌╌╌╌╌{/}
{fg=#cad3f5 bg=#1e2030}   {/}{fg=#ed8796 bg=#1e2030}⚑{/}{fg=#cad3f5 bg=#1e2030} {/}{fg=#a5adcb bg=#1e2030}High priority{/}{fg=#cad3f5 bg=#1e2030}  {/}{fg=#6e738d bg=#1e2030}3{/}{fg=#cad3f5 bg=#1e2030}  {/}{fg=#363a4f bg=#1e2030}│{/}{bg=#24273a}                                                                            {/}
{fg=#cad3f5 bg=#1e2030}  {/}{fg=#6e738d bg=#1e2030}+2 more{/}{fg=#cad3f5 bg=#1e2030}              {/}{fg=#363a4f bg=#1e2030}│{/}{fg=#6e738d bg=#24273a}19:00  {/}{bg=#24273a} {/}{fg=#363a4f bg=#24273a}╌╌╌╌╌╌╌╌╌╌╌╌╌╌╌╌╌╌╌╌╌╌╌╌╌╌╌╌╌╌╌╌╌╌╌╌╌╌╌╌╌╌╌╌╌╌╌╌╌╌╌╌╌╌╌╌╌╌╌╌╌╌╌╌╌╌╌╌{/}
{fg=#cad3f5 bg=#1e2030} {/}{fg=#363a4f bg=#24273a}╭───────────────────╮{/}{fg=#cad3f5 bg=#1e2030} {/}{fg=#363a4f bg=#1e2030}│{/}{bg=#24273a}                                                                            {/}
{fg=#cad3f5 bg=#1e2030} {/}{fg=#363a4f bg=#24273a}│{/}{fg=#cad3f5 bg=#24273a} {/}{fg=#24273a bg=#f5a97f mod=bold} Y {/}{fg=#cad3f5 bg=#24273a} {/}{fg=#cad3f5 bg=#24273a mod=bold}you{/}{fg=#cad3f5 bg=#24273a}           {/}{fg=#363a4f bg=#24273a}│{/}{fg=#cad3f5 bg=#1e2030} {/}{fg=#363a4f bg=#1e2030}│{/}{fg=#6e738d bg=#24273a}20:00  {/}{bg=#24273a} {/}{fg=#363a4f bg=#24273a}╌╌╌╌╌╌╌╌╌╌╌╌╌╌╌╌╌╌╌╌╌╌╌╌╌╌╌╌╌╌╌╌╌╌╌╌╌╌╌╌╌╌╌╌╌╌╌╌╌╌╌╌╌╌╌╌╌╌╌╌╌╌╌╌╌╌╌╌{/}
{fg=#cad3f5 bg=#1e2030} {/}{fg=#363a4f bg=#24273a}│{/}{fg=#cad3f5 bg=#24273a}     {/}{fg=#a6da95 bg=#24273a}● todo.txt{/}{fg=#cad3f5 bg=#24273a}    {/}{fg=#363a4f bg=#24273a}│{/}{fg=#cad3f5 bg=#1e2030} {/}{fg=#363a4f bg=#1e2030}│{/}{bg=#24273a}                                                                            {/}
{fg=#cad3f5 bg=#1e2030} {/}{fg=#363a4f bg=#24273a}╰───────────────────╯{/}{fg=#cad3f5 bg=#1e2030} {/}{fg=#363a4f bg=#1e2030}│{/}{fg=#6e738d bg=#24273a}21:00  {/}{bg=#24273a} {/}{fg=#363a4f bg=#24273a}╌╌╌╌╌╌╌╌╌╌╌╌╌╌╌╌╌╌╌╌╌╌╌╌╌╌╌╌╌╌╌╌╌╌╌╌╌╌╌╌╌╌╌╌╌╌╌╌╌╌╌╌╌╌╌╌╌╌╌╌╌╌╌╌╌╌╌╌{/}
{fg=#cad3f5 bg=#1e2030}                       {/}{fg=#363a4f bg=#1e2030}│{/}{bg=#24273a}                                                                            {/}
{bg=#24273a} {/}{fg=#a5adcb bg=#363a4f} ● day {/}{bg=#24273a}  {/}{fg=#a5adcb bg=#24273a mod=bold}↑↓{/}{fg=#6e738d bg=#24273a} task   {/}{fg=#a5adcb bg=#24273a mod=bold}←→{/}{fg=#6e738d bg=#24273a} day   {/}{fg=#a5adcb bg=#24273a mod=bold}Enter{/}{fg=#6e738d bg=#24273a} edit   {/}{fg=#a5adcb bg=#24273a mod=bold}x{/}{fg=#6e738d bg=#24273a} done   {/}{fg=#a5adcb bg=#24273a mod=bold}D{/}{fg=#6e738d bg=#24273a} delete   {/}{fg=#a5adcb bg=#24273a mod=bold}n{/}{fg=#6e738d bg=#24273a} new   {/}{fg=#a5adcb bg=#24273a mod=bold}J/K{/}{fg=#6e738d bg=#24273a} move   {/}{fg=#a5adcb bg=#24273a mod=bold}Esc{/}{fg=#6e738d bg=#24273a} list   {/}{fg=#a5adcb bg=#24273a mod=bold}␣{/}{fg=#6e738d bg=#24273a} more… {/}
