---
source: tests/snapshots.rs
expression: buffer_to_text(&buf)
---
                           │  /tmp/tasq-snapshot.txt                │                               
  ▣ tasq                   │  15 tasks  ·  sort: priority           │  ⚑ Finish Q2 board deck       
                           │  + filter                              │                               
   ⌂ Home                  │                                        │  due       today              
   ▤ Inbox              3  │  PRIORITY A  2  ───────────────────────│  space     ● work             
   ◉ Today              1  │  1 ▎☐ ⚑ Finish Q2 board deck  ◷ due tod│  priority  ⚑ high             
   ◷ Upcoming           6  │  2  ☐ ⚑ Call dentist to reschedule clea│  tags      @laptop            
   ≡ All tasks         15  │  PRIORITY B  3  ───────────────────────│                               
   ▦ Calendar              │  3  ☐ ⚑ Review pull requests for auth r│  CHECKLIST                    
   ✎ Notes                 │  4  ☐ ⚑ Renew passport before summer tr│  + add item                   
   ⌕ Search             /  │  5  ☐ ⚑ Draft hiring rubric for senior │                               
   ⌫ Trash              0  │  PRIORITY C  2  ───────────────────────│                               
          ╭──────────────────────────────────────────────────────────────────────────────╮          
  SPACES  │                                                                              │          
   ● work │  > Water the plants  +home ▏                                           ↑     │          
   ● healt│                                                                              │          
   ● finan│     ▦       ◷       ⧗       ↻       ⇥       !      + home      @       ⚑     │          
   ● home │                                                                              │          
   ● learn╰──────────────────────────────────────────────────────────────────────────────╯          
   ● personal ╭ ↻ REPEAT ────────────────────────────────────────────────╮                          
   ● travel   │                                                          │                          
              │  every  1    day  business  week  month  year            │                          
  FILTERS     │                                                          │                          
   ⚑ High prio│  mode   strict   after-complete        next: Wed May 13  │                          
   ★ Starred  │                                                          │                          
   ◷ Overdue  │  → writes rec:+1w                                        │                          
              │                                                          │                          
 ╭────────────│  jk field · hl/+- change · Enter save · Esc cancel       │                          
 │  Y  you ● f╰──────────────────────────────────────────────────────────╯                          
 ╰───────────────────────╯ │                                        │                               
                           │                                        │                               
   ● insert     type naturally: tomorrow at 6pm, every fri and sat, +project @context · Tab chips ·
