---
source: tests/snapshots.rs
expression: buffer_to_styled(&buf)
---
{fg=#cad3f5 bg=#1e2030}                       {/}{fg=#363a4f bg=#1e2030}│{/}{bg=#24273a}                                          {/}{fg=#363a4f bg=#212435}│{/}{bg=#212435}                                 {/}
{fg=#cad3f5 bg=#1e2030}  {/}{fg=#c6a0f6 bg=#1e2030}■{/}{fg=#cad3f5 bg=#1e2030} {/}{fg=#cad3f5 bg=#1e2030 mod=bold}tasq{/}{fg=#cad3f5 bg=#1e2030}               {/}{fg=#363a4f bg=#1e2030}│{/}{bg=#24273a}  {/}{fg=#cad3f5 bg=#24273a mod=bold}All tasks{/}{fg=#6e738d bg=#24273a}  wednesday 6 may{/}{bg=#24273a}              {/}{fg=#363a4f bg=#212435}│{/}{bg=#212435}  {/}{fg=#6e738d bg=#212435}no task selected{/}{bg=#212435}               {/}
{fg=#cad3f5 bg=#1e2030}                       {/}{fg=#363a4f bg=#1e2030}│{/}{bg=#24273a}  {/}{fg=#6e738d bg=#24273a}0 tasks{/}{bg=#24273a}                                 {/}{fg=#363a4f bg=#212435}│{/}{bg=#212435}                                 {/}
{fg=#cad3f5 bg=#1e2030}   {/}{fg=#a5adcb bg=#1e2030}⌂{/}{fg=#cad3f5 bg=#1e2030} {/}{fg=#a5adcb bg=#1e2030}Home{/}{fg=#cad3f5 bg=#1e2030}              {/}{fg=#363a4f bg=#1e2030}│{/}{bg=#24273a}  {/}{fg=#6e738d bg=#24273a} + filter {/}{bg=#24273a}           {/}{fg=#6e738d bg=#24273a}sort · priority ▾  {/}{fg=#363a4f bg=#212435}│{/}{bg=#212435}                                 {/}
{fg=#cad3f5 bg=#1e2030}   {/}{fg=#a5adcb bg=#1e2030}◉{/}{fg=#cad3f5 bg=#1e2030} {/}{fg=#a5adcb bg=#1e2030}Today{/}{fg=#cad3f5 bg=#1e2030}          {/}{fg=#6e738d bg=#1e2030}0{/}{fg=#cad3f5 bg=#1e2030}  {/}{fg=#363a4f bg=#1e2030}│{/}{bg=#24273a}                                          {/}{fg=#363a4f bg=#212435}│{/}{bg=#212435}                                 {/}
{fg=#cad3f5 bg=#1e2030}   {/}{fg=#a5adcb bg=#1e2030}◷{/}{fg=#cad3f5 bg=#1e2030} {/}{fg=#a5adcb bg=#1e2030}Upcoming{/}{fg=#cad3f5 bg=#1e2030}       {/}{fg=#6e738d bg=#1e2030}0{/}{fg=#cad3f5 bg=#1e2030}  {/}{fg=#363a4f bg=#1e2030}│{/}{bg=#24273a}                                          {/}{fg=#363a4f bg=#212435}│{/}{bg=#212435}                                 {/}
{fg=#cad3f5 bg=#1e2030}   {/}{fg=#a5adcb bg=#1e2030}▦{/}{fg=#cad3f5 bg=#1e2030} {/}{fg=#a5adcb bg=#1e2030}Calendar{/}{fg=#cad3f5 bg=#1e2030}          {/}{fg=#363a4f bg=#1e2030}│{/}{bg=#24273a}                                          {/}{fg=#363a4f bg=#212435}│{/}{bg=#212435}                                 {/}
{fg=#cad3f5 bg=#1e2030}   {/}{fg=#a5adcb bg=#1e2030}✎{/}{fg=#cad3f5 bg=#1e2030} {/}{fg=#a5adcb bg=#1e2030}Notes{/}{fg=#cad3f5 bg=#1e2030}             {/}{fg=#363a4f bg=#1e2030}│{/}{bg=#24273a}                                          {/}{fg=#363a4f bg=#212435}│{/}{bg=#212435}                                 {/}
{fg=#cad3f5 bg=#1e2030}   {/}{fg=#a5adcb bg=#1e2030}⌕{/}{fg=#cad3f5 bg=#1e2030} {/}{fg=#a5adcb bg=#1e2030}Search{/}{fg=#cad3f5 bg=#1e2030}         {/}{fg=#6e738d bg=#1e2030}/{/}{fg=#cad3f5 bg=#1e2030} {/}{fg=#363a4f bg=#1e2030}╭ {/}{fg=#c6a0f6 bg=#1e2030 mod=bold}tasq{/}{fg=#6e738d bg=#1e2030} · welcome {/}{fg=#363a4f bg=#1e2030}──────────────────────────────────────╮{/}{bg=#212435}                      {/}
{fg=#cad3f5 bg=#1e2030}                      {/}{fg=#363a4f bg=#1e2030}│{/}{fg=#cad3f5 bg=#1e2030}                    {/}{fg=#c6a0f6 bg=#1e2030}██{/}{fg=#cad3f5 bg=#1e2030}          {/}{fg=#c6a0f6 bg=#1e2030}██{/}{fg=#cad3f5 bg=#1e2030}                    {/}{fg=#363a4f bg=#1e2030}│{/}{bg=#212435}                      {/}
{fg=#cad3f5 bg=#1e2030}  {/}{fg=#6e738d bg=#1e2030}FILTERS{/}{fg=#cad3f5 bg=#1e2030}             {/}{fg=#363a4f bg=#1e2030}│{/}{fg=#cad3f5 bg=#1e2030}                    {/}{fg=#c6a0f6 bg=#1e2030}████{/}{fg=#cad3f5 bg=#1e2030}  {/}{fg=#ed8796 bg=#1e2030}██{/}{fg=#cad3f5 bg=#1e2030}  {/}{fg=#c6a0f6 bg=#1e2030}████{/}{fg=#cad3f5 bg=#1e2030}                    {/}{fg=#363a4f bg=#1e2030}│{/}{bg=#212435}                      {/}
{fg=#cad3f5 bg=#1e2030}   {/}{fg=#ed8796 bg=#1e2030}⚑{/}{fg=#cad3f5 bg=#1e2030} {/}{fg=#a5adcb bg=#1e2030}High priority{/}{fg=#cad3f5 bg=#1e2030}  {/}{fg=#6e738d bg=#1e2030}0{/}{fg=#cad3f5 bg=#1e2030} {/}{fg=#363a4f bg=#1e2030}│{/}{fg=#cad3f5 bg=#1e2030}                    {/}{fg=#c6a0f6 bg=#1e2030}██████{/}{fg=#ed8796 bg=#1e2030}██{/}{fg=#c6a0f6 bg=#1e2030}██████{/}{fg=#cad3f5 bg=#1e2030}                    {/}{fg=#363a4f bg=#1e2030}│{/}{bg=#212435}                      {/}
{fg=#cad3f5 bg=#1e2030}   {/}{fg=#eed49f bg=#1e2030}★{/}{fg=#cad3f5 bg=#1e2030} {/}{fg=#a5adcb bg=#1e2030}Starred{/}{fg=#cad3f5 bg=#1e2030}        {/}{fg=#6e738d bg=#1e2030}0{/}{fg=#cad3f5 bg=#1e2030} {/}{fg=#363a4f bg=#1e2030}│{/}{fg=#cad3f5 bg=#1e2030}                    {/}{fg=#c6a0f6 bg=#1e2030}████{/}{fg=#cad3f5 bg=#1e2030}  {/}{fg=#ed8796 bg=#1e2030}██{/}{fg=#cad3f5 bg=#1e2030}  {/}{fg=#c6a0f6 bg=#1e2030}████{/}{fg=#cad3f5 bg=#1e2030}                    {/}{fg=#363a4f bg=#1e2030}│{/}{bg=#212435}                      {/}
{fg=#cad3f5 bg=#1e2030}   {/}{fg=#ed8796 bg=#1e2030}◷{/}{fg=#cad3f5 bg=#1e2030} {/}{fg=#a5adcb bg=#1e2030}Overdue{/}{fg=#cad3f5 bg=#1e2030}        {/}{fg=#6e738d bg=#1e2030}0{/}{fg=#cad3f5 bg=#1e2030} {/}{fg=#363a4f bg=#1e2030}│{/}{fg=#cad3f5 bg=#1e2030}                    {/}{fg=#c6a0f6 bg=#1e2030}██{/}{fg=#cad3f5 bg=#1e2030}          {/}{fg=#c6a0f6 bg=#1e2030}██{/}{fg=#cad3f5 bg=#1e2030}                    {/}{fg=#363a4f bg=#1e2030}│{/}{bg=#212435}                      {/}
{fg=#cad3f5 bg=#1e2030}                      {/}{fg=#363a4f bg=#1e2030}│{/}{fg=#cad3f5 bg=#1e2030}                                                      {/}{fg=#363a4f bg=#1e2030}│{/}{bg=#212435}                      {/}
{fg=#cad3f5 bg=#1e2030}                      {/}{fg=#363a4f bg=#1e2030}│{/}{fg=#cad3f5 bg=#1e2030}  no todo.txt in this folder yet                      {/}{fg=#363a4f bg=#1e2030}│{/}{bg=#212435}                      {/}
{fg=#cad3f5 bg=#1e2030}                      {/}{fg=#363a4f bg=#1e2030}│{/}{fg=#cad3f5 bg=#1e2030}                                                      {/}{fg=#363a4f bg=#1e2030}│{/}{bg=#212435}                      {/}
{fg=#cad3f5 bg=#1e2030}                      {/}{fg=#363a4f bg=#1e2030}│{/}{fg=#cad3f5 bg=#1e2030}   {/}{fg=#f5bde6 bg=#1e2030 mod=bold}c           {/}{fg=#cad3f5 bg=#1e2030}create ./todo.txt here                 {/}{fg=#363a4f bg=#1e2030}│{/}{bg=#212435}                      {/}
{fg=#cad3f5 bg=#1e2030}                      {/}{fg=#363a4f bg=#1e2030}│{/}{fg=#cad3f5 bg=#1e2030}   {/}{fg=#f5bde6 bg=#1e2030 mod=bold}s           {/}{fg=#cad3f5 bg=#1e2030}open the sample                        {/}{fg=#363a4f bg=#1e2030}│{/}{bg=#212435}                      {/}
{fg=#cad3f5 bg=#1e2030}                      {/}{fg=#363a4f bg=#1e2030}│{/}{fg=#cad3f5 bg=#1e2030}   {/}{fg=#f5bde6 bg=#1e2030 mod=bold}q / Ctrl-c  {/}{fg=#cad3f5 bg=#1e2030}quit                                   {/}{fg=#363a4f bg=#1e2030}│{/}{bg=#212435}                      {/}
{fg=#cad3f5 bg=#1e2030}                      {/}{fg=#363a4f bg=#1e2030}│{/}{fg=#cad3f5 bg=#1e2030}                                                      {/}{fg=#363a4f bg=#1e2030}│{/}{bg=#212435}                      {/}
{fg=#cad3f5 bg=#1e2030}                      {/}{fg=#363a4f bg=#1e2030}│{/}{fg=#cad3f5 bg=#1e2030}                                                      {/}{fg=#363a4f bg=#1e2030}│{/}{bg=#212435}                      {/}
{fg=#cad3f5 bg=#1e2030}                      {/}{fg=#363a4f bg=#1e2030}│{/}{fg=#cad3f5 bg=#1e2030}                                                      {/}{fg=#363a4f bg=#1e2030}│{/}{bg=#212435}                      {/}
{fg=#cad3f5 bg=#1e2030}                      {/}{fg=#363a4f bg=#1e2030}╰──────────────────────────────────────────────────────╯{/}{bg=#212435}                      {/}
{fg=#cad3f5 bg=#1e2030}                       {/}{fg=#363a4f bg=#1e2030}│{/}{bg=#24273a}                                          {/}{fg=#363a4f bg=#212435}│{/}{bg=#212435}                                 {/}
{fg=#cad3f5 bg=#1e2030}                       {/}{fg=#363a4f bg=#1e2030}│{/}{bg=#24273a}                                          {/}{fg=#363a4f bg=#212435}│{/}{bg=#212435}                                 {/}
{fg=#cad3f5 bg=#1e2030} {/}{fg=#363a4f bg=#24273a}╭───────────────────╮{/}{fg=#cad3f5 bg=#1e2030} {/}{fg=#363a4f bg=#1e2030}│{/}{bg=#24273a}                                          {/}{fg=#363a4f bg=#212435}│{/}{bg=#212435}                                 {/}
{fg=#cad3f5 bg=#1e2030} {/}{fg=#363a4f bg=#24273a}│{/}{fg=#cad3f5 bg=#24273a} {/}{fg=#24273a bg=#f5a97f mod=bold} Y {/}{fg=#cad3f5 bg=#24273a} {/}{fg=#cad3f5 bg=#24273a mod=bold}you{/}{fg=#cad3f5 bg=#24273a}           {/}{fg=#363a4f bg=#24273a}│{/}{fg=#cad3f5 bg=#1e2030} {/}{fg=#363a4f bg=#1e2030}│{/}{bg=#24273a}                                          {/}{fg=#363a4f bg=#212435}│{/}{bg=#212435}                                 {/}
{fg=#cad3f5 bg=#1e2030} {/}{fg=#363a4f bg=#24273a}│{/}{fg=#cad3f5 bg=#24273a}     {/}{fg=#a6da95 bg=#24273a}● todo.txt{/}{fg=#cad3f5 bg=#24273a}    {/}{fg=#363a4f bg=#24273a}│{/}{fg=#cad3f5 bg=#1e2030} {/}{fg=#363a4f bg=#1e2030}│{/}{bg=#24273a}                                          {/}{fg=#363a4f bg=#212435}│{/}{bg=#212435}                                 {/}
{fg=#cad3f5 bg=#1e2030} {/}{fg=#363a4f bg=#24273a}╰───────────────────╯{/}{fg=#cad3f5 bg=#1e2030} {/}{fg=#363a4f bg=#1e2030}│{/}{bg=#24273a}                                          {/}{fg=#363a4f bg=#212435}│{/}{bg=#212435}                                 {/}
{fg=#cad3f5 bg=#1e2030}                       {/}{fg=#363a4f bg=#1e2030}│{/}{bg=#24273a}                                          {/}{fg=#363a4f bg=#212435}│{/}{bg=#212435}                                 {/}
{bg=#24273a} {/}{fg=#a5adcb bg=#363a4f} ● welcome {/}{bg=#24273a}                                         {/}{fg=#a5adcb bg=#24273a mod=bold}c{/}{fg=#6e738d bg=#24273a} create ./todo.txt   {/}{fg=#a5adcb bg=#24273a mod=bold}s{/}{fg=#6e738d bg=#24273a} open sample   {/}{fg=#a5adcb bg=#24273a mod=bold}q{/}{fg=#6e738d bg=#24273a} quit   {/}
