---
source: tests/snapshots.rs
expression: buffer_to_text(&buf)
---
                       │                                          │                                 
  ■ tasq               │  All tasks  wednesday 6 may              │  Finish Q2 board deck           
                       │  15 tasks                                │                                 
   ⌂ Home              │   + filter            sort · priority ▾  │  due      today                 
   ▤ Inbox          3  │                                          │  space    ● work                
   ◉ Today          1  │  PRIORITY A ─────────────────────────────│  priority ⚑ high                
   ◷ Upcoming       6  │▎ ☐ ⚑ Finish Q2 board deck  ◷ due today   │  tags     @laptop               
   ▦ Calendar          │  ☐ ⚑ Call dentist to reschedule cleaning │                                 
   ✎ Notes             │  PRIORITY B ─────────────────────────────│                                 
   ⌕ Search         /  │  ☐ ⚑ Review pull requests for auth refact│                                 
                       │  ☐ ⚑ Renew passport before summer trip  ◷│                                 
  SPACES               │  ☐ ⚑ Draft hiring rubric for senior eng  │                                 
   ● work ╭──────────────────────────────────────────────────────────────────────────────╮          
   ● healt│                                                                              │          
   ● finan│  > Water the plants  +home ▏                                           ↑     │          
   ● home │                                                                              │          
   ● learn│     ▦       ◷       ⧗       ↻       ⇥       !      + home      @       ⚑     │          
   ● perso│                                                                              │          
   ● trave╰──────────────────────────────────────────────────────────────────────────────╯          
              ╭ ↻ REPEAT ────────────────────────────────────────────────╮                          
  FILTERS     │                                                          │                          
   ⚑ High prio│  every  1    day  business  week  month  year            │                          
   ★ Starred  │                                                          │                          
   ◷ Overdue  │  mode   strict   after-complete        next: Wed May 13  │                          
              │                                                          │                          
              │  → writes rec:+1w                                        │                          
 ╭────────────│                                                          │                          
 │  Y  you    │  jk field · hl/+- change · Enter save · Esc cancel       │                          
 │     ● todo.╰──────────────────────────────────────────────────────────╯                          
 ╰───────────────────╯ │                                          │                                 
                       │                                          │                                 
  ● insert  type naturally: tomorrow at 6pm, every fri and sat, +project @context   Tab chips   Ctrl
