---
source: tests/snapshots.rs
expression: buffer_to_text(&buf)
---
                       │                                          │                                 
  ■ tasq               │  ● work                                  │  Finish Q2 board deck           
                       │  4 tasks                                 │                                 
   ⌂ Home              │  ╭─────────────────────────────────────╮ │  due      today                 
   ▤ Inbox          9  │  │ ╭─────────────────────────────────╮ │ │  space    ● work                
   ◉ Today          1  │  │ │ ⌕ e▏                            │ │─│  priority ⚑ high                
   ◷ Upcoming       6  │▎ │ ╰─────────────────────────────────╯ │ │  tags     @laptop               
   ▦ Calendar          │  │  SPACES                             │─│                                 
   ✎ Notes             │  │  ● health                        3  │t│                                 
   ⌕ Search        ^K  │  │  ● finance                       2  │ │                                 
                       │  │  ● home                          1  │─│                                 
  SPACES               │  │  ● learning                      1  │b│                                 
   ● work           4  │  │  ● personal                      1  │ │                                 
   ● health         3  │  │  ● travel                        1  │ │                                 
   ● finance        2  │  │  TAGS                               │ │                                 
   ● home           1  │  │  @ errands                       4  │ │                                 
   ● learning       1  │  │  @ home                          4  │ │                                 
   ● personal       1  │  │  @ phone                         3  │ │                                 
   ● travel         1  │  │  WHEN                               │ │                                 
                       │  │  ◷ due today                     1  │ │                                 
  FILTERS              │  │  ◷ due within a week             3  │ │                                 
   ⚑ High priority  2  │  │  ◷ due within a month            6  │ │                                 
   ★ Starred        0  │  │  ◷ overdue                       7  │ │                                 
   ◷ Overdue        7  │  │  PRIORITY                           │ │                                 
                       │  │  ★ starred                       0  │ │                                 
                       │  │  TEXT                               │ │                                 
 ╭───────────────────╮ │  │  ⌕ tasks with “e”               16  │ │                                 
 │  Y  you           │ │  │  SAVE                               │ │                                 
 │     ● todo.txt    │ │  │  + Save "work" as a view…           │ │                                 
 ╰───────────────────╯ │  ╰──────────────────────────────────↓──╯ │                                 
                       │                                          │                                 
  ● filter                  type to search   ↑↓ move   Enter add/remove   ⌫ drop last   Esc close
