---
source: tests/snapshots.rs
expression: buffer_to_text(&buf)
---
                           │  /tmp/tasq-snapshot.txt                │                               
  ▣ tasq                   │  15 tasks  ·  sort: priority           │  ⚑ Finish Q2 board deck       
                           │  + filter                              │                               
   ◉ Today              1  │                                        │  due       today              
   ◷ Upcoming           6  │  PRIORITY A  2  ───────────────────────│  space     ● work             
   ≡ All tasks         15  │  1 [x] ▎☐ ⚑ Finish Q2 board deck  ◷ due│  priority  ⚑ high             
   ▦ Calendar       ╭ tasq · command ──────────────────────────────────────────╮ @laptop            
   ⌕ Search         │ > █                                                      │                    
                    │──────────────────────────────────────────────────────────│                    
  SPACES            │ ▶ new task                                             n │m                   
   ● work           │   edit current task (normal mode)                      e │                    
   ● health         │   edit current task (insert mode)                      i │                    
   ● finance        │   toggle complete                                      x │                    
   ● home           │   delete task                                         dd │                    
   ● learning       │   cycle priority                                       p │                    
   ● personal       │   star / unstar task (top of its priority)             * │                    
   ● travel         │   move task down                                       J │                    
                    │   move task up                                         K │                    
  FILTERS           │   add project to current task                          + │                    
   ⚑ High priority  │   add or remove context on current task                c │                    
   ★ Starred        │   copy line to clipboard                              yy │                    
   ◷ Overdue        │   copy body to clipboard                              yb │                    
                    │   open task notes                                      o │                    
                    │   undo                                                 u │                    
                    │  ↑↓ / Ctrl-N/P navigate · Enter run · Esc cancel         │                    
                    ╰──────────────────────────────────────────────────────────╯                    
                           │                                        │                               
 ╭───────────────────────╮ │                                        │                               
 │  Y  you ● file        │ │                                        │                               
 ╰───────────────────────╯ │                                        │                               
                           │                                        │                               
   ● command    2 selected   type to filter · Enter run · Esc cancel
