---
source: tests/snapshots.rs
expression: buffer_to_text(&buf)
---
                           │  /tmp/tasq-snapshot.txt                 DETAIL                         
  ▣ tasq                   │  15 tasks  ·  sort: priority                                           
                           │  + filter                               priority  (A)                  
   ◉ Today              1  │                                         created   2026-05-01           
   ◷ Upcoming           6  │  PRIORITY A  2  ─────────────────────── due       2026-05-06  today    
   ≡ All tasks         15  │  1 ▎☐ ⚑ Finish Q2 board deck  ◷ due tod space     work                 
   ▦ Calendar              │  2  ☐ ⚑ Call dentist to reschedule clea tags      @laptop              
   ⌕ Search             /  │  PRIORITY B  3  ───────────────────────                                
                           │  3  ☐ ⚑ Review pull requests for auth r RAW                            
  SPACES                   │  4  ☐ ⚑ Renew passport before summer tr                                
   ● work               4  │  5  ☐ ⚑ Draft hiring rubric for senior  (A) 2026-05-01 Finish Q2 board 
   ● health             3  │  PRIORITY C  2  ─────────────────────── deck +work @laptop             
   ● finan╭──────────────────────────────────────────────────────────────────────────────╮          
   ● home │                                                                              │          
   ● learn│  > ⚑ (A) Buy milk  +groceries   @errands  ⇥ due:2026-05-10▏            ↑     │          
   ● perso│                                                                              │          
   ● trave│            ⇥ by sun 10 may     + groceries     @ errands     ⚑ (A)           │          
          │                                                                              │          
  FILTERS ╰──────────────────────────────────────────────────────────────────────────────╯          
   ⚑ High priority      2  │ 12  ☐ Read "Designing Data-Intensive Ap                                
   ★ Starred            0  │ 13  ☐ Send thank-you note to mentor @ho                                
   ◷ Overdue            7  │ 14  ☐ Plan Saturday hike with K.  ● per                                
                           │ 15  ☐ Replace bathroom faucet washer  ●                                
                           │                                                                        
                           │                                                                        
                           │                                                                        
                           │                                                                        
 ╭───────────────────────╮ │                                                                        
 │  Y  you ● file        │ │                                                                        
 ╰───────────────────────╯ │                                                                        
                           │                                                                        
   ● insert     type naturally: tomorrow at 6pm, every fri and sat, +project @context · Tab chips ·
