---
source: tests/snapshots.rs
expression: buffer_to_text(&buf)
---
                           │  /tmp/tasq-snapshot.txt                │                               
  ▣ tasq                   │  15 tasks  ·  sort: priority           │  ⚑ Finish Q2 board deck       
                           │  + filter                              │                               
   ◉ Today              1  │                                        │  due       today              
   ◷ Upcoming           6  │  PRIORITY A  2  ───────────────────────│  space     ● work             
   ≡ All tasks         15  │  1 ▎☐ ⚑ Finish Q2 board deck  ◷ due tod│  priority  ⚑ high             
   ▦ Calendar              │  2  ☐ ⚑ Call dentist to reschedule clea│  tags      @laptop            
   ⌕ Search             /  │  PRIORITY B  3  ───────────────────────│                               
                           │  3  ☐ ⚑ Review pull requests for auth r│  CHECKLIST                    
  SPACES                   │  4  ☐ ⚑ Renew passport before summer tr│  + add item                   
   ● work               4  │  5  ☐ ⚑ Draft hiring rubric for senior │                               
   ● health             3  │  PRIORITY C  2  ───────────────────────│                               
   ● finan╭──────────────────────────────────────────────────────────────────────────────╮          
   ● home │                                                                              │          
   ● learn│  > Pay rent  +home   @bank  ▦ plan:2026-06-01 ↻ rec:+1m ◐ t:-3d▏       ↑     │          
   ● perso│                                                                              │          
   ● trave│         ▦ mon 1 jun     ↻ every month     + home     @ bank     ◐ -3d        │          
          │                                                                              │          
  FILTERS ╰──────────────────────────────────────────────────────────────────────────────╯          
   ⚑ High priority      2  │ 12  ☐ Read "Designing Data-Intensive Ap│                               
   ★ Starred            0  │ 13  ☐ Send thank-you note to mentor @ho│                               
   ◷ Overdue            7  │ 14  ☐ Plan Saturday hike with K.  ● per│                               
                           │ 15  ☐ Replace bathroom faucet washer  ●│                               
                           │                                        │                               
                           │                                        │                               
                           │                                        │                               
                           │                                        │                               
 ╭───────────────────────╮ │                                        │                               
 │  Y  you ● file        │ │                                        │                               
 ╰───────────────────────╯ │                                        │                               
                           │                                        │                               
   ● normal     h/l navigate · w/b/e word · i/a insert · Enter save · Esc cancel
