---
source: tests/snapshots.rs
expression: buffer_to_text(&buf)
---
                             │                                                                      
   Y  you                    │  Sync & calendars                                                    
      ● file                 │                                                                      
                             │  ╭────────────────────────────────────────────────────────────────╮  
 ▎ Sync & calendars          │  │ SYNC                                                           │  
   Appearance                │  │  Sync               end-to-end encrypted sync · coming soon    │  
   Lists                     │  │  This device        ● plain todo.txt                           │  
   Capture                   │  ╰────────────────────────────────────────────────────────────────╯  
   Data & trash              │                                                                      
   Keys                      │  ╭────────────────────────────────────────────────────────────────╮  
   About                     │  │ CONNECTED CALENDARS                                            │  
                             │  │  Google Calendar    coming soon                                │  
                             │  │  Apple Calendar     coming soon                                │  
                             │  │  Local .ics feed    coming soon                                │  
                             │  ╰────────────────────────────────────────────────────────────────╯  
                             │                                                                      
                             │                                                                      
                             │                                                                      
                             │                                                                      
                             │                                                                      
                             │                                                                      
                             │                                                                      
                             │                                                                      
                             │                                                                      
                             │                                                                      
                             │                                                                      
                             │                                                                      
                             │                                                                      
                             │                                                                      
                             │                                                                      
                             │  ↑↓ sections · → or Enter open · Esc close                           
   ● settings     Esc back
