---
source: tests/snapshots.rs
expression: buffer_to_text(&buf)
---
 VIEWS                     ▶▮◀ /tmp/tasq-snapshot.txt  •  15 tasks DETAIL                           
   Today             1 1                                                                            
   Upcoming          6 2   (2)  PRIORITY A  ────────────────────── priority  (A)                    
 ▸ All              15 3    1 ▸ ⚑ Finish Q2 board deck  ◷ due toda created   2026-05-01             
                            2   ⚑ Call dentist to reschedule clean due       2026-05-06  today      
 SPACES                    (3)  PRIORITY B  ────────────────────── space     work                   
   ● work            4      3   ⚑ Review pull requests for auth re tags      @laptop                
   ● health          3      4   ⚑ Renew passport before summer tri                                  
   ● finance         2      5   ⚑ Draft hiring rubric for senior e RAW                              
   ● home            1     (2)  PRIORITY C  ──────────────────────                                  
   ● learning        1      6   ⚑ Pay quarterly estimated taxes  ◷ (A) 2026-05-01 Finish Q2 board   
   ● personal        1      7   ⚑ Order new running shoes  ● healt deck +work @laptop               
   ● trave╭──────────────────────────────────────────────────────────────────────────────╮          
          │                                                                              │          
 TAGS     │  > ⚑ (A) Renew passport before summer trip  +travel   @errands ▏       ↑     │          
   @errand│                                                                              │          
   @home  │    + travel     @ errands     ⚑ (A)                                          │          
   @laptop│                                                                              │          
   @phone ╰──────────────────────────────────────────────────────────────────────────────╯          
              ╭ DUE ───────────────────────────────────────────╮pe                                  
              │  ‹  May 2026  ›                                │                                    
              │    S   M   T   W   T   F   S                   │                                    
              │                        1   2                   │                                    
              │    3   4   5   6   7   8   9                   │                                    
              │   10  11  12  13  14  15  16                   │                                    
              │   17  18  19  20  21  22  23                   │                                    
              │   24  25  26  27  28  29  30                   │                                    
              │   31                                           │                                    
              │                                                │                                    
              │  Thu May 7                                     │                                    
              │  t today · T tmw · w +1w · m +1mo · x clear    │                                    
 INSERT   type╰────────────────────────────────────────────────╯ro15 open · 2026-05-06 · tasq 0.0.0
