---
source: tests/snapshots.rs
expression: buffer_to_text(&buf)
---
                       │                                          │                                 
  ■ tasq               │  All tasks  wednesday 6 may              │  Finish Q2 board deck           
                       │  15 tasks                                │                                 
   ⌂ Home              │   + filter            sort · priority ▾  │  due      today                 
   ▤ Inbox          3  │                                          │  space    ● work                
   ◉ Today          1  │  PRIORITY A ─────────────────────────────│  priority ⚑ high                
   ◷ Upcoming       6  │▎ ☐ ⚑ Finish Q2 board deck  ◷ due today   │  tags     @laptop               
   ▦ Calendar          │  ☐ ⚑ Call dentist to reschedule cleaning │                                 
   ✎ Notes             │  PRIORITY B ─────────────────────────────│                                 
   ⌕ Search        ^K  │  ☐ ⚑ Review pull requests for auth refact│                                 
                       │  ☐ ⚑ Renew passport before summer trip  ◷│                                 
  SPACES               │  ☐ ⚑ Draft hiring rubric for senior eng  │                                 
   ● work ╭──────────────────────────────────────────────────────────────────────────────╮          
   ● healt│                                                                              │          
   ● finan│  > Buy milk  +groceries ▏                                              ↑     │          
   ● home │                                                                              │          
   ● learn│                                  + groceries                                 │          
   ● perso│                                                                              │          
   ● trave╰──────────────────────────────────────────────────────────────────────────────╯          
              ╭ PRIORITY ────────────╮nnual physical  ● health  @p│                                 
  FILTERS     │  (A)                 │gning Data-Intensive Applica│                                 
   ⚑ High prio│  (B)                 │-you note to mentor @home   │                                 
   ★ Starred  │  (C)                 │day hike with K.  ● personal│                                 
   ◷ Overdue  │  clear               │throom faucet washer  ● home│                                 
              │                      │                            │                                 
              │  jk move · Enter set │                            │                                 
 ╭────────────╰──────────────────────╯                            │                                 
 │  Y  you           │ │                                          │                                 
 │     ● todo.txt    │ │                                          │                                 
 ╰───────────────────╯ │                                          │                                 
                       │                                          │                                 
  ● insert  type naturally: tomorrow at 6pm, every fri and sat, +project @context   Tab chips   Ctrl
