---
source: tests/snapshots.rs
expression: buffer_to_text(&buf)
---
                           │  /tmp/tasq-snapshot.txt                 DETAIL                         
  ▣ tasq                   │  15 tasks  ·  sort: priority                                           
                           │  + filter                               priority  (A)                  
   ◉ Today              1  │                                         created   2026-05-01           
   ◷ Upcoming           6  │  PRIORITY A  2  ─────────────────────── due       2026-05-06  today    
   ≡ All tasks         15  │  1 ▎☐ ⚑ Finish Q2 board deck  ◷ due tod space     work                 
   ▦ Calendar              │  2  ☐ ⚑ Call dentist to reschedule clea tags      @laptop              
   ⌕ Search             /  │  PRIORITY B  3  ───────────────────────                                
                           │  3  ☐ ⚑ Review pull requests for auth r RAW                            
  SPACES                   │  4  ☐ ⚑ Renew passport before summer tr                                
   ● work               4  │  5  ☐ ⚑ Draft hiring rubric for senior  (A) 2026-05-01 Finish Q2 board 
   ● health             3  │  PRIORITY C  2  ─────────────────────── deck +work @laptop             
   ● finance            2  │  6  ☐ ⚑ Pay quarterly estimated taxes   due:2026-05-06                 
   ● home               1  │  7  ☐ ⚑ Order new running shoes  ● heal                                
   ● learning           1  │  NO PRIORITY  8  ──────────────────────                                
   ● personal           1  │  8  ☐ Migrate analytics to new pipeline                                
   ● travel             1  │  9  ☐ Pay rent  ◷ by fri 15 may   ↻ eve                                
                           │ 10  ☐ Pick up dry cleaning @errands                                    
  FILTERS                  │ 11  ☐ Schedule annual physical  ● healt                                
   ⚑ High priority      2  │ 12  ☐ Read "Designing Data-Intensive Ap                                
   ★ Starred            0  │ 13  ☐ Send thank-you note to mentor @ho                                
   ◷ Overdue            7  │ 14  ☐ Plan Saturday hike with K.  ● per                                
                           │ 15  ☐ Replace bathroom faucet washer  ●                                
                           │                                                                        
                           │                                                                        
                           │                                                                        
                           │                                                                        
 ╭───────────────────────╮ │                                                                        
 │  Y  you ● file        │ │                                                                        
 ╰───────────────────────╯ │                                                                        
                           │                                                                        
   ● normal     x done · e edit · r reschedule · Tab sidebar                                 ␣ menu
