---
source: tests/snapshots.rs
expression: buffer_to_text(&buf)
---
                           │  /tmp/tasq-snapshot.txt                │                               
  ▣ tasq                   │  15 tasks  ·  sort: priority           │  ⚑ Finish Q2 board deck       
                           │  + filter                              │                               
   ◉ Today              1  │                                        │  due       today              
   ◷ Upcoming           6  │  PRIORITY A  2  ───────────────────────│  space     ● work             
   ≡ All tasks         15  │  1 ▎☐ ⚑ Finish Q2 board deck  ◷ due tod│  priority  ⚑ high             
   ▦ Calendar              │  2  ☐ ⚑ Call dentist to reschedule clea│  tags      @laptop            
   ⌕ Search             /  │  PRIORITY B  3  ───────────────────────│                               
                           │  3  ☐ ⚑ Review pull requests for auth r│  CHECKLIST                    
  SPACES                   │  4  ☐ ⚑ Renew passport before summer tr│  + add item                   
   ● work               4  │  5  ☐ ⚑ Draft hiring rubric for senior │                               
   ● health             3  │  PRIORITY C  2  ───────────────────────│                               
   ● finan╭──────────────────────────────────────────────────────────────────────────────╮          
   ● home │                                                                              │          
   ● learn│  > Buy milk  +groceries ▏                                              ↑     │          
   ● perso│                                                                              │          
   ● trave│                                  + groceries                                 │          
          │                                                                              │          
  FILTERS ╰──────────────────────────────────────────────────────────────────────────────╯          
   ⚑ High prio╭ PRIORITY ────────────╮d "Designing Data-Intensive Ap│                               
   ★ Starred  │  (A)                 │d thank-you note to mentor @ho│                               
   ◷ Overdue  │  (B)                 │n Saturday hike with K.  ● per│                               
              │  (C)                 │lace bathroom faucet washer  ●│                               
              │  clear               │                              │                               
              │                      │                              │                               
              │  jk move · Enter set │                              │                               
              ╰──────────────────────╯                              │                               
 ╭───────────────────────╮ │                                        │                               
 │  Y  you ● file        │ │                                        │                               
 ╰───────────────────────╯ │                                        │                               
                           │                                        │                               
   ● insert     type naturally: tomorrow at 6pm, every fri and sat, +project @context · Tab chips ·
