---
source: tests/snapshots.rs
expression: buffer_to_text(&buf)
---
                       │                                          │                                 
  ■ tasq               │  All tasks  wednesday 6 may              │  Finish Q2 board deck           
                       │  15 tasks                                │                                 
   ⌂ Home              │   + filter            sort · priority ▾  │  due      today                 
   ▤ Inbox          3  │                                          │  space    ● work                
   ◉ Today          1  │  PRIORITY A ─────────────────────────────│  priority ⚑ high                
   ◷ Upcoming       6  │▎ ☐ ⚑ Finish Q2 board deck  ◷ due today   │  tags     @laptop               
   ▦ Calendar          │  ☐ ⚑ Call dentist to reschedule cleaning │                                 
   ✎ Notes             │                                          │                                 
   ⌕ Search        ^K  │  PRIORITY B ─────────────────────────────│                                 
                       │  ☐ ⚑ Review pull requests for auth refact│                                 
  SPACES               │  ☐ ⚑ Renew passport before summer trip  ◷│                                 
   ● work ╭──────────────────────────────────────────────────────────────────────────────╮          
   ● healt│                                                                              │          
   ● finan│  > Pay rent  +home   @bank  ▦ plan:2026-06-01 ↻ rec:+1m ◐ t:-3d▏       ↑     │          
   ● home │                                                                              │          
   ● learn│         ▦ mon 1 jun     ↻ every month     + home     @ bank     ◐ -3d        │          
   ● perso│                                                                              │          
   ● trave╰──────────────────────────────────────────────────────────────────────────────╯          
                       │  ☐ Migrate analytics to new pipeline  ◷ b│                                 
  FILTERS              │  ☐ Pay rent  ◷ by fri 15 may   ↻ every mo│                                 
   ⚑ High priority  2  │  ☐ Pick up dry cleaning @errands         │                                 
   ★ Starred        0  │  ☐ Schedule annual physical  ● health  @p│                                 
   ◷ Overdue        7  │  ☐ Read "Designing Data-Intensive Applica│                                 
                       │  ☐ Send thank-you note to mentor @home   │                                 
                       │  ☐ Plan Saturday hike with K.  ● personal│                                 
 ╭───────────────────╮ │  ☐ Replace bathroom faucet washer  ● home│                                 
 │  Y  you           │ │                                          │                                 
 │     ● todo.txt    │ │                                          │                                 
 ╰───────────────────╯ │                                          │                                 
                       │                                          │                                 
  ● normal                       h/l navigate   w/b/e word   i/a insert   Enter save   Esc cancel
