---
source: tests/snapshots.rs
expression: buffer_to_text(&buf)
---
                       │                                          │                                 
  ■ tasq               │  All tasks  wednesday 6 may              │  Finish Q2 board deck           
                       │  15 tasks                                │                                 
   ⌂ Home              │   + filter            sort · priority ▾  │  due      today                 
   ▤ Inbox          9  │                                          │  space    ● work                
   ◉ Today          1  │  PRIORITY A ─────────────────────────────│  priority ⚑ high                
   ◷ Upcoming       ╭ tasq · command ──────────────────────────────────────────╮aptop               
   ▦ Calendar       │ > arch█  4 matches                                       │                    
   ✎ Notes          │──────────────────────────────────────────────────────────│                    
   ⌕ Search        ^│ ▶ archive completed tasks                              A │                    
                    │   toggle archive view                                  a │                    
  SPACES            │   fuzzy search                                         / │                    
   ● work           │   search tasks, notes and spaces                  Ctrl-K │                    
   ● health         │                                                          │                    
   ● finance        │                                                          │                    
   ● home           │                                                          │                    
   ● learning       │                                                          │                    
   ● personal       │                                                          │                    
   ● travel         │                                                          │                    
                    │                                                          │                    
  FILTERS           │                                                          │                    
   ⚑ High priority  │                                                          │                    
   ★ Starred        │                                                          │                    
   ◷ Overdue        │                                                          │                    
                    │  ↑↓ / Ctrl-N/P navigate · Enter run · Esc cancel         │                    
                    ╰──────────────────────────────────────────────────────────╯                    
 ╭───────────────────╮ │                                          │                                 
 │  Y  you           │ │                                          │                                 
 │     ● todo.txt    │ │                                          │                                 
 ╰───────────────────╯ │                                          │                                 
                       │                                          │                                 
  ● command                                               type to filter   Enter run   Esc cancel
