---
source: tests/snapshots.rs
expression: buffer_to_styled(&buf)
---
{fg=#2a2f38 bg=#1f232b}                             │{/}{bg=#1a1d23}                                                                      {/}
{fg=#2a2f38 bg=#1f232b}  {/}{fg=#1a1d23 bg=#d4b06a mod=bold} Y {/}{fg=#2a2f38 bg=#1f232b} {/}{fg=#c8ccd4 bg=#1f232b mod=bold}you{/}{fg=#2a2f38 bg=#1f232b}                    │{/}{bg=#1a1d23}  {/}{fg=#c8ccd4 bg=#1a1d23 mod=bold}Sync & calendars{/}{bg=#1a1d23}                                                    {/}
{fg=#2a2f38 bg=#1f232b}      {/}{fg=#7aa67a bg=#1f232b}● file{/}{fg=#2a2f38 bg=#1f232b}                 │{/}{bg=#1a1d23}                                                                      {/}
{fg=#2a2f38 bg=#1f232b}                             │{/}{bg=#1a1d23}  {/}{fg=#2a2f38 bg=#1f232b}╭────────────────────────────────────────────────────────────────╮{/}{bg=#1a1d23}  {/}
{fg=#2a2f38 bg=#1f232b} {/}{fg=#8aa9c9 bg=#37404e}▎{/}{fg=#2a2f38 bg=#37404e} {/}{fg=#c8ccd4 bg=#37404e mod=bold}Sync & calendars{/}{fg=#2a2f38 bg=#37404e}         {/}{fg=#2a2f38 bg=#1f232b} │{/}{bg=#1a1d23}  {/}{fg=#2a2f38 bg=#1f232b}│ {/}{fg=#6b7280 bg=#1f232b mod=bold}SYNC{/}{fg=#2a2f38 bg=#1f232b}                                                           │{/}{bg=#1a1d23}  {/}
{fg=#2a2f38 bg=#1f232b}   {/}{fg=#a8b0bc bg=#1f232b}Appearance{/}{fg=#2a2f38 bg=#1f232b}                │{/}{bg=#1a1d23}  {/}{fg=#2a2f38 bg=#1f232b}│  {/}{fg=#6b7280 bg=#1f232b}Sync{/}{fg=#2a2f38 bg=#1f232b}               {/}{fg=#6b7280 bg=#1f232b}end-to-end encrypted sync · coming soon{/}{fg=#2a2f38 bg=#1f232b}    │{/}{bg=#1a1d23}  {/}
{fg=#2a2f38 bg=#1f232b}   {/}{fg=#a8b0bc bg=#1f232b}Lists{/}{fg=#2a2f38 bg=#1f232b}                     │{/}{bg=#1a1d23}  {/}{fg=#2a2f38 bg=#1f232b}│  {/}{fg=#c8ccd4 bg=#1f232b}This device{/}{fg=#2a2f38 bg=#1f232b}        {/}{fg=#a8b0bc bg=#1f232b}● plain todo.txt{/}{fg=#2a2f38 bg=#1f232b}                           │{/}{bg=#1a1d23}  {/}
{fg=#2a2f38 bg=#1f232b}   {/}{fg=#a8b0bc bg=#1f232b}Capture{/}{fg=#2a2f38 bg=#1f232b}                   │{/}{bg=#1a1d23}  {/}{fg=#2a2f38 bg=#1f232b}╰────────────────────────────────────────────────────────────────╯{/}{bg=#1a1d23}  {/}
{fg=#2a2f38 bg=#1f232b}   {/}{fg=#a8b0bc bg=#1f232b}Data & trash{/}{fg=#2a2f38 bg=#1f232b}              │{/}{bg=#1a1d23}                                                                      {/}
{fg=#2a2f38 bg=#1f232b}   {/}{fg=#a8b0bc bg=#1f232b}Keys{/}{fg=#2a2f38 bg=#1f232b}                      │{/}{bg=#1a1d23}  {/}{fg=#2a2f38 bg=#1f232b}╭────────────────────────────────────────────────────────────────╮{/}{bg=#1a1d23}  {/}
{fg=#2a2f38 bg=#1f232b}   {/}{fg=#a8b0bc bg=#1f232b}About{/}{fg=#2a2f38 bg=#1f232b}                     │{/}{bg=#1a1d23}  {/}{fg=#2a2f38 bg=#1f232b}│ {/}{fg=#6b7280 bg=#1f232b mod=bold}CONNECTED CALENDARS{/}{fg=#2a2f38 bg=#1f232b}                                            │{/}{bg=#1a1d23}  {/}
{fg=#2a2f38 bg=#1f232b}                             │{/}{bg=#1a1d23}  {/}{fg=#2a2f38 bg=#1f232b}│  {/}{fg=#6b7280 bg=#1f232b}Google Calendar{/}{fg=#2a2f38 bg=#1f232b}    {/}{fg=#6b7280 bg=#1f232b}coming soon{/}{fg=#2a2f38 bg=#1f232b}                                │{/}{bg=#1a1d23}  {/}
{fg=#2a2f38 bg=#1f232b}                             │{/}{bg=#1a1d23}  {/}{fg=#2a2f38 bg=#1f232b}│  {/}{fg=#6b7280 bg=#1f232b}Apple Calendar{/}{fg=#2a2f38 bg=#1f232b}     {/}{fg=#6b7280 bg=#1f232b}coming soon{/}{fg=#2a2f38 bg=#1f232b}                                │{/}{bg=#1a1d23}  {/}
{fg=#2a2f38 bg=#1f232b}                             │{/}{bg=#1a1d23}  {/}{fg=#2a2f38 bg=#1f232b}│  {/}{fg=#6b7280 bg=#1f232b}Local .ics feed{/}{fg=#2a2f38 bg=#1f232b}    {/}{fg=#6b7280 bg=#1f232b}coming soon{/}{fg=#2a2f38 bg=#1f232b}                                │{/}{bg=#1a1d23}  {/}
{fg=#2a2f38 bg=#1f232b}                             │{/}{bg=#1a1d23}  {/}{fg=#2a2f38 bg=#1f232b}╰────────────────────────────────────────────────────────────────╯{/}{bg=#1a1d23}  {/}
{fg=#2a2f38 bg=#1f232b}                             │{/}{bg=#1a1d23}                                                                      {/}
{fg=#2a2f38 bg=#1f232b}                             │{/}{bg=#1a1d23}                                                                      {/}
{fg=#2a2f38 bg=#1f232b}                             │{/}{bg=#1a1d23}                                                                      {/}
{fg=#2a2f38 bg=#1f232b}                             │{/}{bg=#1a1d23}                                                                      {/}
{fg=#2a2f38 bg=#1f232b}                             │{/}{bg=#1a1d23}                                                                      {/}
{fg=#2a2f38 bg=#1f232b}                             │{/}{bg=#1a1d23}                                                                      {/}
{fg=#2a2f38 bg=#1f232b}                             │{/}{bg=#1a1d23}                                                                      {/}
{fg=#2a2f38 bg=#1f232b}                             │{/}{bg=#1a1d23}                                                                      {/}
{fg=#2a2f38 bg=#1f232b}                             │{/}{bg=#1a1d23}                                                                      {/}
{fg=#2a2f38 bg=#1f232b}                             │{/}{bg=#1a1d23}                                                                      {/}
{fg=#2a2f38 bg=#1f232b}                             │{/}{bg=#1a1d23}                                                                      {/}
{fg=#2a2f38 bg=#1f232b}                             │{/}{bg=#1a1d23}                                                                      {/}
{fg=#2a2f38 bg=#1f232b}                             │{/}{bg=#1a1d23}                                                                      {/}
{fg=#2a2f38 bg=#1f232b}                             │{/}{bg=#1a1d23}                                                                      {/}
{fg=#2a2f38 bg=#1f232b}                             │{/}{bg=#1a1d23}                                                                      {/}
{fg=#2a2f38 bg=#1f232b}                             │{/}{bg=#1a1d23}  {/}{fg=#6b7280 bg=#1a1d23}↑↓ sections · → or Enter open · Esc close{/}{bg=#1a1d23}                           {/}
{bg=#1a1d23} {/}{fg=#1a1d23 bg=#8aa9c9 mod=bold}  ● settings  {/}{fg=#6b7280 bg=#1a1d23}   Esc back{/}{bg=#1a1d23}                                                                          {/}
