---
source: tests/snapshots.rs
expression: buffer_to_text(&buf)
---
                       │                                          │                                 
  ■ tasq               │  All tasks  wednesday 6 may              │  Finish Q2 board deck           
                       │  15 tasks                                │                                 
   ⌂ Home              │   + filter            sort · priority ▾  │  due      today                 
   ▤ Inbox          3  │                                          │  space    ● work                
   ◉ Today          1  │  PRIORITY A ─────────────────────────────│  priority ⚑ high                
   ◷ Upcoming       6  │▎ ☐ ⚑ Finish Q2 board deck  ◷ due today   │  tags     @laptop               
   ▦ Calendar          │  ☐ ⚑ Call dentist to reschedule cleaning │                                 
   ✎ Notes             │  PRIORITY B ─────────────────────────────│                                 
   ⌕ Search        ^K  │  ☐ ⚑ Review pull requests for auth refact│                                 
                       │  ☐ ⚑ Renew passport before summer trip  ◷│                                 
  SPACES               │  ☐ ⚑ Draft hiring rubric for senior eng  │                                 
   ● work           4  │  PRIORITY C ─────────────────────────────│                                 
   ● health         3  │  ☐ ⚑ Pay quarterly estimated taxes  ◷ by │                                 
   ● finance        2  │  ☐ ⚑ Order new running shoes  ● health  @│                                 
   ● home           1  │  NO PRIORITY ────────────────────────────│                                 
   ● learning       1  │  ☐ Migrate analytics to new pipeline  ◷ b│                                 
   ● personal       1  │  ☐ Pay rent  ◷ by fri 15 may   ↻ every mo│                                 
   ● travel         1  │  ☐ Pick up dry cleaning @errands         │                                 
                       │  ☐ Schedule annual physical  ● health  @p│                                 
  FILTERS              │  ☐ Read "Designing Data-Intensive Applica│                                 
   ⚑ High priority  2  │  ☐ Send thank-you note to mentor @home   │                                 
   ★ Starred        0  │  ☐ Plan Saturday hike with K.  ● personal│                                 
   ◷ Overdue        7  │  ☐ Replace bathroom faucet washer  ● home│                                 
                       │                                          │                                 
                       │                                          │                                 
 ╭───────────────────╮ │                                          │                                 
 │  Y  you           │ │                                          │                                 
 │     ● todo.txt    │ │                                          │                                 
 ╰───────────────────╯ │                                          │                                 
                       │                                          │                                 
  ● normal   All tasks · 15 tasks            x done   e edit   r reschedule   Tab details   ␣ more…
