---
source: tests/snapshots.rs
expression: buffer_to_text(&buf)
---
 VIEWS                     ▶▮◀ /tmp/tasq-snapshot.txt  •  15 tasks DETAIL                           
   To╭ tasq · help · tasks notes (Tab) ───────────────────────────────────────────────────────╮     
   Up│  NAVIGATION                                  VIEW                                      │     
 ▸ Al│    j / k  (↓ / ↑)    next / previous task      1 / 2 / 3         today / upcoming / all│     
     │    gg / G            first / last task         /                 fuzzy search          │     
 SPAC│    Ctrl-d / Ctrl-u   page down / up            fp / fc           filter space/tag      │     
   wo│                                                ff / fs           saved filter pick/save│     
   he│  EDITING                                       S                 cycle sort            │     
   fi│    n / o             new task / open notes     v                 visual / multi-select │     
   ho│    e / i             edit (normal / insert)    l                 list view             │     
   le│    r                 reschedule task           a                 archive view          │rd   
   pe│    x                 toggle complete           A                 archive completed     │     
   tr│    dd                delete task               H                 show done in list     │     
     │    p / *             priority A→B→C / star     F                 show future in list   │     
 TAGS│    J / K             move task down / up       [ / ]             toggle filter / detail│     
   @e│    c                 add/remove context        T                 theme picker          │     
   @h│    +                 add project               D                 cycle density         │     
   @l│    yy / yb           copy line / body          L                 toggle line numbers   │     
   @p│    u                 undo                                                              │     
     │                                              SYSTEM                                    │     
     │  RECURRENCE (rec:)                             : / Ctrl-P        command palette       │     
     │    j / k / Tab       next / prev field         s                 share capture QR      │     
     │    h / l / + / -     change value              ? / ,             help / settings       │     
     │    Enter / Esc       save / cancel             q / Ctrl-c        quit                  │     
     │────────────────────────────────────────────────────────────────────────────────────────│     
     │  FORMAT                                                                                │     
     │    (A)               priority A-Z              due:YYYY-MM-DD    due date (+1w = range)│     
     │    YYYY-MM-DD        creation / done date      rec:Nu            recur (u in d/w/m/y/b)│     
     │    +project          project tag(s)            rec:+Nu           strict: anchor on due:│     
     ╰────────────────────────────────────────────────────────────────────────────────────────╯     
                                                                                                    
 HELP   Tab tasks ⇄ notes page · ? close help                     15 open · 2026-05-06 · tasq 0.0.0
