---
source: tests/snapshots.rs
expression: buffer_to_text(&buf)
---
                           │  /tmp/tasq-snapshot.txt                │                               
  ▣ tasq                   │  15 tasks  ·  sort: priority           │  ⚑ Finish Q2 board deck       
                           │  + filter                              │                               
   ⌂ Home                  │                                        │  due       today              
   ▤ Inbox              3  │  PRIORITY A  2  ───────────────────────│  space     ● work             
   ◉ Today              1  │  1 ▎☐ ⚑ Finish Q2 board deck  ◷ due tod│  priority  ⚑ high             
   ◷ Upcoming           6  │  2  ☐ ⚑ Call dentist to reschedule clea│  tags      @laptop            
   ≡ All tasks         15  │  PRIORITY B  3  ───────────────────────│                               
   ▦ Calendar              │  3  ☐ ⚑ Review pull requests for auth r│  CHECKLIST                    
   ✎ Notes                 │  4  ☐ ⚑ Renew passport before summer tr│  + add item                   
   ⌕ Search             /  │  5  ☐ ⚑ Draft hiring rubric for senior │                               
                           │  PRIORITY C  2  ───────────────────────│                               
  SPACES                   │  6  ☐ ⚑ Pay quarterly estimated taxes  │                               
   ● work               4  │  7  ☐ ⚑ Order new running shoes  ● heal│                               
   ● health             3  │  NO PRIORITY  8  ──────────────────────│                               
   ● finance            2  │  8  ☐ Migrate analytics to new pipeline│                               
   ● home               1  │  9  ☐ Pay rent  ◷ by fri 15 may   ↻ eve│                               
   ● learning           1  │ 10  ☐ Pick up dry cleaning @errands    │                               
   ● personal           1  │ 11  ☐ Schedule annual physical  ● healt│                               
   ● travel             1  │ 12  ☐ Read "Designing Data-Intensive Ap│                               
                           │ 13  ☐ Send thank-you note to mentor @ho│                               
  FILTERS                  │ 14  ☐ Plan Saturday hike with K.  ● per│                               
   ⚑ High priority      2  │ 15  ☐ Replace bathroom faucet washer  ●│                               
   ★ Starred            0  │                                        │                               
   ◷ Overdue            7  │                                        │                               
                           │                                        │                               
                           │                                        │                               
 ╭───────────────────────╮ │                                        │                               
 │  Y  you ● file        │ │                                        │                               
 ╰───────────────────────╯ │                                        │                               
                           │                                        │                               
   ● normal     x done · e edit · r reschedule · Tab details                                 ␣ menu
