---
source: tests/snapshots.rs
expression: buffer_to_text(&buf)
---
 ▶▮◀ settings  •  19 tasks  •  sort:priority                                                        
                                                                                                    
 FILES                                                                                              
   todo file                   /tmp/tasq-snapshot.txt                                               
   config file                 /tmp/tasq-snapshot.toml                                              
                                                                                                    
 DISPLAY                                                                                            
   theme                       Muted Slate ▾  (T to cycle)                                          
   density                     compact ▾  (D to cycle)                                              
   line numbers                on  (L to toggle)                                                    
   status bar                  on                                                                   
   filter sidebar              on  ([ to toggle)                                                    
   detail sidebar              on  (] to toggle)                                                    
   show done in list           off  (H to toggle)                                                   
   show future in list         off  (F to toggle)                                                   
                                                                                                    
 BEHAVIOR                                                                                           
   default sort                priority (S to cycle)                                                
                                                                                                    
 KEYBINDINGS                                                                                        
                               press ? for the full list                                            
                                                                                                    
                                                                                                    
                                                                                                    
                                                                                                    
                                                                                                    
                                                                                                    
                                                                                                    
                                                                                                    
                                                                                                    
                                                                                                    
 SETTINGS   Esc back                                          15 open · 2026-05-06 · tasq 2026.10.0
