---
source: tests/snapshots.rs
expression: buffer_to_text(&buf)
---
                       │                                          │                                 
  ■ tasq               │  All tasks  wednesday 6 may              │  Finish Q2 board deck           
                       │  15 tasks                                │                                 
   ⌂ Home              │   + filter            sort · priority ▾  │  due      today                 
   ▤ Inbox          3  │                                          │  space    ● work                
   ◉ Today          1  │  PRIORITY A ─────────────────────────────│  priority ⚑ high                
   ◷ Upcoming       6  │▎ ☐ ⚑ Finish Q2 board deck  ◷ due today   │  tags     @laptop               
   ▦ Calendar          │  ☐ ⚑ Call dentist to reschedule cleaning │                                 
   ✎ Notes             │                                          │                                 
   ⌕ Search        ^K  │  PRIORITY B ─────────────────────────────│                                 
                       │  ☐ ⚑ Review pull requests for auth refact│                                 
  SPACES               │  ☐ ⚑ Renew passport before summer trip  ◷│                                 
   ● work ╭──────────────────────────────────────────────────────────────────────────────╮          
   ● healt│                                                                              │          
   ● finan│  > ⚑ (A) Buy milk  +groceries   @errands  ⇥ due:2026-05-10▏            ↑     │          
   ● home │                                                                              │          
   ● learn│            ⇥ by sun 10 may     + groceries     @ errands     ⚑ (A)           │          
   ● perso│                                                                              │          
   ● trave╰──────────────────────────────────────────────────────────────────────────────╯          
                       │  ☐ Migrate analytics to new pipeline  ◷ b│                                 
  FILTERS              │  ☐ Pay rent  ◷ by fri 15 may   ↻ every mo│                                 
   ⚑ High priority  2  │  ☐ Pick up dry cleaning @errands         │                                 
   ★ Starred        0  │  ☐ Schedule annual physical  ● health  @p│                                 
   ◷ Overdue        7  │  ☐ Read "Designing Data-Intensive Applica│                                 
                       │  ☐ Send thank-you note to mentor @home   │                                 
                       │  ☐ Plan Saturday hike with K.  ● personal│                                 
 ╭───────────────────╮ │  ☐ Replace bathroom faucet washer  ● home│                                 
 │  Y  you           │ │                                          │                                 
 │     ● todo.txt    │ │                                          │                                 
 ╰───────────────────╯ │                                          │                                 
                       │                                          │                                 
  ● insert  type naturally: tomorrow at 6pm, every fri and sat, +project @context   Tab chips   Ctrl
