---
source: tests/snapshots.rs
expression: buffer_to_styled(&buf)
---
{fg=#cad3f5 bg=#1e2030}                       {/}{fg=#363a4f bg=#1e2030}│{/}{bg=#24273a}                                          {/}{fg=#363a4f bg=#212435}│{/}{bg=#212435}                                 {/}
{fg=#cad3f5 bg=#1e2030}  {/}{fg=#c6a0f6 bg=#1e2030}■{/}{fg=#cad3f5 bg=#1e2030} {/}{fg=#cad3f5 bg=#1e2030 mod=bold}tasq{/}{fg=#cad3f5 bg=#1e2030}               {/}{fg=#363a4f bg=#1e2030}│{/}{bg=#24273a}  {/}{fg=#8aadf4 bg=#24273a}● {/}{fg=#cad3f5 bg=#24273a mod=bold}work{/}{bg=#24273a}                                  {/}{fg=#363a4f bg=#212435}│{/}{bg=#212435}  {/}{fg=#cad3f5 bg=#212435 mod=bold}Finish Q2 board deck{/}{bg=#212435}           {/}
{fg=#cad3f5 bg=#1e2030}                       {/}{fg=#363a4f bg=#1e2030}│{/}{bg=#24273a}  {/}{fg=#6e738d bg=#24273a}4 tasks{/}{bg=#24273a}                                 {/}{fg=#363a4f bg=#212435}│{/}{bg=#212435}                                 {/}
{fg=#cad3f5 bg=#1e2030}   {/}{fg=#a5adcb bg=#1e2030}⌂{/}{fg=#cad3f5 bg=#1e2030} {/}{fg=#a5adcb bg=#1e2030}Home{/}{fg=#cad3f5 bg=#1e2030}              {/}{fg=#363a4f bg=#1e2030}│{/}{bg=#24273a}  {/}{fg=#363a4f bg=#1e2030}╭──────────{/}{fg=#363a4f bg=#1e2030 mod=bold}──────────{/}{fg=#363a4f bg=#1e2030}─────────────────╮{/}{bg=#24273a} {/}{fg=#363a4f bg=#212435}│{/}{bg=#212435}  {/}{fg=#6e738d bg=#212435}due{/}{bg=#212435}      {/}{fg=#ed8796 bg=#212435}today{/}{bg=#212435}                 {/}
{fg=#cad3f5 bg=#1e2030}   {/}{fg=#a5adcb bg=#1e2030}▤{/}{fg=#cad3f5 bg=#1e2030} {/}{fg=#a5adcb bg=#1e2030}Inbox{/}{fg=#cad3f5 bg=#1e2030}          {/}{fg=#6e738d bg=#1e2030}3{/}{fg=#cad3f5 bg=#1e2030}  {/}{fg=#363a4f bg=#1e2030}│{/}{bg=#24273a}  {/}{fg=#363a4f bg=#1e2030}│ {/}{fg=#c6a0f6 bg=#1e2030}╭─────────────────────────────────╮{/}{fg=#363a4f bg=#1e2030} │{/}{bg=#24273a} {/}{fg=#363a4f bg=#212435}│{/}{bg=#212435}  {/}{fg=#6e738d bg=#212435}space{/}{bg=#212435}    {/}{fg=#8aadf4 bg=#212435}●{/}{bg=#212435} {/}{fg=#8aadf4 bg=#212435}work{/}{bg=#212435}                {/}
{fg=#cad3f5 bg=#1e2030}   {/}{fg=#a5adcb bg=#1e2030}◉{/}{fg=#cad3f5 bg=#1e2030} {/}{fg=#a5adcb bg=#1e2030}Today{/}{fg=#cad3f5 bg=#1e2030}          {/}{fg=#6e738d bg=#1e2030}1{/}{fg=#cad3f5 bg=#1e2030}  {/}{fg=#363a4f bg=#1e2030}│{/}{fg=#cad3f5 bg=#24273a}  {/}{fg=#363a4f bg=#1e2030}│ {/}{fg=#c6a0f6 bg=#1e2030}│ {/}{fg=#6e738d bg=#1e2030}⌕ {/}{fg=#cad3f5 bg=#1e2030}e{/}{fg=#c6a0f6 bg=#1e2030}▏                            │{/}{fg=#363a4f bg=#1e2030} │{/}{fg=#363a4f bg=#24273a}─{/}{fg=#363a4f bg=#212435}│{/}{bg=#212435}  {/}{fg=#6e738d bg=#212435}priority{/}{bg=#212435} {/}{fg=#ed8796 bg=#212435}⚑ high{/}{bg=#212435}                {/}
{fg=#cad3f5 bg=#1e2030}   {/}{fg=#a5adcb bg=#1e2030}◷{/}{fg=#cad3f5 bg=#1e2030} {/}{fg=#a5adcb bg=#1e2030}Upcoming{/}{fg=#cad3f5 bg=#1e2030}       {/}{fg=#6e738d bg=#1e2030}6{/}{fg=#cad3f5 bg=#1e2030}  {/}{fg=#363a4f bg=#1e2030}│{/}{fg=#c6a0f6 bg=#363a4f mod=bold}▎ {/}{fg=#363a4f bg=#1e2030}│ {/}{fg=#c6a0f6 bg=#1e2030 mod=bold}╰─{/}{fg=#c6a0f6 bg=#1e2030}────────────────────────────────╯{/}{fg=#363a4f bg=#1e2030} │{/}{fg=#8aadf4 bg=#363a4f} {/}{fg=#363a4f bg=#212435}│{/}{bg=#212435}  {/}{fg=#6e738d bg=#212435}tags{/}{bg=#212435}     {/}{fg=#f5bde6 bg=#212435}@laptop{/}{bg=#212435}               {/}
{fg=#cad3f5 bg=#1e2030}   {/}{fg=#a5adcb bg=#1e2030}▦{/}{fg=#cad3f5 bg=#1e2030} {/}{fg=#a5adcb bg=#1e2030}Calendar{/}{fg=#cad3f5 bg=#1e2030}          {/}{fg=#363a4f bg=#1e2030}│{/}{fg=#cad3f5 bg=#24273a}  {/}{fg=#363a4f bg=#1e2030}│  {/}{fg=#6e738d bg=#1e2030 mod=bold}SPACES{/}{fg=#363a4f bg=#1e2030}                             │{/}{fg=#cad3f5 bg=#24273a} {/}{fg=#363a4f bg=#212435}│{/}{bg=#212435}                                 {/}
{fg=#cad3f5 bg=#1e2030}   {/}{fg=#a5adcb bg=#1e2030}✎{/}{fg=#cad3f5 bg=#1e2030} {/}{fg=#a5adcb bg=#1e2030}Notes{/}{fg=#cad3f5 bg=#1e2030}             {/}{fg=#363a4f bg=#1e2030}│{/}{fg=#cad3f5 bg=#24273a}  {/}{fg=#363a4f bg=#1e2030}│ {/}{fg=#363a4f bg=#363a4f} {/}{fg=#b7bdf8 bg=#363a4f}●{/}{fg=#363a4f bg=#363a4f} {/}{fg=#cad3f5 bg=#363a4f mod=bold}health{/}{fg=#363a4f bg=#363a4f}                        {/}{fg=#6e738d bg=#363a4f}3{/}{fg=#363a4f bg=#363a4f} {/}{fg=#363a4f bg=#1e2030} │{/}{fg=#363a4f bg=#24273a}─{/}{fg=#363a4f bg=#212435}│{/}{bg=#212435}                                 {/}
{fg=#cad3f5 bg=#1e2030}   {/}{fg=#a5adcb bg=#1e2030}⌕{/}{fg=#cad3f5 bg=#1e2030} {/}{fg=#a5adcb bg=#1e2030}Search{/}{fg=#cad3f5 bg=#1e2030}        {/}{fg=#6e738d bg=#1e2030}^K{/}{fg=#cad3f5 bg=#1e2030}  {/}{fg=#363a4f bg=#1e2030}│{/}{fg=#cad3f5 bg=#24273a}  {/}{fg=#363a4f bg=#1e2030}│ {/}{fg=#363a4f bg=#1e2030 mod=bold} {/}{fg=#8bd5ca bg=#1e2030 mod=bold}●{/}{fg=#363a4f bg=#1e2030} {/}{fg=#a5adcb bg=#1e2030}finance{/}{fg=#363a4f bg=#1e2030}                       {/}{fg=#6e738d bg=#1e2030}2{/}{fg=#363a4f bg=#1e2030}  │{/}{fg=#cad3f5 bg=#24273a}t{/}{fg=#363a4f bg=#212435}│{/}{bg=#212435}                                 {/}
{fg=#cad3f5 bg=#1e2030}                       {/}{fg=#363a4f bg=#1e2030}│{/}{fg=#cad3f5 bg=#24273a}  {/}{fg=#363a4f bg=#1e2030}│ {/}{fg=#363a4f bg=#1e2030 mod=bold} {/}{fg=#f5bde6 bg=#1e2030 mod=bold}●{/}{fg=#363a4f bg=#1e2030} {/}{fg=#a5adcb bg=#1e2030}home{/}{fg=#363a4f bg=#1e2030}                          {/}{fg=#6e738d bg=#1e2030}1{/}{fg=#363a4f bg=#1e2030}  │{/}{fg=#8aadf4 bg=#24273a} {/}{fg=#363a4f bg=#212435}│{/}{bg=#212435}                                 {/}
{fg=#cad3f5 bg=#1e2030}  {/}{fg=#6e738d bg=#1e2030}SPACES{/}{fg=#cad3f5 bg=#1e2030}               {/}{fg=#363a4f bg=#1e2030}│{/}{fg=#cad3f5 bg=#24273a}  {/}{fg=#363a4f bg=#1e2030}│  {/}{fg=#f5a97f bg=#1e2030}●{/}{fg=#363a4f bg=#1e2030} {/}{fg=#a5adcb bg=#1e2030}learning{/}{fg=#363a4f bg=#1e2030}                      {/}{fg=#6e738d bg=#1e2030}1{/}{fg=#363a4f bg=#1e2030}  │{/}{fg=#cad3f5 bg=#24273a} {/}{fg=#363a4f bg=#212435}│{/}{bg=#212435}                                 {/}
{fg=#cad3f5 bg=#1e2030} {/}{fg=#cad3f5 bg=#363a4f}  {/}{fg=#8aadf4 bg=#363a4f}●{/}{fg=#cad3f5 bg=#363a4f} {/}{fg=#cad3f5 bg=#363a4f mod=bold}work{/}{fg=#cad3f5 bg=#363a4f}           {/}{fg=#6e738d bg=#363a4f}4{/}{fg=#cad3f5 bg=#363a4f} {/}{fg=#cad3f5 bg=#1e2030} {/}{fg=#363a4f bg=#1e2030}│{/}{fg=#cad3f5 bg=#24273a}  {/}{fg=#363a4f bg=#1e2030}│  {/}{fg=#8bd5ca bg=#1e2030}●{/}{fg=#363a4f bg=#1e2030} {/}{fg=#a5adcb bg=#1e2030}personal{/}{fg=#363a4f bg=#1e2030}                      {/}{fg=#6e738d bg=#1e2030}1{/}{fg=#363a4f bg=#1e2030}  │{/}{fg=#363a4f bg=#24273a}─{/}{fg=#363a4f bg=#212435}│{/}{bg=#212435}                                 {/}
{fg=#cad3f5 bg=#1e2030}   {/}{fg=#b7bdf8 bg=#1e2030}●{/}{fg=#cad3f5 bg=#1e2030} {/}{fg=#a5adcb bg=#1e2030}health{/}{fg=#cad3f5 bg=#1e2030}         {/}{fg=#6e738d bg=#1e2030}3{/}{fg=#cad3f5 bg=#1e2030}  {/}{fg=#363a4f bg=#1e2030}│{/}{fg=#cad3f5 bg=#24273a}  {/}{fg=#363a4f bg=#1e2030}│  {/}{fg=#c6a0f6 bg=#1e2030}●{/}{fg=#363a4f bg=#1e2030} {/}{fg=#a5adcb bg=#1e2030}travel{/}{fg=#363a4f bg=#1e2030}                        {/}{fg=#6e738d bg=#1e2030}1{/}{fg=#363a4f bg=#1e2030}  │{/}{fg=#6e738d bg=#24273a}b{/}{fg=#363a4f bg=#212435}│{/}{bg=#212435}                                 {/}
{fg=#cad3f5 bg=#1e2030}   {/}{fg=#8bd5ca bg=#1e2030}●{/}{fg=#cad3f5 bg=#1e2030} {/}{fg=#a5adcb bg=#1e2030}finance{/}{fg=#cad3f5 bg=#1e2030}        {/}{fg=#6e738d bg=#1e2030}2{/}{fg=#cad3f5 bg=#1e2030}  {/}{fg=#363a4f bg=#1e2030}│{/}{fg=#cad3f5 bg=#24273a}  {/}{fg=#363a4f bg=#1e2030}│  {/}{fg=#6e738d bg=#1e2030 mod=bold}TAGS{/}{fg=#363a4f bg=#1e2030}                               │{/}{fg=#cad3f5 bg=#24273a} {/}{fg=#363a4f bg=#212435}│{/}{bg=#212435}                                 {/}
{fg=#cad3f5 bg=#1e2030}   {/}{fg=#f5bde6 bg=#1e2030}●{/}{fg=#cad3f5 bg=#1e2030} {/}{fg=#a5adcb bg=#1e2030}home{/}{fg=#cad3f5 bg=#1e2030}           {/}{fg=#6e738d bg=#1e2030}1{/}{fg=#cad3f5 bg=#1e2030}  {/}{fg=#363a4f bg=#1e2030}│{/}{fg=#cad3f5 bg=#24273a}  {/}{fg=#363a4f bg=#1e2030}│  {/}{fg=#f5bde6 bg=#1e2030}@{/}{fg=#363a4f bg=#1e2030} {/}{fg=#a5adcb bg=#1e2030}errands{/}{fg=#363a4f bg=#1e2030}                       {/}{fg=#6e738d bg=#1e2030}4{/}{fg=#363a4f bg=#1e2030}  │{/}{fg=#cad3f5 bg=#24273a} {/}{fg=#363a4f bg=#212435}│{/}{bg=#212435}                                 {/}
{fg=#cad3f5 bg=#1e2030}   {/}{fg=#f5a97f bg=#1e2030}●{/}{fg=#cad3f5 bg=#1e2030} {/}{fg=#a5adcb bg=#1e2030}learning{/}{fg=#cad3f5 bg=#1e2030}       {/}{fg=#6e738d bg=#1e2030}1{/}{fg=#cad3f5 bg=#1e2030}  {/}{fg=#363a4f bg=#1e2030}│{/}{fg=#cad3f5 bg=#24273a}  {/}{fg=#363a4f bg=#1e2030}│  {/}{fg=#f5bde6 bg=#1e2030}@{/}{fg=#363a4f bg=#1e2030} {/}{fg=#a5adcb bg=#1e2030}home{/}{fg=#363a4f bg=#1e2030}                          {/}{fg=#6e738d bg=#1e2030}4{/}{fg=#363a4f bg=#1e2030}  │{/}{fg=#cad3f5 bg=#24273a} {/}{fg=#363a4f bg=#212435}│{/}{bg=#212435}                                 {/}
{fg=#cad3f5 bg=#1e2030}   {/}{fg=#8bd5ca bg=#1e2030}●{/}{fg=#cad3f5 bg=#1e2030} {/}{fg=#a5adcb bg=#1e2030}personal{/}{fg=#cad3f5 bg=#1e2030}       {/}{fg=#6e738d bg=#1e2030}1{/}{fg=#cad3f5 bg=#1e2030}  {/}{fg=#363a4f bg=#1e2030}│{/}{fg=#cad3f5 bg=#24273a}  {/}{fg=#363a4f bg=#1e2030}│  {/}{fg=#f5bde6 bg=#1e2030}@{/}{fg=#363a4f bg=#1e2030} {/}{fg=#a5adcb bg=#1e2030}phone{/}{fg=#363a4f bg=#1e2030}                         {/}{fg=#6e738d bg=#1e2030}3{/}{fg=#363a4f bg=#1e2030}  │{/}{fg=#cad3f5 bg=#24273a} {/}{fg=#363a4f bg=#212435}│{/}{bg=#212435}                                 {/}
{fg=#cad3f5 bg=#1e2030}   {/}{fg=#c6a0f6 bg=#1e2030}●{/}{fg=#cad3f5 bg=#1e2030} {/}{fg=#a5adcb bg=#1e2030}travel{/}{fg=#cad3f5 bg=#1e2030}         {/}{fg=#6e738d bg=#1e2030}1{/}{fg=#cad3f5 bg=#1e2030}  {/}{fg=#363a4f bg=#1e2030}│{/}{fg=#cad3f5 bg=#24273a}  {/}{fg=#363a4f bg=#1e2030}│  {/}{fg=#6e738d bg=#1e2030 mod=bold}WHEN{/}{fg=#363a4f bg=#1e2030}                               │{/}{fg=#cad3f5 bg=#24273a} {/}{fg=#363a4f bg=#212435}│{/}{bg=#212435}                                 {/}
{fg=#cad3f5 bg=#1e2030}                       {/}{fg=#363a4f bg=#1e2030}│{/}{fg=#cad3f5 bg=#24273a}  {/}{fg=#363a4f bg=#1e2030}│  {/}{fg=#eed49f bg=#1e2030}◷{/}{fg=#363a4f bg=#1e2030} {/}{fg=#a5adcb bg=#1e2030}due today{/}{fg=#363a4f bg=#1e2030}                     {/}{fg=#6e738d bg=#1e2030}1{/}{fg=#363a4f bg=#1e2030}  │{/}{fg=#cad3f5 bg=#24273a} {/}{fg=#363a4f bg=#212435}│{/}{bg=#212435}                                 {/}
{fg=#cad3f5 bg=#1e2030}  {/}{fg=#6e738d bg=#1e2030}FILTERS{/}{fg=#cad3f5 bg=#1e2030}              {/}{fg=#363a4f bg=#1e2030}│{/}{fg=#cad3f5 bg=#24273a}  {/}{fg=#363a4f bg=#1e2030}│  {/}{fg=#eed49f bg=#1e2030}◷{/}{fg=#363a4f bg=#1e2030} {/}{fg=#a5adcb bg=#1e2030}due within a week{/}{fg=#363a4f bg=#1e2030}             {/}{fg=#6e738d bg=#1e2030}3{/}{fg=#363a4f bg=#1e2030}  │{/}{fg=#cad3f5 bg=#24273a} {/}{fg=#363a4f bg=#212435}│{/}{bg=#212435}                                 {/}
{fg=#cad3f5 bg=#1e2030}   {/}{fg=#ed8796 bg=#1e2030}⚑{/}{fg=#cad3f5 bg=#1e2030} {/}{fg=#a5adcb bg=#1e2030}High priority{/}{fg=#cad3f5 bg=#1e2030}  {/}{fg=#6e738d bg=#1e2030}2{/}{fg=#cad3f5 bg=#1e2030}  {/}{fg=#363a4f bg=#1e2030}│{/}{fg=#cad3f5 bg=#24273a}  {/}{fg=#363a4f bg=#1e2030}│  {/}{fg=#eed49f bg=#1e2030}◷{/}{fg=#363a4f bg=#1e2030} {/}{fg=#a5adcb bg=#1e2030}due within a month{/}{fg=#363a4f bg=#1e2030}            {/}{fg=#6e738d bg=#1e2030}6{/}{fg=#363a4f bg=#1e2030}  │{/}{fg=#cad3f5 bg=#24273a} {/}{fg=#363a4f bg=#212435}│{/}{bg=#212435}                                 {/}
{fg=#cad3f5 bg=#1e2030}   {/}{fg=#eed49f bg=#1e2030}★{/}{fg=#cad3f5 bg=#1e2030} {/}{fg=#a5adcb bg=#1e2030}Starred{/}{fg=#cad3f5 bg=#1e2030}        {/}{fg=#6e738d bg=#1e2030}0{/}{fg=#cad3f5 bg=#1e2030}  {/}{fg=#363a4f bg=#1e2030}│{/}{fg=#cad3f5 bg=#24273a}  {/}{fg=#363a4f bg=#1e2030}│  {/}{fg=#ed8796 bg=#1e2030}◷{/}{fg=#363a4f bg=#1e2030} {/}{fg=#a5adcb bg=#1e2030}overdue{/}{fg=#363a4f bg=#1e2030}                       {/}{fg=#6e738d bg=#1e2030}7{/}{fg=#363a4f bg=#1e2030}  │{/}{fg=#cad3f5 bg=#24273a} {/}{fg=#363a4f bg=#212435}│{/}{bg=#212435}                                 {/}
{fg=#cad3f5 bg=#1e2030}   {/}{fg=#ed8796 bg=#1e2030}◷{/}{fg=#cad3f5 bg=#1e2030} {/}{fg=#a5adcb bg=#1e2030}Overdue{/}{fg=#cad3f5 bg=#1e2030}        {/}{fg=#6e738d bg=#1e2030}7{/}{fg=#cad3f5 bg=#1e2030}  {/}{fg=#363a4f bg=#1e2030}│{/}{fg=#cad3f5 bg=#24273a}  {/}{fg=#363a4f bg=#1e2030}│  {/}{fg=#6e738d bg=#1e2030 mod=bold}PRIORITY{/}{fg=#363a4f bg=#1e2030}                           │{/}{fg=#cad3f5 bg=#24273a} {/}{fg=#363a4f bg=#212435}│{/}{bg=#212435}                                 {/}
{fg=#cad3f5 bg=#1e2030}                       {/}{fg=#363a4f bg=#1e2030}│{/}{fg=#cad3f5 bg=#24273a}  {/}{fg=#363a4f bg=#1e2030}│  {/}{fg=#eed49f bg=#1e2030}★{/}{fg=#363a4f bg=#1e2030} {/}{fg=#a5adcb bg=#1e2030}starred{/}{fg=#363a4f bg=#1e2030}                       {/}{fg=#6e738d bg=#1e2030}0{/}{fg=#363a4f bg=#1e2030}  │{/}{fg=#cad3f5 bg=#24273a} {/}{fg=#363a4f bg=#212435}│{/}{bg=#212435}                                 {/}
{fg=#cad3f5 bg=#1e2030}                       {/}{fg=#363a4f bg=#1e2030}│{/}{fg=#cad3f5 bg=#24273a}  {/}{fg=#363a4f bg=#1e2030}│  {/}{fg=#6e738d bg=#1e2030 mod=bold}TEXT{/}{fg=#363a4f bg=#1e2030}                               │{/}{fg=#cad3f5 bg=#24273a} {/}{fg=#363a4f bg=#212435}│{/}{bg=#212435}                                 {/}
{fg=#cad3f5 bg=#1e2030} {/}{fg=#363a4f bg=#24273a}╭───────────────────╮{/}{fg=#cad3f5 bg=#1e2030} {/}{fg=#363a4f bg=#1e2030}│{/}{fg=#cad3f5 bg=#24273a}  {/}{fg=#363a4f bg=#1e2030}│  {/}{fg=#c6a0f6 bg=#1e2030}⌕{/}{fg=#363a4f bg=#1e2030} {/}{fg=#a5adcb bg=#1e2030}tasks with “e”{/}{fg=#363a4f bg=#1e2030}               {/}{fg=#6e738d bg=#1e2030}16{/}{fg=#363a4f bg=#1e2030}  │{/}{fg=#cad3f5 bg=#24273a} {/}{fg=#363a4f bg=#212435}│{/}{bg=#212435}                                 {/}
{fg=#cad3f5 bg=#1e2030} {/}{fg=#363a4f bg=#24273a}│{/}{fg=#cad3f5 bg=#24273a} {/}{fg=#24273a bg=#f5a97f mod=bold} Y {/}{fg=#cad3f5 bg=#24273a} {/}{fg=#cad3f5 bg=#24273a mod=bold}you{/}{fg=#cad3f5 bg=#24273a}           {/}{fg=#363a4f bg=#24273a}│{/}{fg=#cad3f5 bg=#1e2030} {/}{fg=#363a4f bg=#1e2030}│{/}{fg=#cad3f5 bg=#24273a}  {/}{fg=#363a4f bg=#1e2030}│  {/}{fg=#6e738d bg=#1e2030 mod=bold}SAVE{/}{fg=#363a4f bg=#1e2030}                               │{/}{fg=#cad3f5 bg=#24273a} {/}{fg=#363a4f bg=#212435}│{/}{bg=#212435}                                 {/}
{fg=#cad3f5 bg=#1e2030} {/}{fg=#363a4f bg=#24273a}│{/}{fg=#cad3f5 bg=#24273a}     {/}{fg=#a6da95 bg=#24273a}● todo.txt{/}{fg=#cad3f5 bg=#24273a}    {/}{fg=#363a4f bg=#24273a}│{/}{fg=#cad3f5 bg=#1e2030} {/}{fg=#363a4f bg=#1e2030}│{/}{fg=#cad3f5 bg=#24273a}  {/}{fg=#363a4f bg=#1e2030}│  {/}{fg=#c6a0f6 bg=#1e2030}+{/}{fg=#363a4f bg=#1e2030} {/}{fg=#a5adcb bg=#1e2030}Save "work" as a view…{/}{fg=#363a4f bg=#1e2030}           │{/}{fg=#cad3f5 bg=#24273a} {/}{fg=#363a4f bg=#212435}│{/}{bg=#212435}                                 {/}
{fg=#cad3f5 bg=#1e2030} {/}{fg=#363a4f bg=#24273a}╰───────────────────╯{/}{fg=#cad3f5 bg=#1e2030} {/}{fg=#363a4f bg=#1e2030}│{/}{fg=#cad3f5 bg=#24273a}  {/}{fg=#363a4f bg=#1e2030}╰──────────────────────────────────{/}{fg=#6e738d bg=#1e2030}↓{/}{fg=#363a4f bg=#1e2030}──╯{/}{fg=#cad3f5 bg=#24273a} {/}{fg=#363a4f bg=#212435}│{/}{bg=#212435}                                 {/}
{fg=#cad3f5 bg=#1e2030}                       {/}{fg=#363a4f bg=#1e2030}│{/}{fg=#cad3f5 bg=#24273a}                                          {/}{fg=#363a4f bg=#212435}│{/}{bg=#212435}                                 {/}
{bg=#24273a} {/}{fg=#a5adcb bg=#363a4f} ● filter {/}{bg=#24273a}                 {/}{fg=#a5adcb bg=#24273a mod=bold}type{/}{fg=#6e738d bg=#24273a} to search   {/}{fg=#a5adcb bg=#24273a mod=bold}↑↓{/}{fg=#6e738d bg=#24273a} move   {/}{fg=#a5adcb bg=#24273a mod=bold}Enter{/}{fg=#6e738d bg=#24273a} add/remove   {/}{fg=#a5adcb bg=#24273a mod=bold}⌫{/}{fg=#6e738d bg=#24273a} drop last   {/}{fg=#a5adcb bg=#24273a mod=bold}Esc{/}{fg=#6e738d bg=#24273a} close   {/}
