---
source: tests/snapshots.rs
expression: buffer_to_text(&buf)
---
                           │  /tmp/tasq-snapshot.txt                │                               
  ▣ tasq                   │  15 tasks  ·  sort: priority           │  ⚑ Finish Q2 board deck       
                           │  + filter                              │                               
   ◉ Today              1  │                                        │  due       today              
   ◷ Upcoming           6  │  PRIORITY A  2  ───────────────────────│  space     ● work             
   ≡ All tasks         15  │  1 ▎☐ ⚑ Finish Q2 board deck  ◷ due tod│  priority  ⚑ high             
   ▦ Calendar       ╭ tasq · command ──────────────────────────────────────────╮ @laptop            
   ⌕ Search         │ > arch█  3 matches                                       │                    
                    │──────────────────────────────────────────────────────────│                    
  SPACES            │ ▶ archive completed tasks                              A │m                   
   ● work           │   toggle archive view                                  a │                    
   ● health         │   fuzzy search                                         / │                    
   ● finance        │                                                          │                    
   ● home           │                                                          │                    
   ● learning       │                                                          │                    
   ● personal       │                                                          │                    
   ● travel         │                                                          │                    
                    │                                                          │                    
  FILTERS           │                                                          │                    
   ⚑ High priority  │                                                          │                    
   ★ Starred        │                                                          │                    
   ◷ Overdue        │                                                          │                    
                    │                                                          │                    
                    │                                                          │                    
                    │  ↑↓ / Ctrl-N/P navigate · Enter run · Esc cancel         │                    
                    ╰──────────────────────────────────────────────────────────╯                    
                           │                                        │                               
 ╭───────────────────────╮ │                                        │                               
 │  Y  you ● file        │ │                                        │                               
 ╰───────────────────────╯ │                                        │                               
                           │                                        │                               
   ● command     type to filter · Enter run · Esc cancel
