---
source: tests/snapshots.rs
expression: buffer_to_styled(&buf)
---
{bg=#24273a} {/}{fg=#6e738d bg=#24273a} d Day {/}{bg=#24273a} {/}{fg=#181926 bg=#c6a0f6 mod=bold} w Week {/}{bg=#24273a} {/}{fg=#6e738d bg=#24273a} m Month {/}{bg=#24273a}   {/}{fg=#6e738d bg=#24273a}‹ {/}{fg=#cad3f5 bg=#24273a mod=bold}4 may – 10 may 2026{/}{fg=#6e738d bg=#24273a} ›{/}{bg=#24273a}                        {/}{fg=#6e738d bg=#24273a}12 tasks · 10h planned{/}{bg=#24273a} {/}
{fg=#363a4f bg=#24273a}────────────────────────────────────────────────────────────────────────────────────────────────────{/}
{bg=#24273a}    {/}{fg=#6e738d bg=#24273a}    mon 4        tue 5    {/}{fg=#181926 bg=#c6a0f6 mod=bold}    wed 6    {/}{fg=#6e738d bg=#24273a}    thu 7        fri 8        sat 9          sun 10      {/}
{bg=#24273a}                              {/}{bg=#2e2e45} {/}{fg=#ed8796 bg=#784f61 mod=bold} ◷ Finish Q…{/}{bg=#24273a} {/}{fg=#ed8796 bg=#503c4e} ◷ Review p…{/}{bg=#24273a} {/}{fg=#ed8796 bg=#503c4e} ◷ Call den…{/}{bg=#24273a}                               {/}
{bg=#24273a}                              {/}{bg=#2e2e45} {/}{fg=#6e738d bg=#2e2e45}+2 more{/}{bg=#2e2e45}     {/}{bg=#24273a}                                                         {/}
{fg=#363a4f bg=#24273a}┄┄┄┄┄┄┄┄┄┄┄┄┄┄┄┄┄┄┄┄┄┄┄┄┄┄┄┄┄┄{/}{fg=#363a4f bg=#2e2e45}┄┄┄┄┄┄┄┄┄┄┄┄┄{/}{fg=#363a4f bg=#24273a}┄┄┄┄┄┄┄┄┄┄┄┄┄┄┄┄┄┄┄┄┄┄┄┄┄┄┄┄┄┄┄┄┄┄┄┄┄┄┄┄┄┄┄┄┄┄┄┄┄┄┄┄┄┄┄┄┄{/}
{fg=#6e738d bg=#24273a}07  {/}{fg=#363a4f bg=#24273a}╌{/}{fg=#8bd5ca bg=#394a57}▎{/}{fg=#cad3f5 bg=#394a57 mod=bold}Gym{/}{fg=#363a4f bg=#394a57}        {/}{fg=#363a4f bg=#24273a}│╌╌╌╌╌╌╌╌╌╌╌╌{/}{fg=#363a4f bg=#2e2e45}│{/}{fg=#8bd5ca bg=#394a57}┆{/}{fg=#cad3f5 bg=#394a57 mod=bold}↻ Gym{/}{fg=#363a4f bg=#394a57}      {/}{fg=#363a4f bg=#24273a}│╌╌╌╌╌╌╌╌╌╌╌╌│{/}{fg=#8bd5ca bg=#394a57}┆{/}{fg=#cad3f5 bg=#394a57 mod=bold}↻ Gym{/}{fg=#363a4f bg=#394a57}      {/}{fg=#363a4f bg=#24273a}│╌╌╌╌╌╌╌╌╌╌╌╌│{/}{fg=#8bd5ca bg=#394a57}┆{/}{fg=#cad3f5 bg=#394a57 mod=bold}↻ Gym{/}{fg=#363a4f bg=#394a57}           {/}
{fg=#6e738d bg=#24273a}08  {/}{fg=#363a4f bg=#24273a}╌╌╌╌╌╌╌╌╌╌╌╌╌│╌╌╌╌╌╌╌╌╌╌╌╌{/}{fg=#363a4f bg=#2e2e45}│╌╌╌╌╌╌╌╌╌╌╌╌{/}{fg=#363a4f bg=#24273a}│╌╌╌╌╌╌╌╌╌╌╌╌│╌╌╌╌╌╌╌╌╌╌╌╌│╌╌╌╌╌╌╌╌╌╌╌╌│╌╌╌╌╌╌╌╌╌╌╌╌╌╌╌╌╌{/}
{bg=#24273a}                 {/}{fg=#363a4f bg=#24273a}│{/}{bg=#24273a}            {/}{fg=#363a4f bg=#2e2e45}│{/}{bg=#2e2e45}            {/}{fg=#363a4f bg=#24273a}│{/}{bg=#24273a}            {/}{fg=#363a4f bg=#24273a}│{/}{bg=#24273a}            {/}{fg=#363a4f bg=#24273a}│{/}{bg=#24273a}            {/}{fg=#363a4f bg=#24273a}│{/}{bg=#24273a}                 {/}
{fg=#6e738d bg=#24273a}09  {/}{fg=#363a4f bg=#24273a}╌╌╌╌╌╌╌╌╌╌╌╌╌│{/}{fg=#f5a97f bg=#4e4148}▎{/}{fg=#cad3f5 bg=#4e4148 mod=bold}Teoria AII{/}{fg=#363a4f bg=#4e4148} {/}{fg=#363a4f bg=#2e2e45}│╌╌╌╌╌╌╌╌╌╌╌╌{/}{fg=#363a4f bg=#24273a}│{/}{fg=#f5a97f bg=#4e4148}┆{/}{fg=#cad3f5 bg=#4e4148 mod=bold}↻ Teoria A…{/}{fg=#363a4f bg=#24273a}│╌╌╌╌╌╌╌╌╌╌╌╌│╌╌╌╌╌╌╌╌╌╌╌╌│╌╌╌╌╌╌╌╌╌╌╌╌╌╌╌╌╌{/}
{bg=#24273a}                 {/}{fg=#363a4f bg=#24273a}│{/}{fg=#f5a97f bg=#4e4148}▎09:00–11:00{/}{fg=#363a4f bg=#2e2e45}│{/}{bg=#2e2e45}            {/}{fg=#363a4f bg=#24273a}│{/}{fg=#f5a97f bg=#4e4148}┆09:00–11:00{/}{fg=#363a4f bg=#24273a}│{/}{bg=#24273a}            {/}{fg=#363a4f bg=#24273a}│{/}{bg=#24273a}            {/}{fg=#363a4f bg=#24273a}│{/}{bg=#24273a}                 {/}
{fg=#6e738d bg=#24273a}10  {/}{fg=#363a4f bg=#24273a}╌╌╌╌╌╌╌╌╌╌╌╌╌│{/}{fg=#f5a97f bg=#4e4148}▎{/}{fg=#363a4f bg=#4e4148}           {/}{fg=#363a4f bg=#2e2e45}│╌╌╌╌╌╌╌╌╌╌╌╌{/}{fg=#363a4f bg=#24273a}│{/}{fg=#f5a97f bg=#4e4148}┆{/}{fg=#363a4f bg=#4e4148}           {/}{fg=#363a4f bg=#24273a}│╌╌╌╌╌╌╌╌╌╌╌╌│╌╌╌╌╌╌╌╌╌╌╌╌│╌╌╌╌╌╌╌╌╌╌╌╌╌╌╌╌╌{/}
{fg=#6e738d bg=#24273a}11  {/}{fg=#363a4f bg=#24273a}╌╌╌╌╌╌╌╌╌╌╌╌╌│╌╌╌╌╌╌╌╌╌╌╌╌{/}{fg=#363a4f bg=#2e2e45}│╌╌╌╌╌╌╌╌╌╌╌╌{/}{fg=#363a4f bg=#24273a}│╌╌╌╌╌╌╌╌╌╌╌╌│╌╌╌╌╌╌╌╌╌╌╌╌│╌╌╌╌╌╌╌╌╌╌╌╌│╌╌╌╌╌╌╌╌╌╌╌╌╌╌╌╌╌{/}
{bg=#24273a}                 {/}{fg=#363a4f bg=#24273a}│{/}{bg=#24273a}            {/}{fg=#363a4f bg=#2e2e45}│{/}{bg=#2e2e45}            {/}{fg=#363a4f bg=#24273a}│{/}{bg=#24273a}            {/}{fg=#363a4f bg=#24273a}│{/}{bg=#24273a}            {/}{fg=#363a4f bg=#24273a}│{/}{bg=#24273a}            {/}{fg=#363a4f bg=#24273a}│{/}{bg=#24273a}                 {/}
{fg=#6e738d bg=#24273a}12  {/}{fg=#363a4f bg=#24273a}╌╌╌╌╌╌╌╌╌╌╌╌╌│╌╌╌╌╌╌╌╌╌╌╌╌{/}{fg=#363a4f bg=#2e2e45}│╌╌╌╌╌╌╌╌╌╌╌╌{/}{fg=#363a4f bg=#24273a}│╌╌╌╌╌╌╌╌╌╌╌╌│╌╌╌╌╌╌╌╌╌╌╌╌│╌╌╌╌╌╌╌╌╌╌╌╌│╌╌╌╌╌╌╌╌╌╌╌╌╌╌╌╌╌{/}
{bg=#24273a}                 {/}{fg=#363a4f bg=#24273a}│{/}{bg=#24273a}            {/}{fg=#363a4f bg=#2e2e45}│{/}{bg=#2e2e45}            {/}{fg=#363a4f bg=#24273a}│{/}{bg=#24273a}            {/}{fg=#363a4f bg=#24273a}│{/}{bg=#24273a}            {/}{fg=#363a4f bg=#24273a}│{/}{bg=#24273a}            {/}{fg=#363a4f bg=#24273a}│{/}{bg=#24273a}                 {/}
{fg=#6e738d bg=#24273a}13  {/}{fg=#363a4f bg=#24273a}╌╌╌╌╌╌╌╌╌╌╌╌╌│╌╌╌╌╌╌╌╌╌╌╌╌{/}{fg=#363a4f bg=#2e2e45}│╌╌╌╌╌╌╌╌╌╌╌╌{/}{fg=#363a4f bg=#24273a}│╌╌╌╌╌╌╌╌╌╌╌╌│╌╌╌╌╌╌╌╌╌╌╌╌│╌╌╌╌╌╌╌╌╌╌╌╌│╌╌╌╌╌╌╌╌╌╌╌╌╌╌╌╌╌{/}
{fg=#6e738d bg=#24273a}14  {/}{fg=#363a4f bg=#24273a}╌╌╌╌╌╌╌╌╌╌╌╌╌│╌╌╌╌╌╌╌╌╌╌╌╌{/}{fg=#363a4f bg=#2e2e45}│╌╌╌╌╌╌╌╌╌╌╌╌{/}{fg=#363a4f bg=#24273a}│╌╌╌╌╌╌╌╌╌╌╌╌│╌╌╌╌╌╌╌╌╌╌╌╌│╌╌╌╌╌╌╌╌╌╌╌╌│╌╌╌╌╌╌╌╌╌╌╌╌╌╌╌╌╌{/}
{bg=#24273a}                 {/}{fg=#363a4f bg=#24273a}│{/}{bg=#24273a}            {/}{fg=#363a4f bg=#2e2e45}│{/}{bg=#2e2e45}            {/}{fg=#363a4f bg=#24273a}│{/}{bg=#24273a}            {/}{fg=#363a4f bg=#24273a}│{/}{bg=#24273a}            {/}{fg=#363a4f bg=#24273a}│{/}{bg=#24273a}            {/}{fg=#363a4f bg=#24273a}│{/}{bg=#24273a}                 {/}
{fg=#6e738d bg=#24273a}15  {/}{fg=#363a4f bg=#24273a}╌╌╌╌╌╌╌╌╌╌╌╌╌│╌╌╌╌╌╌╌╌╌╌╌╌{/}{fg=#363a4f bg=#2e2e45}│╌╌╌╌╌╌╌╌╌╌╌╌{/}{fg=#363a4f bg=#24273a}│╌╌╌╌╌╌╌╌╌╌╌╌│╌╌╌╌╌╌╌╌╌╌╌╌│╌╌╌╌╌╌╌╌╌╌╌╌│╌╌╌╌╌╌╌╌╌╌╌╌╌╌╌╌╌{/}
{bg=#24273a}                 {/}{fg=#363a4f bg=#24273a}│{/}{bg=#24273a}            {/}{fg=#363a4f bg=#2e2e45}│{/}{bg=#2e2e45}            {/}{fg=#363a4f bg=#24273a}│{/}{bg=#24273a}            {/}{fg=#363a4f bg=#24273a}│{/}{bg=#24273a}            {/}{fg=#363a4f bg=#24273a}│{/}{bg=#24273a}            {/}{fg=#363a4f bg=#24273a}│{/}{bg=#24273a}                 {/}
{fg=#6e738d bg=#24273a}16  {/}{fg=#363a4f bg=#24273a}╌╌╌╌╌╌╌╌╌╌╌╌╌│╌╌╌╌╌╌╌╌╌╌╌╌{/}{fg=#363a4f bg=#2e2e45}│{/}{fg=#f5bde6 bg=#4e455c}▎{/}{fg=#cad3f5 bg=#4e455c mod=bold}Trabajo TIS{/}{fg=#363a4f bg=#24273a}│╌╌╌╌╌╌╌╌╌╌╌╌│╌╌╌╌╌╌╌╌╌╌╌╌│╌╌╌╌╌╌╌╌╌╌╌╌│╌╌╌╌╌╌╌╌╌╌╌╌╌╌╌╌╌{/}
{fg=#6e738d bg=#24273a}17  {/}{fg=#363a4f bg=#24273a}╌╌╌╌╌╌╌╌╌╌╌╌╌│╌╌╌╌╌╌╌╌╌╌╌╌{/}{fg=#363a4f bg=#2e2e45}│{/}{fg=#f5bde6 bg=#4e455c}▎16:00–18:00{/}{fg=#363a4f bg=#24273a}│╌╌╌╌╌╌╌╌╌╌╌╌│╌╌╌╌╌╌╌╌╌╌╌╌│╌╌╌╌╌╌╌╌╌╌╌╌│╌╌╌╌╌╌╌╌╌╌╌╌╌╌╌╌╌{/}
{bg=#24273a}                 {/}{fg=#363a4f bg=#24273a}│{/}{bg=#24273a}            {/}{fg=#363a4f bg=#2e2e45}│{/}{fg=#f5bde6 bg=#4e455c}▎{/}{bg=#4e455c}           {/}{fg=#363a4f bg=#24273a}│{/}{bg=#24273a}            {/}{fg=#363a4f bg=#24273a}│{/}{bg=#24273a}            {/}{fg=#363a4f bg=#24273a}│{/}{bg=#24273a}            {/}{fg=#363a4f bg=#24273a}│{/}{bg=#24273a}                 {/}
{fg=#6e738d bg=#24273a}18  {/}{fg=#363a4f bg=#24273a}╌╌╌╌╌╌╌╌╌╌╌╌╌│╌╌╌╌╌╌╌╌╌╌╌╌{/}{fg=#363a4f bg=#2e2e45}│╌╌╌╌╌╌╌╌╌╌╌╌{/}{fg=#363a4f bg=#24273a}│╌╌╌╌╌╌╌╌╌╌╌╌│╌╌╌╌╌╌╌╌╌╌╌╌│╌╌╌╌╌╌╌╌╌╌╌╌│╌╌╌╌╌╌╌╌╌╌╌╌╌╌╌╌╌{/}
{bg=#24273a}                 {/}{fg=#363a4f bg=#24273a}│{/}{bg=#24273a}            {/}{fg=#363a4f bg=#2e2e45}│{/}{bg=#2e2e45}            {/}{fg=#363a4f bg=#24273a}│{/}{bg=#24273a}            {/}{fg=#363a4f bg=#24273a}│{/}{bg=#24273a}            {/}{fg=#363a4f bg=#24273a}│{/}{bg=#24273a}            {/}{fg=#363a4f bg=#24273a}│{/}{bg=#24273a}                 {/}
{fg=#6e738d bg=#24273a}19  {/}{fg=#363a4f bg=#24273a}╌╌╌╌╌╌╌╌╌╌╌╌╌│╌╌╌╌╌╌╌╌╌╌╌╌{/}{fg=#363a4f bg=#2e2e45}│╌╌╌╌╌╌╌╌╌╌╌╌{/}{fg=#363a4f bg=#24273a}│╌╌╌╌╌╌╌╌╌╌╌╌│╌╌╌╌╌╌╌╌╌╌╌╌│╌╌╌╌╌╌╌╌╌╌╌╌│╌╌╌╌╌╌╌╌╌╌╌╌╌╌╌╌╌{/}
{fg=#6e738d bg=#24273a}20  {/}{fg=#363a4f bg=#24273a}╌╌╌╌╌╌╌╌╌╌╌╌╌│╌╌╌╌╌╌╌╌╌╌╌╌{/}{fg=#363a4f bg=#2e2e45}│╌╌╌╌╌╌╌╌╌╌╌╌{/}{fg=#363a4f bg=#24273a}│╌╌╌╌╌╌╌╌╌╌╌╌│╌╌╌╌╌╌╌╌╌╌╌╌│╌╌╌╌╌╌╌╌╌╌╌╌│╌╌╌╌╌╌╌╌╌╌╌╌╌╌╌╌╌{/}
{bg=#24273a}                 {/}{fg=#363a4f bg=#24273a}│{/}{bg=#24273a}            {/}{fg=#363a4f bg=#2e2e45}│{/}{bg=#2e2e45}            {/}{fg=#363a4f bg=#24273a}│{/}{bg=#24273a}            {/}{fg=#363a4f bg=#24273a}│{/}{bg=#24273a}            {/}{fg=#363a4f bg=#24273a}│{/}{bg=#24273a}            {/}{fg=#363a4f bg=#24273a}│{/}{bg=#24273a}                 {/}
{fg=#6e738d bg=#24273a}21  {/}{fg=#363a4f bg=#24273a}╌╌╌╌╌╌╌╌╌╌╌╌╌│╌╌╌╌╌╌╌╌╌╌╌╌{/}{fg=#363a4f bg=#2e2e45}│╌╌╌╌╌╌╌╌╌╌╌╌{/}{fg=#363a4f bg=#24273a}│╌╌╌╌╌╌╌╌╌╌╌╌│╌╌╌╌╌╌╌╌╌╌╌╌│╌╌╌╌╌╌╌╌╌╌╌╌│╌╌╌╌╌╌╌╌╌╌╌╌╌╌╌╌╌{/}
{bg=#24273a}                 {/}{fg=#363a4f bg=#24273a}│{/}{bg=#24273a}            {/}{fg=#363a4f bg=#2e2e45}│{/}{bg=#2e2e45}            {/}{fg=#363a4f bg=#24273a}│{/}{bg=#24273a}            {/}{fg=#363a4f bg=#24273a}│{/}{bg=#24273a}            {/}{fg=#363a4f bg=#24273a}│{/}{bg=#24273a}            {/}{fg=#363a4f bg=#24273a}│{/}{bg=#24273a}                 {/}
{bg=#24273a} {/}{fg=#a5adcb bg=#363a4f} ● week {/}{bg=#24273a}   {/}{fg=#a5adcb bg=#24273a mod=bold}←→{/}{fg=#6e738d bg=#24273a} day   {/}{fg=#a5adcb bg=#24273a mod=bold}↑↓{/}{fg=#6e738d bg=#24273a} task   {/}{fg=#a5adcb bg=#24273a mod=bold}<{/}{fg=#6e738d bg=#24273a} > week   {/}{fg=#a5adcb bg=#24273a mod=bold}v{/}{fg=#6e738d bg=#24273a} blocks/agenda   {/}{fg=#a5adcb bg=#24273a mod=bold}Enter{/}{fg=#6e738d bg=#24273a} edit   {/}{fg=#a5adcb bg=#24273a mod=bold}n{/}{fg=#6e738d bg=#24273a} new   {/}{fg=#a5adcb bg=#24273a mod=bold}Esc{/}{fg=#6e738d bg=#24273a} list   {/}{fg=#a5adcb bg=#24273a mod=bold}␣{/}{fg=#6e738d bg=#24273a} more… {/}
