---
source: tests/snapshots.rs
expression: buffer_to_text(&buf)
---
                       │                                          │                                 
  ■ tasq               │  All tasks  wednesday 6 may              │  no task selected               
                       │  0 tasks                                 │                                 
   ⌂ Home              │   + filter            sort · priority ▾  │                                 
   ◉ Today          0  │                                          │                                 
   ◷ Upcoming       0  │                                          │                                 
   ▦ Calendar          │                                          │                                 
   ✎ Notes             │                                          │                                 
   ⌕ Search        ^K ╭ tasq · welcome ──────────────────────────────────────╮                      
                      │                    ██          ██                    │                      
  FILTERS             │                    ████  ██  ████                    │                      
   ⚑ High priority  0 │                    ██████████████                    │                      
   ★ Starred        0 │                    ████  ██  ████                    │                      
   ◷ Overdue        0 │                    ██          ██                    │                      
                      │                                                      │                      
                      │  no todo.txt in this folder yet                      │                      
                      │                                                      │                      
                      │   c           create ./todo.txt here                 │                      
                      │   s           open the sample                        │                      
                      │   q / Ctrl-c  quit                                   │                      
                      │                                                      │                      
                      │                                                      │                      
                      │                                                      │                      
                      ╰──────────────────────────────────────────────────────╯                      
                       │                                          │                                 
                       │                                          │                                 
 ╭───────────────────╮ │                                          │                                 
 │  Y  you           │ │                                          │                                 
 │     ● todo.txt    │ │                                          │                                 
 ╰───────────────────╯ │                                          │                                 
                       │                                          │                                 
  ● welcome                                          c create ./todo.txt   s open sample   q quit
