---
source: tests/snapshots.rs
expression: buffer_to_text(&buf)
---
                       │                                          │                                 
  ■ tasq               │  All tasks  wednesday 6 may              │  Finish Q2 board deck           
                       │  4 tasks                                 │                                 
   ⌂ Home              │   ⌕ work ×   + filter                    │  due      today                 
   ▤ Inbox          3  │                                          │  space    ● work                
   ◉ Today          1  │  PRIORITY A ─────────────────────────────│  priority ⚑ high                
   ◷ Upcoming       6  │▎ ☐ ⚑ Finish Q2 board deck  ◷ due today   │  tags     @laptop               
   ▦ Calendar          │                                          │                                 
   ✎ Notes             │  PRIORITY B ─────────────────────────────│                                 
   ⌕ Search        ^K  │  ☐ ⚑ Review pull requests for auth refact│                                 
                       │  ☐ ⚑ Draft hiring rubric for senior eng  │                                 
  SPACES               │                                          │                                 
   ● work           4  │  NO PRIORITY ────────────────────────────│                                 
   ● health         3  │  ☐ Migrate analytics to new pipeline  ◷ b│                                 
   ● finance        2  │                                          │                                 
   ● home           1  │                                          │                                 
   ● learning       1  │                                          │                                 
   ● personal       1  │                                          │                                 
   ● travel         1  │                                          │                                 
                       │                                          │                                 
  FILTERS              │                                          │                                 
   ⚑ High priority  2  │                                          │                                 
   ★ Starred        0  │                                          │                                 
   ◷ Overdue        7  │                                          │                                 
                       │                                          │                                 
                       │                                          │                                 
 ╭───────────────────╮ │                                          │                                 
 │  Y  you           │ │                                          │                                 
 │     ● todo.txt    │ │                                          │                                 
 ╰───────────────────╯ │                                          │                                 
                       │                                          │                                 
  ● normal   All tasks · 4 tasks             x done   e edit   r reschedule   Tab details   ␣ more…
