---
source: tests/snapshots.rs
expression: buffer_to_text(&buf)
---
 VIEWS                      d Day   w Week   m Month    ‹ wednesday 6 may ›                         
   Today             6 1  ──────────────────────────────────────────────────────────────────────────
   Upcoming          6 2  all day  ◷ Finish Q2 board deck   Plan the week                           
   All              20 3  ┄┄┄┄┄┄┄┄┄┄┄┄┄┄┄┄┄┄┄┄┄┄┄┄┄┄┄┄┄┄┄┄┄┄┄┄┄┄┄┄┄┄┄┄┄┄┄┄┄┄┄┄┄┄┄┄┄┄┄┄┄┄┄┄┄┄┄┄┄┄┄┄┄┄
 ▸ Day               6 4  07:00   ▎ Gym · 07:00                                                     
   Week             12 5  08:00   ╌╌╌╌╌╌╌╌╌╌╌╌╌╌╌╌╌╌╌╌╌╌╌╌╌╌╌╌╌╌╌╌╌╌╌╌╌╌╌╌╌╌╌╌╌╌╌╌╌╌╌╌╌╌╌╌╌╌╌╌╌╌╌╌╌╌
   Month            36 6                                                                            
                          09:00   ▎ Teoria AII                                                      
 SPACES                           ▎ 09:00 – 11:00 · Uni › AII                                       
   ● work            4    10:00   ▎                                                                 
   ● health          3            ▎                                                                 
   ● personal        3    11:00   ╌╌╌╌╌╌╌╌╌╌╌╌╌╌╌╌╌╌╌╌╌╌╌╌╌╌╌╌╌╌╌╌╌╌╌╌╌╌╌╌╌╌╌╌╌╌╌╌╌╌╌╌╌╌╌╌╌╌╌╌╌╌╌╌╌╌
   ● Uni             2            ▎ Fisio · 11:30                                                   
     ● AII           1    12:00   ╌╌╌╌╌╌╌╌╌╌╌╌╌╌╌╌╌╌╌╌╌╌╌╌╌╌╌╌╌╌╌╌╌╌╌╌╌╌╌╌╌╌╌╌╌╌╌╌╌╌╌╌╌╌╌╌╌╌╌╌╌╌╌╌╌╌
     ● TIS           1    12:40 ● ──────────────────────────────────────────────────────────────────
   ● finance         2                                                                              
   ● home            1    14:00   ╌╌╌╌╌╌╌╌╌╌╌╌╌╌╌╌╌╌╌╌╌╌╌╌╌╌╌╌╌╌╌╌╌╌╌╌╌╌╌╌╌╌╌╌╌╌╌╌╌╌╌╌╌╌╌╌╌╌╌╌╌╌╌╌╌╌
   ● learning        1                                                                              
   ● travel          1    15:00   ╌╌╌╌╌╌╌╌╌╌╌╌╌╌╌╌╌╌╌╌╌╌╌╌╌╌╌╌╌╌╌╌╌╌╌╌╌╌╌╌╌╌╌╌╌╌╌╌╌╌╌╌╌╌╌╌╌╌╌╌╌╌╌╌╌╌
                                                                                                    
 TAGS                     16:00   ▎ (A) Trabajo TIS                                                 
   @errands          4            ▎ 16:00 – 18:00 · Uni › TIS                                       
   @home             4    17:00   ▎                                                                 
   @laptop           4    18:00   ╌╌╌╌╌╌╌╌╌╌╌╌╌╌╌╌╌╌╌╌╌╌╌╌╌╌╌╌╌╌╌╌╌╌╌╌╌╌╌╌╌╌╌╌╌╌╌╌╌╌╌╌╌╌╌╌╌╌╌╌╌╌╌╌╌╌
   @phone            3                                                                              
                          19:00   ╌╌╌╌╌╌╌╌╌╌╌╌╌╌╌╌╌╌╌╌╌╌╌╌╌╌╌╌╌╌╌╌╌╌╌╌╌╌╌╌╌╌╌╌╌╌╌╌╌╌╌╌╌╌╌╌╌╌╌╌╌╌╌╌╌╌
                                                                                                    
                          20:00   ╌╌╌╌╌╌╌╌╌╌╌╌╌╌╌╌╌╌╌╌╌╌╌╌╌╌╌╌╌╌╌╌╌╌╌╌╌╌╌╌╌╌╌╌╌╌╌╌╌╌╌╌╌╌╌╌╌╌╌╌╌╌╌╌╌╌
                                                                                                    
                          21:00   ╌╌╌╌╌╌╌╌╌╌╌╌╌╌╌╌╌╌╌╌╌╌╌╌╌╌╌╌╌╌╌╌╌╌╌╌╌╌╌╌╌╌╌╌╌╌╌╌╌╌╌╌╌╌╌╌╌╌╌╌╌╌╌╌╌╌
                                                                                                    
 DAY   ↑↓ task · ←→ day · Enter edit · x done · n new · J/K move ·20 open · 2026-05-06 · tasq 0.0.0
