---
source: tests/snapshots.rs
expression: buffer_to_text(&buf)
---
                           │ ▶▮◀ done.txt  •  0 tasks  •  sort:compl DETAIL                         
  ▣ tasq                   │                                                                        
                           │   no completed tasks yet                (no task)                      
   ◉ Today              1  │                                                                        
   ◷ Upcoming           6  │                                                                        
   ≡ All tasks         15  │                                                                        
   ▦ Calendar              │                                                                        
   ⌕ Search             /  │                                                                        
                           │                                                                        
  SPACES                   │                                                                        
   ● work               4  │                                                                        
   ● health             3  │                                                                        
   ● finance            2  │                                                                        
   ● home               1  │                                                                        
   ● learning           1  │                                                                        
   ● personal           1  │                                                                        
   ● travel             1  │                                                                        
                           │                                                                        
  FILTERS                  │                                                                        
   ⚑ High priority      2  │                                                                        
   ★ Starred            0  │                                                                        
   ◷ Overdue            7  │                                                                        
                           │                                                                        
                           │                                                                        
                           │                                                                        
                           │                                                                        
                           │                                                                        
 ╭───────────────────────╮ │                                                                        
 │  Y  you ● file        │ │                                                                        
 ╰───────────────────────╯ │                                                                        
                           │                                                                        
   ● archive     n new task · Tab sidebar                                                    ␣ menu
