---
source: tests/snapshots.rs
expression: buffer_to_styled(&buf)
---
{fg=#cad3f5 bg=#1e2030}                       {/}{fg=#363a4f bg=#1e2030}│{/}{bg=#24273a}                                          {/}{fg=#363a4f bg=#212435}│{/}{bg=#212435}                                 {/}
{fg=#cad3f5 bg=#1e2030}  {/}{fg=#c6a0f6 bg=#1e2030}■{/}{fg=#cad3f5 bg=#1e2030} {/}{fg=#cad3f5 bg=#1e2030 mod=bold}t{/}{fg=#363a4f bg=#1e2030}╭ {/}{fg=#c6a0f6 bg=#1e2030 mod=bold}tasq{/}{fg=#6e738d bg=#1e2030} · help · {/}{fg=#c6a0f6 bg=#1e2030 mod=bold}tasks{/}{fg=#6e738d bg=#1e2030} notes (Tab) {/}{fg=#363a4f bg=#1e2030}───────────────────────────────────────────────────────╮{/}{bg=#212435}     {/}
{fg=#cad3f5 bg=#1e2030}     {/}{fg=#363a4f bg=#1e2030}│{/}{fg=#cad3f5 bg=#1e2030}  {/}{fg=#c6a0f6 bg=#1e2030 mod=bold}NAVIGATION{/}{fg=#cad3f5 bg=#1e2030}                                  {/}{fg=#c6a0f6 bg=#1e2030 mod=bold}VIEW{/}{fg=#cad3f5 bg=#1e2030}                                      {/}{fg=#363a4f bg=#1e2030}│{/}{bg=#212435}     {/}
{fg=#cad3f5 bg=#1e2030}   {/}{fg=#a5adcb bg=#1e2030}⌂{/}{fg=#cad3f5 bg=#1e2030} {/}{fg=#363a4f bg=#1e2030}│{/}{fg=#cad3f5 bg=#1e2030}    {/}{fg=#f5bde6 bg=#1e2030 mod=bold}j / k  (↓ / ↑)    {/}{fg=#cad3f5 bg=#1e2030}next / previous task      {/}{fg=#f5bde6 bg=#1e2030 mod=bold}1-3 / 4-6         {/}{fg=#cad3f5 bg=#1e2030}lists / calendar      {/}{fg=#363a4f bg=#1e2030}│{/}{bg=#212435}     {/}
{fg=#cad3f5 bg=#1e2030}   {/}{fg=#a5adcb bg=#1e2030}▤{/}{fg=#cad3f5 bg=#1e2030} {/}{fg=#363a4f bg=#1e2030}│{/}{fg=#cad3f5 bg=#1e2030}    {/}{fg=#f5bde6 bg=#1e2030 mod=bold}gg / G            {/}{fg=#cad3f5 bg=#1e2030}first / last task         {/}{fg=#f5bde6 bg=#1e2030 mod=bold}/                 {/}{fg=#cad3f5 bg=#1e2030}fuzzy search          {/}{fg=#363a4f bg=#1e2030}│{/}{bg=#212435}     {/}
{fg=#cad3f5 bg=#1e2030}   {/}{fg=#a5adcb bg=#1e2030}◉{/}{fg=#cad3f5 bg=#1e2030} {/}{fg=#363a4f bg=#1e2030}│{/}{fg=#cad3f5 bg=#1e2030}    {/}{fg=#f5bde6 bg=#1e2030 mod=bold}Ctrl-d / Ctrl-u   {/}{fg=#cad3f5 bg=#1e2030}page down / up            {/}{fg=#f5bde6 bg=#1e2030 mod=bold}f / X             {/}{fg=#cad3f5 bg=#1e2030}filter… / clear all   {/}{fg=#363a4f bg=#1e2030}│{/}{bg=#212435}     {/}
{fg=#cad3f5 bg=#1e2030}   {/}{fg=#a5adcb bg=#1e2030}◷{/}{fg=#cad3f5 bg=#1e2030} {/}{fg=#363a4f bg=#1e2030}│{/}{fg=#cad3f5 bg=#1e2030}                                                {/}{fg=#f5bde6 bg=#1e2030 mod=bold}Tab               {/}{fg=#cad3f5 bg=#1e2030}details · sidebar     {/}{fg=#363a4f bg=#1e2030}│{/}{bg=#212435}     {/}
{fg=#cad3f5 bg=#1e2030}   {/}{fg=#a5adcb bg=#1e2030}▦{/}{fg=#cad3f5 bg=#1e2030} {/}{fg=#363a4f bg=#1e2030}│{/}{fg=#cad3f5 bg=#1e2030}  {/}{fg=#c6a0f6 bg=#1e2030 mod=bold}EDITING{/}{fg=#cad3f5 bg=#1e2030}                                       {/}{fg=#f5bde6 bg=#1e2030 mod=bold}S                 {/}{fg=#cad3f5 bg=#1e2030}cycle sort            {/}{fg=#363a4f bg=#1e2030}│{/}{bg=#212435}     {/}
{fg=#cad3f5 bg=#1e2030}   {/}{fg=#a5adcb bg=#1e2030}✎{/}{fg=#cad3f5 bg=#1e2030} {/}{fg=#363a4f bg=#1e2030}│{/}{fg=#cad3f5 bg=#1e2030}    {/}{fg=#f5bde6 bg=#1e2030 mod=bold}n / o             {/}{fg=#cad3f5 bg=#1e2030}new task / open notes     {/}{fg=#f5bde6 bg=#1e2030 mod=bold}v                 {/}{fg=#cad3f5 bg=#1e2030}visual / multi-select {/}{fg=#363a4f bg=#1e2030}│{/}{bg=#212435}     {/}
{fg=#cad3f5 bg=#1e2030}   {/}{fg=#a5adcb bg=#1e2030}⌕{/}{fg=#cad3f5 bg=#1e2030} {/}{fg=#363a4f bg=#1e2030}│{/}{fg=#cad3f5 bg=#1e2030}    {/}{fg=#f5bde6 bg=#1e2030 mod=bold}e / i             {/}{fg=#cad3f5 bg=#1e2030}edit (normal / insert)    {/}{fg=#f5bde6 bg=#1e2030 mod=bold}l                 {/}{fg=#cad3f5 bg=#1e2030}list view             {/}{fg=#363a4f bg=#1e2030}│{/}{bg=#212435}     {/}
{fg=#cad3f5 bg=#1e2030}     {/}{fg=#363a4f bg=#1e2030}│{/}{fg=#cad3f5 bg=#1e2030}    {/}{fg=#f5bde6 bg=#1e2030 mod=bold}r                 {/}{fg=#cad3f5 bg=#1e2030}reschedule task           {/}{fg=#f5bde6 bg=#1e2030 mod=bold}a                 {/}{fg=#cad3f5 bg=#1e2030}archive view          {/}{fg=#363a4f bg=#1e2030}│{/}{bg=#212435}     {/}
{fg=#cad3f5 bg=#1e2030}  {/}{fg=#6e738d bg=#1e2030}SPA{/}{fg=#363a4f bg=#1e2030}│{/}{fg=#cad3f5 bg=#1e2030}    {/}{fg=#f5bde6 bg=#1e2030 mod=bold}x                 {/}{fg=#cad3f5 bg=#1e2030}toggle complete           {/}{fg=#f5bde6 bg=#1e2030 mod=bold}A                 {/}{fg=#cad3f5 bg=#1e2030}archive completed     {/}{fg=#363a4f bg=#1e2030}│{/}{bg=#212435}     {/}
{fg=#cad3f5 bg=#1e2030}   {/}{fg=#8aadf4 bg=#1e2030}●{/}{fg=#cad3f5 bg=#1e2030} {/}{fg=#363a4f bg=#1e2030}│{/}{fg=#cad3f5 bg=#1e2030}    {/}{fg=#f5bde6 bg=#1e2030 mod=bold}dd                {/}{fg=#cad3f5 bg=#1e2030}delete task               {/}{fg=#f5bde6 bg=#1e2030 mod=bold}H                 {/}{fg=#cad3f5 bg=#1e2030}show done in list     {/}{fg=#363a4f bg=#1e2030}│{/}{bg=#212435}     {/}
{fg=#cad3f5 bg=#1e2030}   {/}{fg=#b7bdf8 bg=#1e2030}●{/}{fg=#cad3f5 bg=#1e2030} {/}{fg=#363a4f bg=#1e2030}│{/}{fg=#cad3f5 bg=#1e2030}    {/}{fg=#f5bde6 bg=#1e2030 mod=bold}p / *             {/}{fg=#cad3f5 bg=#1e2030}priority A→B→C / star     {/}{fg=#f5bde6 bg=#1e2030 mod=bold}F                 {/}{fg=#cad3f5 bg=#1e2030}show future in list   {/}{fg=#363a4f bg=#1e2030}│{/}{bg=#212435}     {/}
{fg=#cad3f5 bg=#1e2030}   {/}{fg=#8bd5ca bg=#1e2030}●{/}{fg=#cad3f5 bg=#1e2030} {/}{fg=#363a4f bg=#1e2030}│{/}{fg=#cad3f5 bg=#1e2030}    {/}{fg=#f5bde6 bg=#1e2030 mod=bold}J / K             {/}{fg=#cad3f5 bg=#1e2030}move task down / up       {/}{fg=#f5bde6 bg=#1e2030 mod=bold}[ / ]             {/}{fg=#cad3f5 bg=#1e2030}toggle filter / detail{/}{fg=#363a4f bg=#1e2030}│{/}{bg=#212435}     {/}
{fg=#cad3f5 bg=#1e2030}   {/}{fg=#f5bde6 bg=#1e2030}●{/}{fg=#cad3f5 bg=#1e2030} {/}{fg=#363a4f bg=#1e2030}│{/}{fg=#cad3f5 bg=#1e2030}    {/}{fg=#f5bde6 bg=#1e2030 mod=bold}c                 {/}{fg=#cad3f5 bg=#1e2030}add/remove context        {/}{fg=#f5bde6 bg=#1e2030 mod=bold}T                 {/}{fg=#cad3f5 bg=#1e2030}theme picker          {/}{fg=#363a4f bg=#1e2030}│{/}{bg=#212435}     {/}
{fg=#cad3f5 bg=#1e2030}   {/}{fg=#f5a97f bg=#1e2030}●{/}{fg=#cad3f5 bg=#1e2030} {/}{fg=#363a4f bg=#1e2030}│{/}{fg=#cad3f5 bg=#1e2030}    {/}{fg=#f5bde6 bg=#1e2030 mod=bold}+                 {/}{fg=#cad3f5 bg=#1e2030}add project               {/}{fg=#f5bde6 bg=#1e2030 mod=bold}D                 {/}{fg=#cad3f5 bg=#1e2030}cycle density         {/}{fg=#363a4f bg=#1e2030}│{/}{bg=#212435}     {/}
{fg=#cad3f5 bg=#1e2030}   {/}{fg=#8bd5ca bg=#1e2030}●{/}{fg=#cad3f5 bg=#1e2030} {/}{fg=#363a4f bg=#1e2030}│{/}{fg=#cad3f5 bg=#1e2030}    {/}{fg=#f5bde6 bg=#1e2030 mod=bold}yy / yb           {/}{fg=#cad3f5 bg=#1e2030}copy line / body          {/}{fg=#f5bde6 bg=#1e2030 mod=bold}L                 {/}{fg=#cad3f5 bg=#1e2030}toggle line numbers   {/}{fg=#363a4f bg=#1e2030}│{/}{bg=#212435}     {/}
{fg=#cad3f5 bg=#1e2030}   {/}{fg=#c6a0f6 bg=#1e2030}●{/}{fg=#cad3f5 bg=#1e2030} {/}{fg=#363a4f bg=#1e2030}│{/}{fg=#cad3f5 bg=#1e2030}    {/}{fg=#f5bde6 bg=#1e2030 mod=bold}u                 {/}{fg=#cad3f5 bg=#1e2030}undo                                                              {/}{fg=#363a4f bg=#1e2030}│{/}{bg=#212435}     {/}
{fg=#cad3f5 bg=#1e2030}     {/}{fg=#363a4f bg=#1e2030}│{/}{fg=#cad3f5 bg=#1e2030}                                              {/}{fg=#c6a0f6 bg=#1e2030 mod=bold}SYSTEM{/}{fg=#cad3f5 bg=#1e2030}                                    {/}{fg=#363a4f bg=#1e2030}│{/}{bg=#212435}     {/}
{fg=#cad3f5 bg=#1e2030}  {/}{fg=#6e738d bg=#1e2030}FIL{/}{fg=#363a4f bg=#1e2030}│{/}{fg=#cad3f5 bg=#1e2030}  {/}{fg=#c6a0f6 bg=#1e2030 mod=bold}RECURRENCE (rec:){/}{fg=#cad3f5 bg=#1e2030}                             {/}{fg=#f5bde6 bg=#1e2030 mod=bold}: / Ctrl-P        {/}{fg=#cad3f5 bg=#1e2030}command palette       {/}{fg=#363a4f bg=#1e2030}│{/}{bg=#212435}     {/}
{fg=#cad3f5 bg=#1e2030}   {/}{fg=#ed8796 bg=#1e2030}⚑{/}{fg=#cad3f5 bg=#1e2030} {/}{fg=#363a4f bg=#1e2030}│{/}{fg=#cad3f5 bg=#1e2030}    {/}{fg=#f5bde6 bg=#1e2030 mod=bold}j / k / Tab       {/}{fg=#cad3f5 bg=#1e2030}next / prev field         {/}{fg=#f5bde6 bg=#1e2030 mod=bold}s                 {/}{fg=#cad3f5 bg=#1e2030}share capture QR      {/}{fg=#363a4f bg=#1e2030}│{/}{bg=#212435}     {/}
{fg=#cad3f5 bg=#1e2030}   {/}{fg=#eed49f bg=#1e2030}★{/}{fg=#cad3f5 bg=#1e2030} {/}{fg=#363a4f bg=#1e2030}│{/}{fg=#cad3f5 bg=#1e2030}    {/}{fg=#f5bde6 bg=#1e2030 mod=bold}h / l / + / -     {/}{fg=#cad3f5 bg=#1e2030}change value              {/}{fg=#f5bde6 bg=#1e2030 mod=bold}? / ,             {/}{fg=#cad3f5 bg=#1e2030}help / settings       {/}{fg=#363a4f bg=#1e2030}│{/}{bg=#212435}     {/}
{fg=#cad3f5 bg=#1e2030}   {/}{fg=#ed8796 bg=#1e2030}◷{/}{fg=#cad3f5 bg=#1e2030} {/}{fg=#363a4f bg=#1e2030}│{/}{fg=#cad3f5 bg=#1e2030}    {/}{fg=#f5bde6 bg=#1e2030 mod=bold}Enter / Esc       {/}{fg=#cad3f5 bg=#1e2030}save / cancel             {/}{fg=#f5bde6 bg=#1e2030 mod=bold}q / Ctrl-c        {/}{fg=#cad3f5 bg=#1e2030}quit                  {/}{fg=#363a4f bg=#1e2030}│{/}{bg=#212435}     {/}
{fg=#cad3f5 bg=#1e2030}     {/}{fg=#363a4f bg=#1e2030}│────────────────────────────────────────────────────────────────────────────────────────│{/}{bg=#212435}     {/}
{fg=#cad3f5 bg=#1e2030}     {/}{fg=#363a4f bg=#1e2030}│{/}{fg=#cad3f5 bg=#1e2030}  {/}{fg=#c6a0f6 bg=#1e2030 mod=bold}FORMAT{/}{fg=#cad3f5 bg=#1e2030}                                                                                {/}{fg=#363a4f bg=#1e2030}│{/}{bg=#212435}     {/}
{fg=#cad3f5 bg=#1e2030} {/}{fg=#363a4f bg=#24273a}╭───{/}{fg=#363a4f bg=#1e2030}│{/}{fg=#cad3f5 bg=#1e2030}    {/}{fg=#f5bde6 bg=#1e2030 mod=bold}(A)               {/}{fg=#cad3f5 bg=#1e2030}priority A-Z              {/}{fg=#f5bde6 bg=#1e2030 mod=bold}due:YYYY-MM-DD    {/}{fg=#cad3f5 bg=#1e2030}due date (+1w = range){/}{fg=#363a4f bg=#1e2030}│{/}{bg=#212435}     {/}
{fg=#cad3f5 bg=#1e2030} {/}{fg=#363a4f bg=#24273a}│{/}{fg=#cad3f5 bg=#24273a} {/}{fg=#24273a bg=#f5a97f mod=bold} Y{/}{fg=#363a4f bg=#1e2030}│{/}{fg=#cad3f5 bg=#1e2030}    {/}{fg=#f5bde6 bg=#1e2030 mod=bold}YYYY-MM-DD        {/}{fg=#cad3f5 bg=#1e2030}creation / done date      {/}{fg=#f5bde6 bg=#1e2030 mod=bold}rec:Nu            {/}{fg=#cad3f5 bg=#1e2030}recur (u in d/w/m/y/b){/}{fg=#363a4f bg=#1e2030}│{/}{bg=#212435}     {/}
{fg=#cad3f5 bg=#1e2030} {/}{fg=#363a4f bg=#24273a}│{/}{fg=#cad3f5 bg=#24273a}   {/}{fg=#363a4f bg=#1e2030}│{/}{fg=#cad3f5 bg=#1e2030}    {/}{fg=#f5bde6 bg=#1e2030 mod=bold}+project          {/}{fg=#cad3f5 bg=#1e2030}project tag(s)            {/}{fg=#f5bde6 bg=#1e2030 mod=bold}rec:+Nu           {/}{fg=#cad3f5 bg=#1e2030}strict: anchor on due:{/}{fg=#363a4f bg=#1e2030}│{/}{bg=#212435}     {/}
{fg=#cad3f5 bg=#1e2030} {/}{fg=#363a4f bg=#24273a}╰───{/}{fg=#363a4f bg=#1e2030}╰────────────────────────────────────────────────────────────────────────────────────────╯{/}{bg=#212435}     {/}
{fg=#cad3f5 bg=#1e2030}                       {/}{fg=#363a4f bg=#1e2030}│{/}{fg=#cad3f5 bg=#24273a}                                          {/}{fg=#363a4f bg=#212435}│{/}{bg=#212435}                                 {/}
{bg=#24273a} {/}{fg=#a5adcb bg=#363a4f} ● help {/}{bg=#24273a}                                                   {/}{fg=#a5adcb bg=#24273a mod=bold}Tab{/}{fg=#6e738d bg=#24273a} tasks ⇄ notes page   {/}{fg=#a5adcb bg=#24273a mod=bold}?{/}{fg=#6e738d bg=#24273a} close help   {/}
