---
source: tests/snapshots.rs
expression: buffer_to_text(&buf)
---
                           │  d Day   w Week   m Month    ‹ wednesday 6 may ›                       
  ▣ tasq                   │────────────────────────────────────────────────────────────────────────
                           │all day  ◷ Finish Q2 board deck   Plan the week                         
   ◉ Today              6  │┄┄┄┄┄┄┄┄┄┄┄┄┄┄┄┄┄┄┄┄┄┄┄┄┄┄┄┄┄┄┄┄┄┄┄┄┄┄┄┄┄┄┄┄┄┄┄┄┄┄┄┄┄┄┄┄┄┄┄┄┄┄┄┄┄┄┄┄┄┄┄┄
   ◷ Upcoming           6  │07:00   ▎ Gym · 07:00                                                   
   ≡ All tasks         20  │08:00   ╌╌╌╌╌╌╌╌╌╌╌╌╌╌╌╌╌╌╌╌╌╌╌╌╌╌╌╌╌╌╌╌╌╌╌╌╌╌╌╌╌╌╌╌╌╌╌╌╌╌╌╌╌╌╌╌╌╌╌╌╌╌╌╌
   ▦ Calendar              │                                                                        
   ⌕ Search             /  │09:00   ▎ Teoria AII                                                    
                           │        ▎ 09:00 – 11:00 · Uni › AII                                     
  SPACES                   │10:00   ▎                                                               
   ● work               4  │        ▎                                                               
   ● health             3  │11:00   ╌╌╌╌╌╌╌╌╌╌╌╌╌╌╌╌╌╌╌╌╌╌╌╌╌╌╌╌╌╌╌╌╌╌╌╌╌╌╌╌╌╌╌╌╌╌╌╌╌╌╌╌╌╌╌╌╌╌╌╌╌╌╌╌
   ● personal           3  │        ▎ Fisio · 11:30                                                 
   ● Uni                2  │12:00   ╌╌╌╌╌╌╌╌╌╌╌╌╌╌╌╌╌╌╌╌╌╌╌╌╌╌╌╌╌╌╌╌╌╌╌╌╌╌╌╌╌╌╌╌╌╌╌╌╌╌╌╌╌╌╌╌╌╌╌╌╌╌╌╌
     ● AII              1  │12:40 ● ────────────────────────────────────────────────────────────────
     ● TIS              1  │                                                                        
   ● finance            2  │14:00   ╌╌╌╌╌╌╌╌╌╌╌╌╌╌╌╌╌╌╌╌╌╌╌╌╌╌╌╌╌╌╌╌╌╌╌╌╌╌╌╌╌╌╌╌╌╌╌╌╌╌╌╌╌╌╌╌╌╌╌╌╌╌╌╌
   ● home               1  │                                                                        
   ● learning           1  │15:00   ╌╌╌╌╌╌╌╌╌╌╌╌╌╌╌╌╌╌╌╌╌╌╌╌╌╌╌╌╌╌╌╌╌╌╌╌╌╌╌╌╌╌╌╌╌╌╌╌╌╌╌╌╌╌╌╌╌╌╌╌╌╌╌╌
   ● travel             1  │                                                                        
                           │16:00   ▎ (A) Trabajo TIS                                               
  FILTERS                  │        ▎ 16:00 – 18:00 · Uni › TIS                                     
   ⚑ High priority      3  │17:00   ▎                                                               
   ★ Starred            0  │18:00   ╌╌╌╌╌╌╌╌╌╌╌╌╌╌╌╌╌╌╌╌╌╌╌╌╌╌╌╌╌╌╌╌╌╌╌╌╌╌╌╌╌╌╌╌╌╌╌╌╌╌╌╌╌╌╌╌╌╌╌╌╌╌╌╌
   ◷ Overdue            7  │                                                                        
                           │19:00   ╌╌╌╌╌╌╌╌╌╌╌╌╌╌╌╌╌╌╌╌╌╌╌╌╌╌╌╌╌╌╌╌╌╌╌╌╌╌╌╌╌╌╌╌╌╌╌╌╌╌╌╌╌╌╌╌╌╌╌╌╌╌╌╌
                           │                                                                        
 ╭───────────────────────╮ │20:00   ╌╌╌╌╌╌╌╌╌╌╌╌╌╌╌╌╌╌╌╌╌╌╌╌╌╌╌╌╌╌╌╌╌╌╌╌╌╌╌╌╌╌╌╌╌╌╌╌╌╌╌╌╌╌╌╌╌╌╌╌╌╌╌╌
 │  Y  you ● file        │ │                                                                        
 ╰───────────────────────╯ │21:00   ╌╌╌╌╌╌╌╌╌╌╌╌╌╌╌╌╌╌╌╌╌╌╌╌╌╌╌╌╌╌╌╌╌╌╌╌╌╌╌╌╌╌╌╌╌╌╌╌╌╌╌╌╌╌╌╌╌╌╌╌╌╌╌╌
                           │                                                                        
   ● day     ↑↓ task · ←→ day · Enter edit · x done · n new · J/K move · Esc list            ␣ menu
