---
source: tests/snapshots.rs
expression: buffer_to_text(&buf)
---
                                                                                                    
  All tasks  wednesday 6 may                                                                        
  15 tasks                                                                                          
   + filter                                                                      sort · priority ▾  
                                                                                                    
  PRIORITY A ───────────────────────────────────────────────────────────────────────────────────────
▎ ☐ ⚑ Finish Q2 board deck  ◷ due today   ● work  @laptop                                           
  ☐ ⚑ Call dentist to reschedule cleaning  ◷ by fri 8 may   ● health  @phone                        
  PRIORITY B ───────────────────────────────────────────────────────────────────────────────────────
  ☐ ⚑ Review pull requests for auth refactor  ◷ by tomorrow   ● work  @laptop                       
  ☐ ⚑ Renew passport before summer trip  ◷ by wed 20 may   ● travel  @errands                       
  ☐ ⚑ Draft hiring rubric for senior eng  ● work  @laptop                                           
  PRIORITY C ───────────────────────────────────────────────────────────────────────────────────────
  ☐ ⚑ Pay quarterly estimated taxes  ◷ by mon 15 jun   ● finance  @home                             
  ☐ ⚑ Order new running shoes  ● health  @errands                                                   
  NO PRIORITY ──────────────────────────────────────────────────────────────────────────────────────
  ☐ Migrate analytics to new pipeline  ◷ by fri 15 may   ● work  @laptop                            
  ☐ Pay rent  ◷ by fri 15 may   ↻ every month   ● finance  @home                                    
  ☐ Pick up dry cleaning @errands                                                                   
  ☐ Schedule annual physical  ● health  @phone                                                      
  ☐ Read "Designing Data-Intensive Applications" ch. 4  ● learning  @home                           
  ☐ Send thank-you note to mentor @home                                                             
  ☐ Plan Saturday hike with K.  ● personal  @phone                                                  
  ☐ Replace bathroom faucet washer  ● home  @errands                                                
                                                                                                    
                                                                                                    
                                                                                                    
                                                                                                    
                                                                                                    
                                                                                                    
                                                                                                    
  ● normal   All tasks · 15 tasks            x done   e edit   r reschedule   Tab details   ␣ more…
