---
source: tests/snapshots.rs
expression: buffer_to_text(&buf)
---
                       │  Archive                                 │                                 
  ■ tasq               │  0 done tasks · x brings one back · dd de│  no task selected               
                       │                                          │                                 
   ⌂ Home              │   no completed tasks yet                 │                                 
   ▤ Inbox          3  │                                          │                                 
   ◉ Today          1  │                                          │                                 
   ◷ Upcoming       6  │                                          │                                 
   ▦ Calendar          │                                          │                                 
   ✎ Notes             │                                          │                                 
   ⌕ Search        ^K  │                                          │                                 
   ✓ Archive        0  │                                          │                                 
                       │                                          │                                 
  SPACES               │                                          │                                 
   ● work           4  │                                          │                                 
   ● health         3  │                                          │                                 
   ● finance        2  │                                          │                                 
   ● home           1  │                                          │                                 
   ● learning       1  │                                          │                                 
   ● personal       1  │                                          │                                 
   ● travel         1  │                                          │                                 
                       │                                          │                                 
  FILTERS              │                                          │                                 
   ⚑ High priority  2  │                                          │                                 
   ★ Starred        0  │                                          │                                 
   ◷ Overdue        7  │                                          │                                 
                       │                                          │                                 
 ╭───────────────────╮ │                                          │                                 
 │  Y  you           │ │                                          │                                 
 │     ● todo.txt    │ │                                          │                                 
 ╰───────────────────╯ │                                          │                                 
                       │                                          │                                 
  ● archive   All tasks · 0 tasks                                n new task   Tab sidebar   ␣ more…
