---
source: tests/snapshots.rs
expression: buffer_to_styled(&buf)
---
{fg=#c8ccd4 bg=#1f232b}                           {/}{fg=#2a2f38 bg=#1f232b}│{/}{bg=#1a1d23} {/}{fg=#1a1d23 bg=#8aa9c9 mod=bold} d Day {/}{bg=#1a1d23} {/}{fg=#6b7280 bg=#1a1d23} w Week {/}{bg=#1a1d23} {/}{fg=#6b7280 bg=#1a1d23} m Month {/}{bg=#1a1d23}   {/}{fg=#6b7280 bg=#1a1d23}‹ {/}{fg=#c8ccd4 bg=#1a1d23 mod=bold}wednesday 6 may{/}{fg=#6b7280 bg=#1a1d23} ›{/}{bg=#1a1d23}                       {/}
{fg=#c8ccd4 bg=#1f232b}  {/}{fg=#8aa9c9 bg=#1f232b}▣{/}{fg=#c8ccd4 bg=#1f232b} {/}{fg=#c8ccd4 bg=#1f232b mod=bold}tasq{/}{fg=#c8ccd4 bg=#1f232b}                   {/}{fg=#2a2f38 bg=#1f232b}│{/}{fg=#2a2f38 bg=#1a1d23}────────────────────────────────────────────────────────────────────────{/}
{fg=#c8ccd4 bg=#1f232b}                           {/}{fg=#2a2f38 bg=#1f232b}│{/}{fg=#6b7280 bg=#1a1d23}all day {/}{fg=#e07a7a bg=#6d4448 mod=bold} ◷ Finish Q2 board deck {/}{bg=#1a1d23} {/}{fg=#8aa9c9 bg=#333c48} Plan the week {/}{bg=#1a1d23}                        {/}
{fg=#c8ccd4 bg=#1f232b}   {/}{fg=#6b7280 bg=#1f232b}⌂{/}{fg=#c8ccd4 bg=#1f232b} {/}{fg=#a8b0bc bg=#1f232b}Home{/}{fg=#c8ccd4 bg=#1f232b}                  {/}{fg=#2a2f38 bg=#1f232b}│{/}{fg=#2a2f38 bg=#1a1d23}┄┄┄┄┄┄┄┄┄┄┄┄┄┄┄┄┄┄┄┄┄┄┄┄┄┄┄┄┄┄┄┄┄┄┄┄┄┄┄┄┄┄┄┄┄┄┄┄┄┄┄┄┄┄┄┄┄┄┄┄┄┄┄┄┄┄┄┄┄┄┄┄{/}
{fg=#c8ccd4 bg=#1f232b}   {/}{fg=#6b7280 bg=#1f232b}▤{/}{fg=#c8ccd4 bg=#1f232b} {/}{fg=#a8b0bc bg=#1f232b}Inbox{/}{fg=#c8ccd4 bg=#1f232b}              {/}{fg=#6b7280 bg=#1f232b}3{/}{fg=#c8ccd4 bg=#1f232b}  {/}{fg=#2a2f38 bg=#1f232b}│{/}{fg=#6b7280 bg=#1a1d23}07:00  {/}{bg=#1a1d23} {/}{fg=#8aa9c9 bg=#303944}▎{/}{fg=#2a2f38 bg=#303944} {/}{fg=#c8ccd4 bg=#303944 mod=bold}Gym · 07:00{/}{fg=#2a2f38 bg=#303944}                                                   {/}
{fg=#c8ccd4 bg=#1f232b}   {/}{fg=#8aa9c9 bg=#1f232b}◉{/}{fg=#c8ccd4 bg=#1f232b} {/}{fg=#a8b0bc bg=#1f232b}Today{/}{fg=#c8ccd4 bg=#1f232b}              {/}{fg=#6b7280 bg=#1f232b}6{/}{fg=#c8ccd4 bg=#1f232b}  {/}{fg=#2a2f38 bg=#1f232b}│{/}{fg=#6b7280 bg=#1a1d23}08:00  {/}{bg=#1a1d23} {/}{fg=#2a2f38 bg=#1a1d23}╌╌╌╌╌╌╌╌╌╌╌╌╌╌╌╌╌╌╌╌╌╌╌╌╌╌╌╌╌╌╌╌╌╌╌╌╌╌╌╌╌╌╌╌╌╌╌╌╌╌╌╌╌╌╌╌╌╌╌╌╌╌╌╌{/}
{fg=#c8ccd4 bg=#1f232b}   {/}{fg=#6b7280 bg=#1f232b}◷{/}{fg=#c8ccd4 bg=#1f232b} {/}{fg=#a8b0bc bg=#1f232b}Upcoming{/}{fg=#c8ccd4 bg=#1f232b}           {/}{fg=#6b7280 bg=#1f232b}6{/}{fg=#c8ccd4 bg=#1f232b}  {/}{fg=#2a2f38 bg=#1f232b}│{/}{bg=#1a1d23}                                                                        {/}
{fg=#c8ccd4 bg=#1f232b}   {/}{fg=#6b7280 bg=#1f232b}≡{/}{fg=#c8ccd4 bg=#1f232b} {/}{fg=#a8b0bc bg=#1f232b}All tasks{/}{fg=#c8ccd4 bg=#1f232b}         {/}{fg=#6b7280 bg=#1f232b}20{/}{fg=#c8ccd4 bg=#1f232b}  {/}{fg=#2a2f38 bg=#1f232b}│{/}{fg=#6b7280 bg=#1a1d23}09:00  {/}{bg=#1a1d23} {/}{fg=#d4b06a bg=#3f3a31}▎{/}{fg=#2a2f38 bg=#3f3a31} {/}{fg=#c8ccd4 bg=#3f3a31 mod=bold}Teoria AII{/}{fg=#2a2f38 bg=#3f3a31}                                                    {/}
{fg=#c8ccd4 bg=#1f232b} {/}{fg=#c8ccd4 bg=#3a4150}  {/}{fg=#6b7280 bg=#3a4150}▦{/}{fg=#c8ccd4 bg=#3a4150} {/}{fg=#c8ccd4 bg=#3a4150 mod=bold}Calendar{/}{fg=#c8ccd4 bg=#3a4150}             {/}{fg=#c8ccd4 bg=#1f232b} {/}{fg=#2a2f38 bg=#1f232b}│{/}{bg=#1a1d23}        {/}{fg=#d4b06a bg=#3f3a31}▎{/}{bg=#3f3a31} {/}{fg=#d4b06a bg=#3f3a31}09:00 – 11:00 · Uni › AII{/}{bg=#3f3a31}                                     {/}
{fg=#c8ccd4 bg=#1f232b}   {/}{fg=#6b7280 bg=#1f232b}⌕{/}{fg=#c8ccd4 bg=#1f232b} {/}{fg=#a8b0bc bg=#1f232b}Search{/}{fg=#c8ccd4 bg=#1f232b}             {/}{fg=#6b7280 bg=#1f232b}/{/}{fg=#c8ccd4 bg=#1f232b}  {/}{fg=#2a2f38 bg=#1f232b}│{/}{fg=#6b7280 bg=#1a1d23}10:00  {/}{bg=#1a1d23} {/}{fg=#d4b06a bg=#3f3a31}▎{/}{fg=#2a2f38 bg=#3f3a31}                                                               {/}
{fg=#c8ccd4 bg=#1f232b}                           {/}{fg=#2a2f38 bg=#1f232b}│{/}{bg=#1a1d23}        {/}{fg=#d4b06a bg=#3f3a31}▎{/}{bg=#3f3a31}                                                               {/}
{fg=#c8ccd4 bg=#1f232b}  {/}{fg=#6b7280 bg=#1f232b mod=bold}SPACES{/}{fg=#c8ccd4 bg=#1f232b}                   {/}{fg=#2a2f38 bg=#1f232b}│{/}{fg=#6b7280 bg=#1a1d23}11:00  {/}{bg=#1a1d23} {/}{fg=#2a2f38 bg=#1a1d23}╌╌╌╌╌╌╌╌╌╌╌╌╌╌╌╌╌╌╌╌╌╌╌╌╌╌╌╌╌╌╌╌╌╌╌╌╌╌╌╌╌╌╌╌╌╌╌╌╌╌╌╌╌╌╌╌╌╌╌╌╌╌╌╌{/}
{fg=#c8ccd4 bg=#1f232b}   {/}{fg=#7fb3a8 bg=#1f232b}●{/}{fg=#c8ccd4 bg=#1f232b} {/}{fg=#a8b0bc bg=#1f232b}work{/}{fg=#c8ccd4 bg=#1f232b}               {/}{fg=#6b7280 bg=#1f232b}4{/}{fg=#c8ccd4 bg=#1f232b}  {/}{fg=#2a2f38 bg=#1f232b}│{/}{bg=#1a1d23}        {/}{fg=#8aa9c9 bg=#303944}▎{/}{bg=#303944} {/}{fg=#c8ccd4 bg=#303944 mod=bold}Fisio · 11:30{/}{bg=#303944}                                                 {/}
{fg=#c8ccd4 bg=#1f232b}   {/}{fg=#d4b06a bg=#1f232b}●{/}{fg=#c8ccd4 bg=#1f232b} {/}{fg=#a8b0bc bg=#1f232b}health{/}{fg=#c8ccd4 bg=#1f232b}             {/}{fg=#6b7280 bg=#1f232b}3{/}{fg=#c8ccd4 bg=#1f232b}  {/}{fg=#2a2f38 bg=#1f232b}│{/}{fg=#6b7280 bg=#1a1d23}12:00  {/}{bg=#1a1d23} {/}{fg=#2a2f38 bg=#1a1d23}╌╌╌╌╌╌╌╌╌╌╌╌╌╌╌╌╌╌╌╌╌╌╌╌╌╌╌╌╌╌╌╌╌╌╌╌╌╌╌╌╌╌╌╌╌╌╌╌╌╌╌╌╌╌╌╌╌╌╌╌╌╌╌╌{/}
{fg=#c8ccd4 bg=#1f232b}   {/}{fg=#8aa9c9 bg=#1f232b}●{/}{fg=#c8ccd4 bg=#1f232b} {/}{fg=#a8b0bc bg=#1f232b}personal{/}{fg=#c8ccd4 bg=#1f232b}           {/}{fg=#6b7280 bg=#1f232b}3{/}{fg=#c8ccd4 bg=#1f232b}  {/}{fg=#2a2f38 bg=#1f232b}│{/}{fg=#e07a7a bg=#1a1d23 mod=bold}12:40 ●{/}{bg=#1a1d23} {/}{fg=#e07a7a bg=#1a1d23 mod=bold}────────────────────────────────────────────────────────────────{/}
{fg=#c8ccd4 bg=#1f232b}   {/}{fg=#c89a6e bg=#1f232b}●{/}{fg=#c8ccd4 bg=#1f232b} {/}{fg=#a8b0bc bg=#1f232b}Uni{/}{fg=#c8ccd4 bg=#1f232b}                {/}{fg=#6b7280 bg=#1f232b}2{/}{fg=#c8ccd4 bg=#1f232b}  {/}{fg=#2a2f38 bg=#1f232b}│{/}{bg=#1a1d23}                                                                        {/}
{fg=#c8ccd4 bg=#1f232b}     {/}{fg=#d4b06a bg=#1f232b}●{/}{fg=#c8ccd4 bg=#1f232b} {/}{fg=#a8b0bc bg=#1f232b}AII{/}{fg=#c8ccd4 bg=#1f232b}              {/}{fg=#6b7280 bg=#1f232b}1{/}{fg=#c8ccd4 bg=#1f232b}  {/}{fg=#2a2f38 bg=#1f232b}│{/}{fg=#6b7280 bg=#1a1d23}14:00  {/}{bg=#1a1d23} {/}{fg=#2a2f38 bg=#1a1d23}╌╌╌╌╌╌╌╌╌╌╌╌╌╌╌╌╌╌╌╌╌╌╌╌╌╌╌╌╌╌╌╌╌╌╌╌╌╌╌╌╌╌╌╌╌╌╌╌╌╌╌╌╌╌╌╌╌╌╌╌╌╌╌╌{/}
{fg=#c8ccd4 bg=#1f232b}     {/}{fg=#7a9ec9 bg=#1f232b}●{/}{fg=#c8ccd4 bg=#1f232b} {/}{fg=#a8b0bc bg=#1f232b}TIS{/}{fg=#c8ccd4 bg=#1f232b}              {/}{fg=#6b7280 bg=#1f232b}1{/}{fg=#c8ccd4 bg=#1f232b}  {/}{fg=#2a2f38 bg=#1f232b}│{/}{bg=#1a1d23}                                                                        {/}
{fg=#c8ccd4 bg=#1f232b}   {/}{fg=#8aa9c9 bg=#1f232b}●{/}{fg=#c8ccd4 bg=#1f232b} {/}{fg=#a8b0bc bg=#1f232b}finance{/}{fg=#c8ccd4 bg=#1f232b}            {/}{fg=#6b7280 bg=#1f232b}2{/}{fg=#c8ccd4 bg=#1f232b}  {/}{fg=#2a2f38 bg=#1f232b}│{/}{fg=#6b7280 bg=#1a1d23}15:00  {/}{bg=#1a1d23} {/}{fg=#2a2f38 bg=#1a1d23}╌╌╌╌╌╌╌╌╌╌╌╌╌╌╌╌╌╌╌╌╌╌╌╌╌╌╌╌╌╌╌╌╌╌╌╌╌╌╌╌╌╌╌╌╌╌╌╌╌╌╌╌╌╌╌╌╌╌╌╌╌╌╌╌{/}
{fg=#c8ccd4 bg=#1f232b}   {/}{fg=#7a9ec9 bg=#1f232b}●{/}{fg=#c8ccd4 bg=#1f232b} {/}{fg=#a8b0bc bg=#1f232b}home{/}{fg=#c8ccd4 bg=#1f232b}               {/}{fg=#6b7280 bg=#1f232b}1{/}{fg=#c8ccd4 bg=#1f232b}  {/}{fg=#2a2f38 bg=#1f232b}│{/}{bg=#1a1d23}                                                                        {/}
{fg=#c8ccd4 bg=#1f232b}   {/}{fg=#d4b06a bg=#1f232b}●{/}{fg=#c8ccd4 bg=#1f232b} {/}{fg=#a8b0bc bg=#1f232b}learning{/}{fg=#c8ccd4 bg=#1f232b}           {/}{fg=#6b7280 bg=#1f232b}1{/}{fg=#c8ccd4 bg=#1f232b}  {/}{fg=#2a2f38 bg=#1f232b}│{/}{fg=#6b7280 bg=#1a1d23}16:00  {/}{bg=#1a1d23} {/}{fg=#7a9ec9 bg=#2d3744}▎{/}{fg=#2a2f38 bg=#2d3744} {/}{fg=#c8ccd4 bg=#2d3744 mod=bold}(A) Trabajo TIS{/}{fg=#2a2f38 bg=#2d3744}                                               {/}
{fg=#c8ccd4 bg=#1f232b}   {/}{fg=#c89a6e bg=#1f232b}●{/}{fg=#c8ccd4 bg=#1f232b} {/}{fg=#a8b0bc bg=#1f232b}travel{/}{fg=#c8ccd4 bg=#1f232b}             {/}{fg=#6b7280 bg=#1f232b}1{/}{fg=#c8ccd4 bg=#1f232b}  {/}{fg=#2a2f38 bg=#1f232b}│{/}{bg=#1a1d23}        {/}{fg=#7a9ec9 bg=#2d3744}▎{/}{bg=#2d3744} {/}{fg=#7a9ec9 bg=#2d3744}16:00 – 18:00 · Uni › TIS{/}{bg=#2d3744}                                     {/}
{fg=#c8ccd4 bg=#1f232b}                           {/}{fg=#2a2f38 bg=#1f232b}│{/}{fg=#6b7280 bg=#1a1d23}17:00  {/}{bg=#1a1d23} {/}{fg=#7a9ec9 bg=#2d3744}▎{/}{fg=#2a2f38 bg=#2d3744}                                                               {/}
{fg=#c8ccd4 bg=#1f232b}  {/}{fg=#6b7280 bg=#1f232b mod=bold}FILTERS{/}{fg=#c8ccd4 bg=#1f232b}                  {/}{fg=#2a2f38 bg=#1f232b}│{/}{fg=#6b7280 bg=#1a1d23}18:00  {/}{bg=#1a1d23} {/}{fg=#2a2f38 bg=#1a1d23}╌╌╌╌╌╌╌╌╌╌╌╌╌╌╌╌╌╌╌╌╌╌╌╌╌╌╌╌╌╌╌╌╌╌╌╌╌╌╌╌╌╌╌╌╌╌╌╌╌╌╌╌╌╌╌╌╌╌╌╌╌╌╌╌{/}
{fg=#c8ccd4 bg=#1f232b}   {/}{fg=#e07a7a bg=#1f232b}⚑{/}{fg=#c8ccd4 bg=#1f232b} {/}{fg=#a8b0bc bg=#1f232b}High priority{/}{fg=#c8ccd4 bg=#1f232b}      {/}{fg=#6b7280 bg=#1f232b}3{/}{fg=#c8ccd4 bg=#1f232b}  {/}{fg=#2a2f38 bg=#1f232b}│{/}{bg=#1a1d23}                                                                        {/}
{fg=#c8ccd4 bg=#1f232b}   {/}{fg=#d4b06a bg=#1f232b}★{/}{fg=#c8ccd4 bg=#1f232b} {/}{fg=#a8b0bc bg=#1f232b}Starred{/}{fg=#c8ccd4 bg=#1f232b}            {/}{fg=#6b7280 bg=#1f232b}0{/}{fg=#c8ccd4 bg=#1f232b}  {/}{fg=#2a2f38 bg=#1f232b}│{/}{fg=#6b7280 bg=#1a1d23}19:00  {/}{bg=#1a1d23} {/}{fg=#2a2f38 bg=#1a1d23}╌╌╌╌╌╌╌╌╌╌╌╌╌╌╌╌╌╌╌╌╌╌╌╌╌╌╌╌╌╌╌╌╌╌╌╌╌╌╌╌╌╌╌╌╌╌╌╌╌╌╌╌╌╌╌╌╌╌╌╌╌╌╌╌{/}
{fg=#c8ccd4 bg=#1f232b}  {/}{fg=#6b7280 bg=#1f232b}+1 more{/}{fg=#c8ccd4 bg=#1f232b}                  {/}{fg=#2a2f38 bg=#1f232b}│{/}{bg=#1a1d23}                                                                        {/}
{fg=#c8ccd4 bg=#1f232b} {/}{fg=#2a2f38 bg=#1f232b}╭───────────────────────╮{/}{fg=#c8ccd4 bg=#1f232b} {/}{fg=#2a2f38 bg=#1f232b}│{/}{fg=#6b7280 bg=#1a1d23}20:00  {/}{bg=#1a1d23} {/}{fg=#2a2f38 bg=#1a1d23}╌╌╌╌╌╌╌╌╌╌╌╌╌╌╌╌╌╌╌╌╌╌╌╌╌╌╌╌╌╌╌╌╌╌╌╌╌╌╌╌╌╌╌╌╌╌╌╌╌╌╌╌╌╌╌╌╌╌╌╌╌╌╌╌{/}
{fg=#c8ccd4 bg=#1f232b} {/}{fg=#2a2f38 bg=#1f232b}│{/}{fg=#c8ccd4 bg=#1f232b} {/}{fg=#1a1d23 bg=#d4b06a mod=bold} Y {/}{fg=#c8ccd4 bg=#1f232b} {/}{fg=#c8ccd4 bg=#1f232b mod=bold}you{/}{fg=#c8ccd4 bg=#1f232b} {/}{fg=#7aa67a bg=#1f232b}● file{/}{fg=#c8ccd4 bg=#1f232b}        {/}{fg=#2a2f38 bg=#1f232b}│{/}{fg=#c8ccd4 bg=#1f232b} {/}{fg=#2a2f38 bg=#1f232b}│{/}{bg=#1a1d23}                                                                        {/}
{fg=#c8ccd4 bg=#1f232b} {/}{fg=#2a2f38 bg=#1f232b}╰───────────────────────╯{/}{fg=#c8ccd4 bg=#1f232b} {/}{fg=#2a2f38 bg=#1f232b}│{/}{fg=#6b7280 bg=#1a1d23}21:00  {/}{bg=#1a1d23} {/}{fg=#2a2f38 bg=#1a1d23}╌╌╌╌╌╌╌╌╌╌╌╌╌╌╌╌╌╌╌╌╌╌╌╌╌╌╌╌╌╌╌╌╌╌╌╌╌╌╌╌╌╌╌╌╌╌╌╌╌╌╌╌╌╌╌╌╌╌╌╌╌╌╌╌{/}
{fg=#c8ccd4 bg=#1f232b}                           {/}{fg=#2a2f38 bg=#1f232b}│{/}{bg=#1a1d23}                                                                        {/}
{bg=#1a1d23} {/}{fg=#1a1d23 bg=#8aa9c9 mod=bold}  ● day  {/}{fg=#6b7280 bg=#1a1d23}   ↑↓ task · ←→ day · Enter edit · x done · n new · J/K move · Esc list{/}{bg=#1a1d23}            {/}{fg=#c8ccd4 bg=#1a1d23 mod=bold}␣{/}{fg=#6b7280 bg=#1a1d23} menu {/}
