---
source: tests/snapshots.rs
expression: buffer_to_styled(&buf)
---
{bg=#1a1d23} {/}{fg=#6b7280 bg=#1a1d23} d Day {/}{bg=#1a1d23} {/}{fg=#1a1d23 bg=#8aa9c9 mod=bold} w Week {/}{bg=#1a1d23} {/}{fg=#6b7280 bg=#1a1d23} m Month {/}{bg=#1a1d23}   {/}{fg=#6b7280 bg=#1a1d23}‹ {/}{fg=#c8ccd4 bg=#1a1d23 mod=bold}4 may – 10 may 2026{/}{fg=#6b7280 bg=#1a1d23} ›{/}{bg=#1a1d23}                        {/}{fg=#6b7280 bg=#1a1d23}12 tasks · 10h planned{/}{bg=#1a1d23} {/}
{fg=#2a2f38 bg=#1a1d23}────────────────────────────────────────────────────────────────────────────────────────────────────{/}
{bg=#1a1d23}    {/}{fg=#6b7280 bg=#1a1d23}    mon 4        tue 5    {/}{fg=#1a1d23 bg=#8aa9c9 mod=bold}    wed 6    {/}{fg=#6b7280 bg=#1a1d23}    thu 7        fri 8        sat 9          sun 10      {/}
{bg=#1a1d23}                              {/}{bg=#21252d} {/}{fg=#e07a7a bg=#6d4448 mod=bold} ◷ Finish Q…{/}{bg=#1a1d23} {/}{fg=#e07a7a bg=#463136} ◷ Review p…{/}{bg=#1a1d23} {/}{fg=#e07a7a bg=#463136} ◷ Call den…{/}{bg=#1a1d23}                               {/}
{bg=#1a1d23}                              {/}{bg=#21252d} {/}{fg=#6b7280 bg=#21252d}+2 more{/}{bg=#21252d}     {/}{bg=#1a1d23}                                                         {/}
{fg=#2a2f38 bg=#1a1d23}┄┄┄┄┄┄┄┄┄┄┄┄┄┄┄┄┄┄┄┄┄┄┄┄┄┄┄┄┄┄{/}{fg=#2a2f38 bg=#21252d}┄┄┄┄┄┄┄┄┄┄┄┄┄{/}{fg=#2a2f38 bg=#1a1d23}┄┄┄┄┄┄┄┄┄┄┄┄┄┄┄┄┄┄┄┄┄┄┄┄┄┄┄┄┄┄┄┄┄┄┄┄┄┄┄┄┄┄┄┄┄┄┄┄┄┄┄┄┄┄┄┄┄{/}
{fg=#6b7280 bg=#1a1d23}07  {/}{fg=#2a2f38 bg=#1a1d23}╌{/}{fg=#8aa9c9 bg=#303944}▎{/}{fg=#c8ccd4 bg=#303944 mod=bold}Gym{/}{fg=#2a2f38 bg=#303944}        {/}{fg=#2a2f38 bg=#1a1d23}│╌╌╌╌╌╌╌╌╌╌╌╌{/}{fg=#2a2f38 bg=#21252d}│{/}{fg=#8aa9c9 bg=#303944}┆{/}{fg=#c8ccd4 bg=#303944 mod=bold}↻ Gym{/}{fg=#2a2f38 bg=#303944}      {/}{fg=#2a2f38 bg=#1a1d23}│╌╌╌╌╌╌╌╌╌╌╌╌│{/}{fg=#8aa9c9 bg=#303944}┆{/}{fg=#c8ccd4 bg=#303944 mod=bold}↻ Gym{/}{fg=#2a2f38 bg=#303944}      {/}{fg=#2a2f38 bg=#1a1d23}│╌╌╌╌╌╌╌╌╌╌╌╌│{/}{fg=#8aa9c9 bg=#303944}┆{/}{fg=#c8ccd4 bg=#303944 mod=bold}↻ Gym{/}{fg=#2a2f38 bg=#303944}           {/}
{fg=#6b7280 bg=#1a1d23}08  {/}{fg=#2a2f38 bg=#1a1d23}╌╌╌╌╌╌╌╌╌╌╌╌╌│╌╌╌╌╌╌╌╌╌╌╌╌{/}{fg=#2a2f38 bg=#21252d}│╌╌╌╌╌╌╌╌╌╌╌╌{/}{fg=#2a2f38 bg=#1a1d23}│╌╌╌╌╌╌╌╌╌╌╌╌│╌╌╌╌╌╌╌╌╌╌╌╌│╌╌╌╌╌╌╌╌╌╌╌╌│╌╌╌╌╌╌╌╌╌╌╌╌╌╌╌╌╌{/}
{bg=#1a1d23}                 {/}{fg=#2a2f38 bg=#1a1d23}│{/}{bg=#1a1d23}            {/}{fg=#2a2f38 bg=#21252d}│{/}{bg=#21252d}            {/}{fg=#2a2f38 bg=#1a1d23}│{/}{bg=#1a1d23}            {/}{fg=#2a2f38 bg=#1a1d23}│{/}{bg=#1a1d23}            {/}{fg=#2a2f38 bg=#1a1d23}│{/}{bg=#1a1d23}            {/}{fg=#2a2f38 bg=#1a1d23}│{/}{bg=#1a1d23}                 {/}
{fg=#6b7280 bg=#1a1d23}09  {/}{fg=#2a2f38 bg=#1a1d23}╌╌╌╌╌╌╌╌╌╌╌╌╌│{/}{fg=#d4b06a bg=#3f3a31}▎{/}{fg=#c8ccd4 bg=#3f3a31 mod=bold}Teoria AII{/}{fg=#2a2f38 bg=#3f3a31} {/}{fg=#2a2f38 bg=#21252d}│╌╌╌╌╌╌╌╌╌╌╌╌{/}{fg=#2a2f38 bg=#1a1d23}│{/}{fg=#d4b06a bg=#3f3a31}┆{/}{fg=#c8ccd4 bg=#3f3a31 mod=bold}↻ Teoria A…{/}{fg=#2a2f38 bg=#1a1d23}│╌╌╌╌╌╌╌╌╌╌╌╌│╌╌╌╌╌╌╌╌╌╌╌╌│╌╌╌╌╌╌╌╌╌╌╌╌╌╌╌╌╌{/}
{bg=#1a1d23}                 {/}{fg=#2a2f38 bg=#1a1d23}│{/}{fg=#d4b06a bg=#3f3a31}▎09:00–11:00{/}{fg=#2a2f38 bg=#21252d}│{/}{bg=#21252d}            {/}{fg=#2a2f38 bg=#1a1d23}│{/}{fg=#d4b06a bg=#3f3a31}┆09:00–11:00{/}{fg=#2a2f38 bg=#1a1d23}│{/}{bg=#1a1d23}            {/}{fg=#2a2f38 bg=#1a1d23}│{/}{bg=#1a1d23}            {/}{fg=#2a2f38 bg=#1a1d23}│{/}{bg=#1a1d23}                 {/}
{fg=#6b7280 bg=#1a1d23}10  {/}{fg=#2a2f38 bg=#1a1d23}╌╌╌╌╌╌╌╌╌╌╌╌╌│{/}{fg=#d4b06a bg=#3f3a31}▎{/}{fg=#2a2f38 bg=#3f3a31}           {/}{fg=#2a2f38 bg=#21252d}│╌╌╌╌╌╌╌╌╌╌╌╌{/}{fg=#2a2f38 bg=#1a1d23}│{/}{fg=#d4b06a bg=#3f3a31}┆{/}{fg=#2a2f38 bg=#3f3a31}           {/}{fg=#2a2f38 bg=#1a1d23}│╌╌╌╌╌╌╌╌╌╌╌╌│╌╌╌╌╌╌╌╌╌╌╌╌│╌╌╌╌╌╌╌╌╌╌╌╌╌╌╌╌╌{/}
{fg=#6b7280 bg=#1a1d23}11  {/}{fg=#2a2f38 bg=#1a1d23}╌╌╌╌╌╌╌╌╌╌╌╌╌│╌╌╌╌╌╌╌╌╌╌╌╌{/}{fg=#2a2f38 bg=#21252d}│╌╌╌╌╌╌╌╌╌╌╌╌{/}{fg=#2a2f38 bg=#1a1d23}│╌╌╌╌╌╌╌╌╌╌╌╌│╌╌╌╌╌╌╌╌╌╌╌╌│╌╌╌╌╌╌╌╌╌╌╌╌│╌╌╌╌╌╌╌╌╌╌╌╌╌╌╌╌╌{/}
{bg=#1a1d23}                 {/}{fg=#2a2f38 bg=#1a1d23}│{/}{bg=#1a1d23}            {/}{fg=#2a2f38 bg=#21252d}│{/}{bg=#21252d}            {/}{fg=#2a2f38 bg=#1a1d23}│{/}{bg=#1a1d23}            {/}{fg=#2a2f38 bg=#1a1d23}│{/}{bg=#1a1d23}            {/}{fg=#2a2f38 bg=#1a1d23}│{/}{bg=#1a1d23}            {/}{fg=#2a2f38 bg=#1a1d23}│{/}{bg=#1a1d23}                 {/}
{fg=#6b7280 bg=#1a1d23}12  {/}{fg=#2a2f38 bg=#1a1d23}╌╌╌╌╌╌╌╌╌╌╌╌╌│╌╌╌╌╌╌╌╌╌╌╌╌{/}{fg=#2a2f38 bg=#21252d}│╌╌╌╌╌╌╌╌╌╌╌╌{/}{fg=#2a2f38 bg=#1a1d23}│╌╌╌╌╌╌╌╌╌╌╌╌│╌╌╌╌╌╌╌╌╌╌╌╌│╌╌╌╌╌╌╌╌╌╌╌╌│╌╌╌╌╌╌╌╌╌╌╌╌╌╌╌╌╌{/}
{bg=#1a1d23}                 {/}{fg=#2a2f38 bg=#1a1d23}│{/}{bg=#1a1d23}            {/}{fg=#2a2f38 bg=#21252d}│{/}{bg=#21252d}            {/}{fg=#2a2f38 bg=#1a1d23}│{/}{bg=#1a1d23}            {/}{fg=#2a2f38 bg=#1a1d23}│{/}{bg=#1a1d23}            {/}{fg=#2a2f38 bg=#1a1d23}│{/}{bg=#1a1d23}            {/}{fg=#2a2f38 bg=#1a1d23}│{/}{bg=#1a1d23}                 {/}
{fg=#6b7280 bg=#1a1d23}13  {/}{fg=#2a2f38 bg=#1a1d23}╌╌╌╌╌╌╌╌╌╌╌╌╌│╌╌╌╌╌╌╌╌╌╌╌╌{/}{fg=#2a2f38 bg=#21252d}│╌╌╌╌╌╌╌╌╌╌╌╌{/}{fg=#2a2f38 bg=#1a1d23}│╌╌╌╌╌╌╌╌╌╌╌╌│╌╌╌╌╌╌╌╌╌╌╌╌│╌╌╌╌╌╌╌╌╌╌╌╌│╌╌╌╌╌╌╌╌╌╌╌╌╌╌╌╌╌{/}
{fg=#6b7280 bg=#1a1d23}14  {/}{fg=#2a2f38 bg=#1a1d23}╌╌╌╌╌╌╌╌╌╌╌╌╌│╌╌╌╌╌╌╌╌╌╌╌╌{/}{fg=#2a2f38 bg=#21252d}│╌╌╌╌╌╌╌╌╌╌╌╌{/}{fg=#2a2f38 bg=#1a1d23}│╌╌╌╌╌╌╌╌╌╌╌╌│╌╌╌╌╌╌╌╌╌╌╌╌│╌╌╌╌╌╌╌╌╌╌╌╌│╌╌╌╌╌╌╌╌╌╌╌╌╌╌╌╌╌{/}
{bg=#1a1d23}                 {/}{fg=#2a2f38 bg=#1a1d23}│{/}{bg=#1a1d23}            {/}{fg=#2a2f38 bg=#21252d}│{/}{bg=#21252d}            {/}{fg=#2a2f38 bg=#1a1d23}│{/}{bg=#1a1d23}            {/}{fg=#2a2f38 bg=#1a1d23}│{/}{bg=#1a1d23}            {/}{fg=#2a2f38 bg=#1a1d23}│{/}{bg=#1a1d23}            {/}{fg=#2a2f38 bg=#1a1d23}│{/}{bg=#1a1d23}                 {/}
{fg=#6b7280 bg=#1a1d23}15  {/}{fg=#2a2f38 bg=#1a1d23}╌╌╌╌╌╌╌╌╌╌╌╌╌│╌╌╌╌╌╌╌╌╌╌╌╌{/}{fg=#2a2f38 bg=#21252d}│╌╌╌╌╌╌╌╌╌╌╌╌{/}{fg=#2a2f38 bg=#1a1d23}│╌╌╌╌╌╌╌╌╌╌╌╌│╌╌╌╌╌╌╌╌╌╌╌╌│╌╌╌╌╌╌╌╌╌╌╌╌│╌╌╌╌╌╌╌╌╌╌╌╌╌╌╌╌╌{/}
{bg=#1a1d23}                 {/}{fg=#2a2f38 bg=#1a1d23}│{/}{bg=#1a1d23}            {/}{fg=#2a2f38 bg=#21252d}│{/}{bg=#21252d}            {/}{fg=#2a2f38 bg=#1a1d23}│{/}{bg=#1a1d23}            {/}{fg=#2a2f38 bg=#1a1d23}│{/}{bg=#1a1d23}            {/}{fg=#2a2f38 bg=#1a1d23}│{/}{bg=#1a1d23}            {/}{fg=#2a2f38 bg=#1a1d23}│{/}{bg=#1a1d23}                 {/}
{fg=#6b7280 bg=#1a1d23}16  {/}{fg=#2a2f38 bg=#1a1d23}╌╌╌╌╌╌╌╌╌╌╌╌╌│╌╌╌╌╌╌╌╌╌╌╌╌{/}{fg=#2a2f38 bg=#21252d}│{/}{fg=#7a9ec9 bg=#2d3744}▎{/}{fg=#c8ccd4 bg=#2d3744 mod=bold}Trabajo TIS{/}{fg=#2a2f38 bg=#1a1d23}│╌╌╌╌╌╌╌╌╌╌╌╌│╌╌╌╌╌╌╌╌╌╌╌╌│╌╌╌╌╌╌╌╌╌╌╌╌│╌╌╌╌╌╌╌╌╌╌╌╌╌╌╌╌╌{/}
{fg=#6b7280 bg=#1a1d23}17  {/}{fg=#2a2f38 bg=#1a1d23}╌╌╌╌╌╌╌╌╌╌╌╌╌│╌╌╌╌╌╌╌╌╌╌╌╌{/}{fg=#2a2f38 bg=#21252d}│{/}{fg=#7a9ec9 bg=#2d3744}▎16:00–18:00{/}{fg=#2a2f38 bg=#1a1d23}│╌╌╌╌╌╌╌╌╌╌╌╌│╌╌╌╌╌╌╌╌╌╌╌╌│╌╌╌╌╌╌╌╌╌╌╌╌│╌╌╌╌╌╌╌╌╌╌╌╌╌╌╌╌╌{/}
{bg=#1a1d23}                 {/}{fg=#2a2f38 bg=#1a1d23}│{/}{bg=#1a1d23}            {/}{fg=#2a2f38 bg=#21252d}│{/}{fg=#7a9ec9 bg=#2d3744}▎{/}{bg=#2d3744}           {/}{fg=#2a2f38 bg=#1a1d23}│{/}{bg=#1a1d23}            {/}{fg=#2a2f38 bg=#1a1d23}│{/}{bg=#1a1d23}            {/}{fg=#2a2f38 bg=#1a1d23}│{/}{bg=#1a1d23}            {/}{fg=#2a2f38 bg=#1a1d23}│{/}{bg=#1a1d23}                 {/}
{fg=#6b7280 bg=#1a1d23}18  {/}{fg=#2a2f38 bg=#1a1d23}╌╌╌╌╌╌╌╌╌╌╌╌╌│╌╌╌╌╌╌╌╌╌╌╌╌{/}{fg=#2a2f38 bg=#21252d}│╌╌╌╌╌╌╌╌╌╌╌╌{/}{fg=#2a2f38 bg=#1a1d23}│╌╌╌╌╌╌╌╌╌╌╌╌│╌╌╌╌╌╌╌╌╌╌╌╌│╌╌╌╌╌╌╌╌╌╌╌╌│╌╌╌╌╌╌╌╌╌╌╌╌╌╌╌╌╌{/}
{bg=#1a1d23}                 {/}{fg=#2a2f38 bg=#1a1d23}│{/}{bg=#1a1d23}            {/}{fg=#2a2f38 bg=#21252d}│{/}{bg=#21252d}            {/}{fg=#2a2f38 bg=#1a1d23}│{/}{bg=#1a1d23}            {/}{fg=#2a2f38 bg=#1a1d23}│{/}{bg=#1a1d23}            {/}{fg=#2a2f38 bg=#1a1d23}│{/}{bg=#1a1d23}            {/}{fg=#2a2f38 bg=#1a1d23}│{/}{bg=#1a1d23}                 {/}
{fg=#6b7280 bg=#1a1d23}19  {/}{fg=#2a2f38 bg=#1a1d23}╌╌╌╌╌╌╌╌╌╌╌╌╌│╌╌╌╌╌╌╌╌╌╌╌╌{/}{fg=#2a2f38 bg=#21252d}│╌╌╌╌╌╌╌╌╌╌╌╌{/}{fg=#2a2f38 bg=#1a1d23}│╌╌╌╌╌╌╌╌╌╌╌╌│╌╌╌╌╌╌╌╌╌╌╌╌│╌╌╌╌╌╌╌╌╌╌╌╌│╌╌╌╌╌╌╌╌╌╌╌╌╌╌╌╌╌{/}
{fg=#6b7280 bg=#1a1d23}20  {/}{fg=#2a2f38 bg=#1a1d23}╌╌╌╌╌╌╌╌╌╌╌╌╌│╌╌╌╌╌╌╌╌╌╌╌╌{/}{fg=#2a2f38 bg=#21252d}│╌╌╌╌╌╌╌╌╌╌╌╌{/}{fg=#2a2f38 bg=#1a1d23}│╌╌╌╌╌╌╌╌╌╌╌╌│╌╌╌╌╌╌╌╌╌╌╌╌│╌╌╌╌╌╌╌╌╌╌╌╌│╌╌╌╌╌╌╌╌╌╌╌╌╌╌╌╌╌{/}
{bg=#1a1d23}                 {/}{fg=#2a2f38 bg=#1a1d23}│{/}{bg=#1a1d23}            {/}{fg=#2a2f38 bg=#21252d}│{/}{bg=#21252d}            {/}{fg=#2a2f38 bg=#1a1d23}│{/}{bg=#1a1d23}            {/}{fg=#2a2f38 bg=#1a1d23}│{/}{bg=#1a1d23}            {/}{fg=#2a2f38 bg=#1a1d23}│{/}{bg=#1a1d23}            {/}{fg=#2a2f38 bg=#1a1d23}│{/}{bg=#1a1d23}                 {/}
{fg=#6b7280 bg=#1a1d23}21  {/}{fg=#2a2f38 bg=#1a1d23}╌╌╌╌╌╌╌╌╌╌╌╌╌│╌╌╌╌╌╌╌╌╌╌╌╌{/}{fg=#2a2f38 bg=#21252d}│╌╌╌╌╌╌╌╌╌╌╌╌{/}{fg=#2a2f38 bg=#1a1d23}│╌╌╌╌╌╌╌╌╌╌╌╌│╌╌╌╌╌╌╌╌╌╌╌╌│╌╌╌╌╌╌╌╌╌╌╌╌│╌╌╌╌╌╌╌╌╌╌╌╌╌╌╌╌╌{/}
{bg=#1a1d23}                 {/}{fg=#2a2f38 bg=#1a1d23}│{/}{bg=#1a1d23}            {/}{fg=#2a2f38 bg=#21252d}│{/}{bg=#21252d}            {/}{fg=#2a2f38 bg=#1a1d23}│{/}{bg=#1a1d23}            {/}{fg=#2a2f38 bg=#1a1d23}│{/}{bg=#1a1d23}            {/}{fg=#2a2f38 bg=#1a1d23}│{/}{bg=#1a1d23}            {/}{fg=#2a2f38 bg=#1a1d23}│{/}{bg=#1a1d23}                 {/}
{bg=#1a1d23} {/}{fg=#1a1d23 bg=#8aa9c9 mod=bold}  ● week  {/}{fg=#6b7280 bg=#1a1d23}   ←→ day · ↑↓ task · < > week · v blocks/agenda · Enter edit · n new · Esc list{/}{bg=#1a1d23}  {/}{fg=#c8ccd4 bg=#1a1d23 mod=bold}␣{/}{fg=#6b7280 bg=#1a1d23} menu {/}
