---
source: tests/snapshots.rs
expression: buffer_to_text(&buf)
---
                                                                                                    
  All tasks  wednesday 6 may                                                                        
  0 tasks                                                                                           
   + filter                                                                      sort · priority ▾  
                                                                                                    
                                                                                                    
                                                                                                    
                                                                                                    
                                                                                                    
                                                                                                    
                      ╭ tasq ────────────────────────────────────────────────╮                      
                      │                    ██          ██                    │                      
                      │                    ████  ██  ████                    │                      
                      │                    ██████████████                    │                      
                      │                    ████  ██  ████                    │                      
                      │                    ██          ██                    │                      
                      │                                                      │                      
                      │  no tasks yet — let's get started                    │                      
                      │                                                      │                      
                      │   n   add a task                                     │                      
                      │   ?   show all keybindings                           │                      
                      │   ,   settings                                       │                      
                      │   q   quit                                           │                      
                      │                                                      │                      
                      │   format: (A) Buy milk +shop @home due:2026-05-12    │                      
                      ╰──────────────────────────────────────────────────────╯                      
                                                                                                    
                                                                                                    
                                                                                                    
                                                                                                    
                                                                                                    
  ● normal   All tasks · 0 tasks                                 n new task   Tab sidebar   ␣ more…
