---
source: tests/snapshots.rs
expression: buffer_to_text(&buf)
---
                           │  /tmp/tasq-snapshot.txt                │                               
  ▣ tasq                   │  15 tasks  ·  sort: priority           │  ⚑ Finish Q2 board deck       
                           │  + filter                              │                               
   ⌂ Home                  │                                        │  due       today              
   ▤ Inbox              3  │  PRIORITY A  2  ───────────────────────│  space     ● work             
   ◉ Today              1  │  1 ▎☐ ⚑ Finish Q2 board deck  ◷ due tod│  priority  ⚑ high             
   ◷ Upcoming           6  │  2  ☐ ⚑ Call dentist to reschedule clea│  tags      @laptop            
   ≡ All tasks         15  │  PRIORITY B  3  ───────────────────────│                               
   ▦ Calendar              │  3  ☐ ⚑ Review pull requests for auth r│  CHECKLIST                    
   ⌕ Search             /  │  4  ☐ ⚑ Renew passport before summer tr│  + add item                   
                           │  5  ☐ ⚑ Draft hiring rubric for senior │                               
  SPACES                   │  PRIORITY C  2  ───────────────────────│                               
   ● work ╭──────────────────────────────────────────────────────────────────────────────╮          
   ● healt│                                                                              │          
   ● finan│  > ⚑ (A) Buy milk  +groceries   @errands  ⇥ due:2026-05-10▏            ↑     │          
   ● home │                                                                              │          
   ● learn│            ⇥ by sun 10 may     + groceries     @ errands     ⚑ (A)           │          
   ● perso│                                                                              │          
   ● trave╰──────────────────────────────────────────────────────────────────────────────╯          
                           │ 12  ☐ Read "Designing Data-Intensive Ap│                               
  FILTERS                  │ 13  ☐ Send thank-you note to mentor @ho│                               
   ⚑ High priority      2  │ 14  ☐ Plan Saturday hike with K.  ● per│                               
   ★ Starred            0  │ 15  ☐ Replace bathroom faucet washer  ●│                               
   ◷ Overdue            7  │                                        │                               
                           │                                        │                               
                           │                                        │                               
                           │                                        │                               
 ╭───────────────────────╮ │                                        │                               
 │  Y  you ● file        │ │                                        │                               
 ╰───────────────────────╯ │                                        │                               
                           │                                        │                               
   ● insert     type naturally: tomorrow at 6pm, every fri and sat, +project @context · Tab chips ·
