---
source: tests/snapshots.rs
expression: buffer_to_styled(&buf)
---
{fg=#cad3f5 bg=#1e2030}                       {/}{fg=#363a4f bg=#1e2030}│{/}{bg=#24273a}                                          {/}{fg=#363a4f bg=#212435}│{/}{bg=#212435}                                 {/}
{fg=#cad3f5 bg=#1e2030}  {/}{fg=#c6a0f6 bg=#1e2030}■{/}{fg=#cad3f5 bg=#1e2030} {/}{fg=#cad3f5 bg=#1e2030 mod=bold}tasq{/}{fg=#cad3f5 bg=#1e2030}               {/}{fg=#363a4f bg=#1e2030}│{/}{bg=#24273a}  {/}{fg=#cad3f5 bg=#24273a mod=bold}All tasks{/}{fg=#6e738d bg=#24273a}  wednesday 6 may{/}{bg=#24273a}              {/}{fg=#363a4f bg=#212435}│{/}{bg=#212435}  {/}{fg=#cad3f5 bg=#212435 mod=bold}Finish Q2 board deck{/}{bg=#212435}           {/}
{fg=#cad3f5 bg=#1e2030}                       {/}{fg=#363a4f bg=#1e2030}│{/}{bg=#24273a}  {/}{fg=#6e738d bg=#24273a}15 tasks{/}{bg=#24273a}                                {/}{fg=#363a4f bg=#212435}│{/}{bg=#212435}                                 {/}
{fg=#cad3f5 bg=#1e2030}   {/}{fg=#a5adcb bg=#1e2030}⌂{/}{fg=#cad3f5 bg=#1e2030} {/}{fg=#a5adcb bg=#1e2030}Home{/}{fg=#cad3f5 bg=#1e2030}              {/}{fg=#363a4f bg=#1e2030}│{/}{bg=#24273a}  {/}{fg=#6e738d bg=#24273a} + filter {/}{bg=#24273a}           {/}{fg=#6e738d bg=#24273a}sort · priority ▾  {/}{fg=#363a4f bg=#212435}│{/}{bg=#212435}  {/}{fg=#6e738d bg=#212435}due{/}{bg=#212435}      {/}{fg=#ed8796 bg=#212435}today{/}{bg=#212435}                 {/}
{fg=#cad3f5 bg=#1e2030}   {/}{fg=#a5adcb bg=#1e2030}▤{/}{fg=#cad3f5 bg=#1e2030} {/}{fg=#a5adcb bg=#1e2030}Inbox{/}{fg=#cad3f5 bg=#1e2030}          {/}{fg=#6e738d bg=#1e2030}3{/}{fg=#cad3f5 bg=#1e2030}  {/}{fg=#363a4f bg=#1e2030}│{/}{bg=#24273a}                                          {/}{fg=#363a4f bg=#212435}│{/}{bg=#212435}  {/}{fg=#6e738d bg=#212435}space{/}{bg=#212435}    {/}{fg=#8aadf4 bg=#212435}●{/}{bg=#212435} {/}{fg=#8aadf4 bg=#212435}work{/}{bg=#212435}                {/}
{fg=#cad3f5 bg=#1e2030}   {/}{fg=#a5adcb bg=#1e2030}◉{/}{fg=#cad3f5 bg=#1e2030} {/}{fg=#a5adcb bg=#1e2030}Today{/}{fg=#cad3f5 bg=#1e2030}          {/}{fg=#6e738d bg=#1e2030}1{/}{fg=#cad3f5 bg=#1e2030}  {/}{fg=#363a4f bg=#1e2030}│{/}{fg=#cad3f5 bg=#24273a}  {/}{fg=#ed8796 bg=#24273a}PRIORITY A{/}{fg=#cad3f5 bg=#24273a} {/}{fg=#363a4f bg=#24273a}─────────────────────────────{/}{fg=#363a4f bg=#212435}│{/}{bg=#212435}  {/}{fg=#6e738d bg=#212435}priority{/}{bg=#212435} {/}{fg=#ed8796 bg=#212435}⚑ high{/}{bg=#212435}                {/}
{fg=#cad3f5 bg=#1e2030}   {/}{fg=#a5adcb bg=#1e2030}◷{/}{fg=#cad3f5 bg=#1e2030} {/}{fg=#a5adcb bg=#1e2030}Upcoming{/}{fg=#cad3f5 bg=#1e2030}       {/}{fg=#363a4f bg=#1e2030}╭ {/}{fg=#c6a0f6 bg=#1e2030 mod=bold}tasq{/}{fg=#6e738d bg=#1e2030} · command {/}{fg=#363a4f bg=#1e2030}──────────────────────────────────────────╮{/}{fg=#f5bde6 bg=#212435}aptop{/}{bg=#212435}               {/}
{fg=#cad3f5 bg=#1e2030}   {/}{fg=#a5adcb bg=#1e2030}▦{/}{fg=#cad3f5 bg=#1e2030} {/}{fg=#a5adcb bg=#1e2030}Calendar{/}{fg=#cad3f5 bg=#1e2030}       {/}{fg=#363a4f bg=#1e2030}│{/}{fg=#cad3f5 bg=#1e2030} {/}{fg=#c6a0f6 bg=#1e2030 mod=bold}>{/}{fg=#cad3f5 bg=#1e2030} █                                                      {/}{fg=#363a4f bg=#1e2030}│{/}{bg=#212435}                    {/}
{fg=#cad3f5 bg=#1e2030}   {/}{fg=#a5adcb bg=#1e2030}✎{/}{fg=#cad3f5 bg=#1e2030} {/}{fg=#a5adcb bg=#1e2030}Notes{/}{fg=#cad3f5 bg=#1e2030}          {/}{fg=#363a4f bg=#1e2030}│──────────────────────────────────────────────────────────│{/}{bg=#212435}                    {/}
{fg=#cad3f5 bg=#1e2030}   {/}{fg=#a5adcb bg=#1e2030}⌕{/}{fg=#cad3f5 bg=#1e2030} {/}{fg=#a5adcb bg=#1e2030}Search{/}{fg=#cad3f5 bg=#1e2030}        {/}{fg=#6e738d bg=#1e2030}^{/}{fg=#363a4f bg=#1e2030}│{/}{fg=#c6a0f6 bg=#363a4f mod=bold} ▶ {/}{fg=#cad3f5 bg=#363a4f mod=bold}new task{/}{fg=#cad3f5 bg=#363a4f}                                             {/}{fg=#6e738d bg=#363a4f}n{/}{fg=#cad3f5 bg=#363a4f} {/}{fg=#363a4f bg=#1e2030}│{/}{bg=#212435}                    {/}
{fg=#cad3f5 bg=#1e2030}                    {/}{fg=#363a4f bg=#1e2030}│{/}{fg=#1e2030 bg=#1e2030 mod=bold}   {/}{fg=#cad3f5 bg=#1e2030}edit current task (normal mode)                      {/}{fg=#6e738d bg=#1e2030}e{/}{fg=#cad3f5 bg=#1e2030} {/}{fg=#363a4f bg=#1e2030}│{/}{bg=#212435}                    {/}
{fg=#cad3f5 bg=#1e2030}  {/}{fg=#6e738d bg=#1e2030}SPACES{/}{fg=#cad3f5 bg=#1e2030}            {/}{fg=#363a4f bg=#1e2030}│{/}{fg=#1e2030 bg=#1e2030 mod=bold}   {/}{fg=#cad3f5 bg=#1e2030}edit current task (insert mode)                      {/}{fg=#6e738d bg=#1e2030}i{/}{fg=#cad3f5 bg=#1e2030} {/}{fg=#363a4f bg=#1e2030}│{/}{bg=#212435}                    {/}
{fg=#cad3f5 bg=#1e2030}   {/}{fg=#8aadf4 bg=#1e2030}●{/}{fg=#cad3f5 bg=#1e2030} {/}{fg=#a5adcb bg=#1e2030}work{/}{fg=#cad3f5 bg=#1e2030}           {/}{fg=#363a4f bg=#1e2030}│{/}{fg=#1e2030 bg=#1e2030 mod=bold}   {/}{fg=#cad3f5 bg=#1e2030}toggle complete                                      {/}{fg=#6e738d bg=#1e2030}x{/}{fg=#cad3f5 bg=#1e2030} {/}{fg=#363a4f bg=#1e2030}│{/}{bg=#212435}                    {/}
{fg=#cad3f5 bg=#1e2030}   {/}{fg=#b7bdf8 bg=#1e2030}●{/}{fg=#cad3f5 bg=#1e2030} {/}{fg=#a5adcb bg=#1e2030}health{/}{fg=#cad3f5 bg=#1e2030}         {/}{fg=#363a4f bg=#1e2030}│{/}{fg=#1e2030 bg=#1e2030 mod=bold}   {/}{fg=#cad3f5 bg=#1e2030}delete task                                         {/}{fg=#6e738d bg=#1e2030}dd{/}{fg=#cad3f5 bg=#1e2030} {/}{fg=#363a4f bg=#1e2030}│{/}{bg=#212435}                    {/}
{fg=#cad3f5 bg=#1e2030}   {/}{fg=#8bd5ca bg=#1e2030}●{/}{fg=#cad3f5 bg=#1e2030} {/}{fg=#a5adcb bg=#1e2030}finance{/}{fg=#cad3f5 bg=#1e2030}        {/}{fg=#363a4f bg=#1e2030}│{/}{fg=#1e2030 bg=#1e2030 mod=bold}   {/}{fg=#cad3f5 bg=#1e2030}cycle priority                                       {/}{fg=#6e738d bg=#1e2030}p{/}{fg=#cad3f5 bg=#1e2030} {/}{fg=#363a4f bg=#1e2030}│{/}{bg=#212435}                    {/}
{fg=#cad3f5 bg=#1e2030}   {/}{fg=#f5bde6 bg=#1e2030}●{/}{fg=#cad3f5 bg=#1e2030} {/}{fg=#a5adcb bg=#1e2030}home{/}{fg=#cad3f5 bg=#1e2030}           {/}{fg=#363a4f bg=#1e2030}│{/}{fg=#1e2030 bg=#1e2030 mod=bold}   {/}{fg=#cad3f5 bg=#1e2030}star / unstar task (top of its priority)             {/}{fg=#6e738d bg=#1e2030}*{/}{fg=#cad3f5 bg=#1e2030} {/}{fg=#363a4f bg=#1e2030}│{/}{bg=#212435}                    {/}
{fg=#cad3f5 bg=#1e2030}   {/}{fg=#f5a97f bg=#1e2030}●{/}{fg=#cad3f5 bg=#1e2030} {/}{fg=#a5adcb bg=#1e2030}learning{/}{fg=#cad3f5 bg=#1e2030}       {/}{fg=#363a4f bg=#1e2030}│{/}{fg=#1e2030 bg=#1e2030 mod=bold}   {/}{fg=#cad3f5 bg=#1e2030}move task down                                       {/}{fg=#6e738d bg=#1e2030}J{/}{fg=#cad3f5 bg=#1e2030} {/}{fg=#363a4f bg=#1e2030}│{/}{bg=#212435}                    {/}
{fg=#cad3f5 bg=#1e2030}   {/}{fg=#8bd5ca bg=#1e2030}●{/}{fg=#cad3f5 bg=#1e2030} {/}{fg=#a5adcb bg=#1e2030}personal{/}{fg=#cad3f5 bg=#1e2030}       {/}{fg=#363a4f bg=#1e2030}│{/}{fg=#1e2030 bg=#1e2030 mod=bold}   {/}{fg=#cad3f5 bg=#1e2030}move task up                                         {/}{fg=#6e738d bg=#1e2030}K{/}{fg=#cad3f5 bg=#1e2030} {/}{fg=#363a4f bg=#1e2030}│{/}{bg=#212435}                    {/}
{fg=#cad3f5 bg=#1e2030}   {/}{fg=#c6a0f6 bg=#1e2030}●{/}{fg=#cad3f5 bg=#1e2030} {/}{fg=#a5adcb bg=#1e2030}travel{/}{fg=#cad3f5 bg=#1e2030}         {/}{fg=#363a4f bg=#1e2030}│{/}{fg=#1e2030 bg=#1e2030 mod=bold}   {/}{fg=#cad3f5 bg=#1e2030}add project to current task                          {/}{fg=#6e738d bg=#1e2030}+{/}{fg=#cad3f5 bg=#1e2030} {/}{fg=#363a4f bg=#1e2030}│{/}{bg=#212435}                    {/}
{fg=#cad3f5 bg=#1e2030}                    {/}{fg=#363a4f bg=#1e2030}│{/}{fg=#1e2030 bg=#1e2030 mod=bold}   {/}{fg=#cad3f5 bg=#1e2030}add or remove context on current task                {/}{fg=#6e738d bg=#1e2030}c{/}{fg=#cad3f5 bg=#1e2030} {/}{fg=#363a4f bg=#1e2030}│{/}{bg=#212435}                    {/}
{fg=#cad3f5 bg=#1e2030}  {/}{fg=#6e738d bg=#1e2030}FILTERS{/}{fg=#cad3f5 bg=#1e2030}           {/}{fg=#363a4f bg=#1e2030}│{/}{fg=#1e2030 bg=#1e2030 mod=bold}   {/}{fg=#cad3f5 bg=#1e2030}copy line to clipboard                              {/}{fg=#6e738d bg=#1e2030}yy{/}{fg=#cad3f5 bg=#1e2030} {/}{fg=#363a4f bg=#1e2030}│{/}{bg=#212435}                    {/}
{fg=#cad3f5 bg=#1e2030}   {/}{fg=#ed8796 bg=#1e2030}⚑{/}{fg=#cad3f5 bg=#1e2030} {/}{fg=#a5adcb bg=#1e2030}High priority{/}{fg=#cad3f5 bg=#1e2030}  {/}{fg=#363a4f bg=#1e2030}│{/}{fg=#1e2030 bg=#1e2030 mod=bold}   {/}{fg=#cad3f5 bg=#1e2030}copy body to clipboard                              {/}{fg=#6e738d bg=#1e2030}yb{/}{fg=#cad3f5 bg=#1e2030} {/}{fg=#363a4f bg=#1e2030}│{/}{bg=#212435}                    {/}
{fg=#cad3f5 bg=#1e2030}   {/}{fg=#eed49f bg=#1e2030}★{/}{fg=#cad3f5 bg=#1e2030} {/}{fg=#a5adcb bg=#1e2030}Starred{/}{fg=#cad3f5 bg=#1e2030}        {/}{fg=#363a4f bg=#1e2030}│{/}{fg=#1e2030 bg=#1e2030 mod=bold}   {/}{fg=#cad3f5 bg=#1e2030}open task notes                                      {/}{fg=#6e738d bg=#1e2030}o{/}{fg=#cad3f5 bg=#1e2030} {/}{fg=#363a4f bg=#1e2030}│{/}{bg=#212435}                    {/}
{fg=#cad3f5 bg=#1e2030}   {/}{fg=#ed8796 bg=#1e2030}◷{/}{fg=#cad3f5 bg=#1e2030} {/}{fg=#a5adcb bg=#1e2030}Overdue{/}{fg=#cad3f5 bg=#1e2030}        {/}{fg=#363a4f bg=#1e2030}│{/}{fg=#1e2030 bg=#1e2030 mod=bold}   {/}{fg=#cad3f5 bg=#1e2030}undo                                                 {/}{fg=#6e738d bg=#1e2030}u{/}{fg=#cad3f5 bg=#1e2030} {/}{fg=#363a4f bg=#1e2030}│{/}{bg=#212435}                    {/}
{fg=#cad3f5 bg=#1e2030}                    {/}{fg=#363a4f bg=#1e2030}│{/}{fg=#cad3f5 bg=#1e2030}  {/}{fg=#6e738d bg=#1e2030 mod=bold}↑↓ / Ctrl-N/P{/}{fg=#6e738d bg=#1e2030} navigate · {/}{fg=#6e738d bg=#1e2030 mod=bold}Enter{/}{fg=#6e738d bg=#1e2030} run · {/}{fg=#6e738d bg=#1e2030 mod=bold}Esc{/}{fg=#6e738d bg=#1e2030} cancel{/}{fg=#cad3f5 bg=#1e2030}         {/}{fg=#363a4f bg=#1e2030}│{/}{bg=#212435}                    {/}
{fg=#cad3f5 bg=#1e2030}                    {/}{fg=#363a4f bg=#1e2030}╰──────────────────────────────────────────────────────────╯{/}{bg=#212435}                    {/}
{fg=#cad3f5 bg=#1e2030} {/}{fg=#363a4f bg=#24273a}╭───────────────────╮{/}{fg=#cad3f5 bg=#1e2030} {/}{fg=#363a4f bg=#1e2030}│{/}{fg=#6e738d bg=#24273a}[ ] {/}{fg=#cad3f5 bg=#24273a}  {/}{fg=#6e738d bg=#24273a}☐ {/}{fg=#cad3f5 bg=#24273a}Replace bathroom faucet washer {/}{fg=#f5bde6 bg=#24273a} ● {/}{fg=#363a4f bg=#212435}│{/}{bg=#212435}                                 {/}
{fg=#cad3f5 bg=#1e2030} {/}{fg=#363a4f bg=#24273a}│{/}{fg=#cad3f5 bg=#24273a} {/}{fg=#24273a bg=#f5a97f mod=bold} Y {/}{fg=#cad3f5 bg=#24273a} {/}{fg=#cad3f5 bg=#24273a mod=bold}you{/}{fg=#cad3f5 bg=#24273a}           {/}{fg=#363a4f bg=#24273a}│{/}{fg=#cad3f5 bg=#1e2030} {/}{fg=#363a4f bg=#1e2030}│{/}{fg=#cad3f5 bg=#24273a}                                          {/}{fg=#363a4f bg=#212435}│{/}{bg=#212435}                                 {/}
{fg=#cad3f5 bg=#1e2030} {/}{fg=#363a4f bg=#24273a}│{/}{fg=#cad3f5 bg=#24273a}     {/}{fg=#a6da95 bg=#24273a}● todo.txt{/}{fg=#cad3f5 bg=#24273a}    {/}{fg=#363a4f bg=#24273a}│{/}{fg=#cad3f5 bg=#1e2030} {/}{fg=#363a4f bg=#1e2030}│{/}{fg=#cad3f5 bg=#24273a}                                          {/}{fg=#363a4f bg=#212435}│{/}{bg=#212435}                                 {/}
{fg=#cad3f5 bg=#1e2030} {/}{fg=#363a4f bg=#24273a}╰───────────────────╯{/}{fg=#cad3f5 bg=#1e2030} {/}{fg=#363a4f bg=#1e2030}│{/}{fg=#cad3f5 bg=#24273a}                                          {/}{fg=#363a4f bg=#212435}│{/}{bg=#212435}                                 {/}
{fg=#cad3f5 bg=#1e2030}                       {/}{fg=#363a4f bg=#1e2030}│{/}{fg=#cad3f5 bg=#24273a}                                          {/}{fg=#363a4f bg=#212435}│{/}{bg=#212435}                                 {/}
{bg=#24273a} {/}{fg=#a5adcb bg=#363a4f} ● command {/}{fg=#c6a0f6 bg=#24273a}  2 selected{/}{bg=#24273a}                                  {/}{fg=#a5adcb bg=#24273a mod=bold}type{/}{fg=#6e738d bg=#24273a} to filter   {/}{fg=#a5adcb bg=#24273a mod=bold}Enter{/}{fg=#6e738d bg=#24273a} run   {/}{fg=#a5adcb bg=#24273a mod=bold}Esc{/}{fg=#6e738d bg=#24273a} cancel   {/}
