---
source: tests/snapshots.rs
expression: buffer_to_text(&buf)
---
  /tmp/tasq-snapshot.txt   wednesday 6 may                                                          
  0 tasks  ·  sort: priority                                                                        
  + filter                                                                                          
                                                                                                    
                                                                                                    
                                                                                                    
                                                                                                    
                                                                                                    
                                                                                                    
                      ╭ tasq ────────────────────────────────────────────────╮                      
                      │                    ██          ██                    │                      
                      │                    ████  ██  ████                    │                      
                      │                    ██████████████                    │                      
                      │                    ████  ██  ████                    │                      
                      │                    ██          ██                    │                      
                      │                                                      │                      
                      │  no tasks yet — let's get started                    │                      
                      │                                                      │                      
                      │   n   add a task                                     │                      
                      │   ?   show all keybindings                           │                      
                      │   ,   settings                                       │                      
                      │   q   quit                                           │                      
                      │                                                      │                      
                      │   format: (A) Buy milk +shop @home due:2026-05-12    │                      
                      ╰──────────────────────────────────────────────────────╯                      
                                                                                                    
                                                                                                    
                                                                                                    
                                                                                                    
                                                                                                    
                                                                                                    
   ● normal     n new task · Tab sidebar                                                     ␣ menu
