---
source: tests/snapshots.rs
expression: buffer_to_text(&buf)
---
                           │  /tmp/tasq-snapshot.txt                 DETAIL                         
  ▣ tasq                   │  15 tasks  ·  sort: priority                                           
                           │  + filter                               priority  (A)                  
   ◉ Today              1  │                                         created   2026-05-01           
   ◷ Upcoming           6  │  PRIORITY A  2  ─────────────────────── due       2026-05-06  today    
   ≡ All tasks         15  │  1 ▎☐ ⚑ Finish Q2 board deck  ◷ due tod space     work                 
   ▦ Calendar       ╭ tasq · command ──────────────────────────────────────────╮laptop              
   ⌕ Search         │ > █                                                      │                    
                    │──────────────────────────────────────────────────────────│                    
  SPACES            │ ▶ new task                                             n │                    
   ● work           │   edit current task (normal mode)                      e │-01 Finish Q2 board 
   ● health         │   edit current task (insert mode)                      i │@laptop             
   ● finance        │   toggle complete                                      x │-06                 
   ● home           │   delete task                                         dd │                    
   ● learning       │   cycle priority                                       p │                    
   ● personal       │   star / unstar task (top of its priority)             * │                    
   ● travel         │   move task down                                       J │                    
                    │   move task up                                         K │                    
  FILTERS           │   add project to current task                          + │                    
   ⚑ High priority  │   add or remove context on current task                c │                    
   ★ Starred        │   copy line to clipboard                              yy │                    
   ◷ Overdue        │   copy body to clipboard                              yb │                    
                    │   open task notes                                      o │                    
                    │   undo                                                 u │                    
                    │  ↑↓ / Ctrl-N/P navigate · Enter run · Esc cancel         │                    
                    ╰──────────────────────────────────────────────────────────╯                    
                           │                                                                        
 ╭───────────────────────╮ │                                                                        
 │  Y  you ● file        │ │                                                                        
 ╰───────────────────────╯ │                                                                        
                           │                                                                        
   ● command     type to filter · Enter run · Esc cancel
