---
source: tests/snapshots.rs
expression: buffer_to_text(&buf)
---
                       │  d Day   w Week   m Month    ‹ wednesday 6 may ›  6 tasks · 5h 30m planned 
  ■ tasq               │────────────────────────────────────────────────────────────────────────────
                       │all day  ◷ Finish Q2 board deck   Plan the week                             
   ⌂ Home              │┄┄┄┄┄┄┄┄┄┄┄┄┄┄┄┄┄┄┄┄┄┄┄┄┄┄┄┄┄┄┄┄┄┄┄┄┄┄┄┄┄┄┄┄┄┄┄┄┄┄┄┄┄┄┄┄┄┄┄┄┄┄┄┄┄┄┄┄┄┄┄┄┄┄┄┄
   ▤ Inbox          3  │07:00   ▎ Gym · 07:00                                                       
   ◉ Today          6  │08:00   ╌╌╌╌╌╌╌╌╌╌╌╌╌╌╌╌╌╌╌╌╌╌╌╌╌╌╌╌╌╌╌╌╌╌╌╌╌╌╌╌╌╌╌╌╌╌╌╌╌╌╌╌╌╌╌╌╌╌╌╌╌╌╌╌╌╌╌╌
   ◷ Upcoming       6  │                                                                            
   ▦ Calendar          │09:00   ▎ Teoria AII                                                        
   ✎ Notes             │        ▎ 09:00 – 11:00 · Uni › AII                                         
   ⌕ Search        ^K  │10:00   ▎                                                                   
                       │        ▎                                                                   
  SPACES               │11:00   ╌╌╌╌╌╌╌╌╌╌╌╌╌╌╌╌╌╌╌╌╌╌╌╌╌╌╌╌╌╌╌╌╌╌╌╌╌╌╌╌╌╌╌╌╌╌╌╌╌╌╌╌╌╌╌╌╌╌╌╌╌╌╌╌╌╌╌╌
   ● work           4  │        ▎ Fisio · 11:30                                                     
   ● health         3  │12:00   ╌╌╌╌╌╌╌╌╌╌╌╌╌╌╌╌╌╌╌╌╌╌╌╌╌╌╌╌╌╌╌╌╌╌╌╌╌╌╌╌╌╌╌╌╌╌╌╌╌╌╌╌╌╌╌╌╌╌╌╌╌╌╌╌╌╌╌╌
   ● personal       3  │12:40 ● ────────────────────────────────────────────────────────────────────
   ● Uni            2  │                                                                            
     ● AII          1  │14:00   ╌╌╌╌╌╌╌╌╌╌╌╌╌╌╌╌╌╌╌╌╌╌╌╌╌╌╌╌╌╌╌╌╌╌╌╌╌╌╌╌╌╌╌╌╌╌╌╌╌╌╌╌╌╌╌╌╌╌╌╌╌╌╌╌╌╌╌╌
     ● TIS          1  │                                                                            
   ● finance        2  │15:00   ╌╌╌╌╌╌╌╌╌╌╌╌╌╌╌╌╌╌╌╌╌╌╌╌╌╌╌╌╌╌╌╌╌╌╌╌╌╌╌╌╌╌╌╌╌╌╌╌╌╌╌╌╌╌╌╌╌╌╌╌╌╌╌╌╌╌╌╌
   ● home           1  │                                                                            
   ● learning       1  │16:00   ▎ (A) Trabajo TIS                                                   
   ● travel         1  │        ▎ 16:00 – 18:00 · Uni › TIS                                         
                       │17:00   ▎                                                                   
  FILTERS              │18:00   ╌╌╌╌╌╌╌╌╌╌╌╌╌╌╌╌╌╌╌╌╌╌╌╌╌╌╌╌╌╌╌╌╌╌╌╌╌╌╌╌╌╌╌╌╌╌╌╌╌╌╌╌╌╌╌╌╌╌╌╌╌╌╌╌╌╌╌╌
   ⚑ High priority  3  │                                                                            
  +2 more              │19:00   ╌╌╌╌╌╌╌╌╌╌╌╌╌╌╌╌╌╌╌╌╌╌╌╌╌╌╌╌╌╌╌╌╌╌╌╌╌╌╌╌╌╌╌╌╌╌╌╌╌╌╌╌╌╌╌╌╌╌╌╌╌╌╌╌╌╌╌╌
 ╭───────────────────╮ │                                                                            
 │  Y  you           │ │20:00   ╌╌╌╌╌╌╌╌╌╌╌╌╌╌╌╌╌╌╌╌╌╌╌╌╌╌╌╌╌╌╌╌╌╌╌╌╌╌╌╌╌╌╌╌╌╌╌╌╌╌╌╌╌╌╌╌╌╌╌╌╌╌╌╌╌╌╌╌
 │     ● todo.txt    │ │                                                                            
 ╰───────────────────╯ │21:00   ╌╌╌╌╌╌╌╌╌╌╌╌╌╌╌╌╌╌╌╌╌╌╌╌╌╌╌╌╌╌╌╌╌╌╌╌╌╌╌╌╌╌╌╌╌╌╌╌╌╌╌╌╌╌╌╌╌╌╌╌╌╌╌╌╌╌╌╌
                       │                                                                            
  ● day              ↑↓ task   ←→ day   Enter edit   x done   n new   J/K move   Esc list   ␣ more…
