---
source: tests/snapshots.rs
expression: buffer_to_text(&buf)
---
                       │                                          │                                 
  ■ tasq               │  All tasks  wednesday 6 may              │  Finish Q2 board deck           
                       │  15 tasks                                │                                 
   ⌂ Home              │   + filter            sort · priority ▾  │  due      today                 
   ▤ Inbox          9  │                                          │  space    ● work                
   ◉ Today          1  │  PRIORITY A ─────────────────────────────│  priority ⚑ high                
   ◷ Upcoming       ╭ tasq · command ──────────────────────────────────────────╮aptop               
   ▦ Calendar       │ > █                                                      │                    
   ✎ Notes          │──────────────────────────────────────────────────────────│                    
   ⌕ Search        ^│ ▶ new task                                             n │                    
                    │   edit current task (normal mode)                      e │                    
  SPACES            │   edit current task (insert mode)                      i │                    
   ● work           │   toggle complete                                      x │                    
   ● health         │   delete task                                         dd │                    
   ● finance        │   cycle priority                                       p │                    
   ● home           │   star / unstar task (top of its priority)             * │                    
   ● learning       │   event / task (an event isn't ticked off)               │                    
   ● personal       │   move task down                                       J │                    
   ● travel         │   move task up                                         K │                    
                    │   add project to current task                          + │                    
  FILTERS           │   add or remove context on current task                c │                    
   ⚑ High priority  │   copy line to clipboard                              yy │                    
   ★ Starred        │   copy body to clipboard                              yb │                    
   ◷ Overdue        │   open task notes                                      o │                    
                    │  ↑↓ / Ctrl-N/P navigate · Enter run · Esc cancel         │                    
                    ╰──────────────────────────────────────────────────────────╯                    
 ╭───────────────────╮ │                                          │                                 
 │  Y  you           │ │                                          │                                 
 │     ● todo.txt    │ │                                          │                                 
 ╰───────────────────╯ │                                          │                                 
                       │                                          │                                 
  ● command                                               type to filter   Enter run   Esc cancel
