---
source: tests/snapshots.rs
expression: buffer_to_styled(&buf)
---
{bg=#24273a}                                                                                                    {/}
{bg=#24273a}  {/}{fg=#cad3f5 bg=#24273a mod=bold}All tasks{/}{fg=#6e738d bg=#24273a}  wednesday 6 may{/}{bg=#24273a}                                                                        {/}
{bg=#24273a}  {/}{fg=#6e738d bg=#24273a}15 tasks{/}{bg=#24273a}                                                                                          {/}
{bg=#24273a}  {/}{fg=#6e738d bg=#24273a} + filter {/}{bg=#24273a}                                                                     {/}{fg=#6e738d bg=#24273a}sort · priority ▾  {/}
{bg=#24273a}                                                                                                    {/}
{fg=#cad3f5 bg=#24273a}  {/}{fg=#ed8796 bg=#24273a}PRIORITY A{/}{fg=#cad3f5 bg=#24273a} {/}{fg=#363a4f bg=#24273a}───────────────────────────────────────────────────────────────────────────────────────{/}
{fg=#c6a0f6 bg=#363a4f mod=bold}▎ {/}{fg=#cad3f5 bg=#363a4f}☐ {/}{fg=#ed8796 bg=#363a4f mod=bold}⚑ {/}{fg=#cad3f5 bg=#363a4f}Finish Q2 board deck {/}{fg=#ed8796 bg=#363a4f} ◷ due today {/}{fg=#cad3f5 bg=#363a4f} {/}{fg=#8aadf4 bg=#363a4f} ● work {/}{fg=#f5bde6 bg=#363a4f} @laptop{/}{fg=#cad3f5 bg=#363a4f}                                           {/}
{fg=#cad3f5 bg=#24273a}  {/}{fg=#6e738d bg=#24273a}☐ {/}{fg=#ed8796 bg=#24273a mod=bold}⚑ {/}{fg=#cad3f5 bg=#24273a}Call dentist to reschedule cleaning {/}{fg=#eed49f bg=#24273a} ◷ by fri 8 may {/}{fg=#cad3f5 bg=#24273a} {/}{fg=#b7bdf8 bg=#24273a} ● health {/}{fg=#f5bde6 bg=#24273a} @phone{/}{fg=#cad3f5 bg=#24273a}                        {/}
{fg=#cad3f5 bg=#24273a}                                                                                                    {/}
{fg=#cad3f5 bg=#24273a}  {/}{fg=#f5a97f bg=#24273a}PRIORITY B{/}{fg=#cad3f5 bg=#24273a} {/}{fg=#363a4f bg=#24273a}───────────────────────────────────────────────────────────────────────────────────────{/}
{fg=#cad3f5 bg=#24273a}  {/}{fg=#6e738d bg=#24273a}☐ {/}{fg=#f5a97f bg=#24273a mod=bold}⚑ {/}{fg=#cad3f5 bg=#24273a}Review pull requests for auth refactor {/}{fg=#eed49f bg=#24273a} ◷ by tomorrow {/}{fg=#cad3f5 bg=#24273a} {/}{fg=#8aadf4 bg=#24273a} ● work {/}{fg=#f5bde6 bg=#24273a} @laptop{/}{fg=#cad3f5 bg=#24273a}                       {/}
{fg=#cad3f5 bg=#24273a}  {/}{fg=#6e738d bg=#24273a}☐ {/}{fg=#f5a97f bg=#24273a mod=bold}⚑ {/}{fg=#cad3f5 bg=#24273a}Renew passport before summer trip {/}{fg=#6e738d bg=#24273a} ◷ by wed 20 may {/}{fg=#cad3f5 bg=#24273a} {/}{fg=#c6a0f6 bg=#24273a} ● travel {/}{fg=#f5bde6 bg=#24273a} @errands{/}{fg=#cad3f5 bg=#24273a}                       {/}
{fg=#cad3f5 bg=#24273a}  {/}{fg=#6e738d bg=#24273a}☐ {/}{fg=#f5a97f bg=#24273a mod=bold}⚑ {/}{fg=#cad3f5 bg=#24273a}Draft hiring rubric for senior eng {/}{fg=#8aadf4 bg=#24273a} ● work {/}{fg=#f5bde6 bg=#24273a} @laptop{/}{fg=#cad3f5 bg=#24273a}                                           {/}
{fg=#cad3f5 bg=#24273a}                                                                                                    {/}
{fg=#cad3f5 bg=#24273a}  {/}{fg=#eed49f bg=#24273a}PRIORITY C{/}{fg=#cad3f5 bg=#24273a} {/}{fg=#363a4f bg=#24273a}───────────────────────────────────────────────────────────────────────────────────────{/}
{fg=#cad3f5 bg=#24273a}  {/}{fg=#6e738d bg=#24273a}☐ {/}{fg=#eed49f bg=#24273a mod=bold}⚑ {/}{fg=#cad3f5 bg=#24273a}Pay quarterly estimated taxes {/}{fg=#6e738d bg=#24273a} ◷ by mon 15 jun {/}{fg=#cad3f5 bg=#24273a} {/}{fg=#8bd5ca bg=#24273a} ● finance {/}{fg=#f5bde6 bg=#24273a} @home{/}{fg=#cad3f5 bg=#24273a}                             {/}
{fg=#cad3f5 bg=#24273a}  {/}{fg=#6e738d bg=#24273a}☐ {/}{fg=#eed49f bg=#24273a mod=bold}⚑ {/}{fg=#cad3f5 bg=#24273a}Order new running shoes {/}{fg=#b7bdf8 bg=#24273a} ● health {/}{fg=#f5bde6 bg=#24273a} @errands{/}{fg=#cad3f5 bg=#24273a}                                                   {/}
{fg=#cad3f5 bg=#24273a}                                                                                                    {/}
{fg=#cad3f5 bg=#24273a}  {/}{fg=#6e738d bg=#24273a}NO PRIORITY{/}{fg=#cad3f5 bg=#24273a} {/}{fg=#363a4f bg=#24273a}──────────────────────────────────────────────────────────────────────────────────────{/}
{fg=#cad3f5 bg=#24273a}  {/}{fg=#6e738d bg=#24273a}☐ {/}{fg=#cad3f5 bg=#24273a}Migrate analytics to new pipeline {/}{fg=#6e738d bg=#24273a} ◷ by fri 15 may {/}{fg=#cad3f5 bg=#24273a} {/}{fg=#8aadf4 bg=#24273a} ● work {/}{fg=#f5bde6 bg=#24273a} @laptop{/}{fg=#cad3f5 bg=#24273a}                            {/}
{fg=#cad3f5 bg=#24273a}  {/}{fg=#6e738d bg=#24273a}☐ {/}{fg=#cad3f5 bg=#24273a}Pay rent {/}{fg=#6e738d bg=#24273a} ◷ by fri 15 may {/}{fg=#cad3f5 bg=#24273a} {/}{fg=#b7bdf8 bg=#24273a} ↻ every month {/}{fg=#cad3f5 bg=#24273a} {/}{fg=#8bd5ca bg=#24273a} ● finance {/}{fg=#f5bde6 bg=#24273a} @home{/}{fg=#cad3f5 bg=#24273a}                                    {/}
{fg=#cad3f5 bg=#24273a}  {/}{fg=#6e738d bg=#24273a}☐ {/}{fg=#cad3f5 bg=#24273a}Pick up dry cleaning{/}{fg=#f5bde6 bg=#24273a} @errands{/}{fg=#cad3f5 bg=#24273a}                                                                   {/}
{fg=#cad3f5 bg=#24273a}  {/}{fg=#6e738d bg=#24273a}☐ {/}{fg=#cad3f5 bg=#24273a}Schedule annual physical {/}{fg=#b7bdf8 bg=#24273a} ● health {/}{fg=#f5bde6 bg=#24273a} @phone{/}{fg=#cad3f5 bg=#24273a}                                                      {/}
{fg=#cad3f5 bg=#24273a}  {/}{fg=#6e738d bg=#24273a}☐ {/}{fg=#cad3f5 bg=#24273a}Read "Designing Data-Intensive Applications" ch. 4 {/}{fg=#f5a97f bg=#24273a} ● learning {/}{fg=#f5bde6 bg=#24273a} @home{/}{fg=#cad3f5 bg=#24273a}                           {/}
{fg=#cad3f5 bg=#24273a}  {/}{fg=#6e738d bg=#24273a}☐ {/}{fg=#cad3f5 bg=#24273a}Send thank-you note to mentor{/}{fg=#f5bde6 bg=#24273a} @home{/}{fg=#cad3f5 bg=#24273a}                                                             {/}
{fg=#cad3f5 bg=#24273a}  {/}{fg=#6e738d bg=#24273a}☐ {/}{fg=#cad3f5 bg=#24273a}Plan Saturday hike with K. {/}{fg=#8bd5ca bg=#24273a} ● personal {/}{fg=#f5bde6 bg=#24273a} @phone{/}{fg=#cad3f5 bg=#24273a}                                                  {/}
{fg=#cad3f5 bg=#24273a}  {/}{fg=#6e738d bg=#24273a}☐ {/}{fg=#cad3f5 bg=#24273a}Replace bathroom faucet washer {/}{fg=#f5bde6 bg=#24273a} ● home  @errands{/}{fg=#cad3f5 bg=#24273a}                                                {/}
{fg=#cad3f5 bg=#24273a}                                                                                                    {/}
{fg=#cad3f5 bg=#24273a}                                                                                                    {/}
{fg=#cad3f5 bg=#24273a}                                                                                                    {/}
{fg=#cad3f5 bg=#24273a}                                                                                                    {/}
{bg=#24273a} {/}{fg=#a5adcb bg=#363a4f} ● normal {/}{fg=#6e738d bg=#24273a}  All tasks · 15 tasks{/}{bg=#24273a}            {/}{fg=#a5adcb bg=#24273a mod=bold}x{/}{fg=#6e738d bg=#24273a} done   {/}{fg=#a5adcb bg=#24273a mod=bold}e{/}{fg=#6e738d bg=#24273a} edit   {/}{fg=#a5adcb bg=#24273a mod=bold}r{/}{fg=#6e738d bg=#24273a} reschedule   {/}{fg=#a5adcb bg=#24273a mod=bold}Tab{/}{fg=#6e738d bg=#24273a} details   {/}{fg=#a5adcb bg=#24273a mod=bold}␣{/}{fg=#6e738d bg=#24273a} more… {/}
