---
source: tests/snapshots.rs
expression: buffer_to_text(&buf)
---
 VIEWS                     ▶▮◀ /tmp/tasq-snapshot.txt  •  15 tasks DETAIL                           
   Today             1 1                                                                            
   Upcoming          6 2   (2)  PRIORITY A  ────────────────────── priority  (A)                    
 ▸ All              15 3    1 ▸ ⚑ Finish Q2 board deck  ◷ due toda created   2026-05-01             
   Day               1 4    2   ⚑ Call dentist to reschedule clean due       2026-05-06  today      
   Week              3 5   (3)  PRIORITY B  ────────────────────── space     work                   
   Month             6 6    3   ⚑ Review pull requests for auth re tags      @laptop                
                            4   ⚑ Renew passport before summer tri                                  
 SPACES                     5   ⚑ Draft hiring rubric for senior e RAW                              
   ● work            4     (2)  PRIORITY C  ──────────────────────                                  
   ● health          3      6   ⚑ Pay quarterly estimated taxes  ◷ (A) 2026-05-01 Finish Q2 board   
   ● finance         2      7   ⚑ Order new running shoes  ● healt deck +work @laptop               
   ● home ╭──────────────────────────────────────────────────────────────────────────────╮          
   ● learn│                                                                              │          
   ● perso│  > Schedule team offsite  +work   @phone  /▏                           ↑     │          
   ● trave│                                                                              │          
          │                              + work     @ phone                              │          
 TAGS     │                                                                              │          
   @errand╰──────────────────────────────────────────────────────────────────────────────╯          
   @home      ╭──────────────────────────────────────────────────────────╮                          
   @laptop    │ ATTACH METADATA                                          │                          
   @phone     │  Planned     when you'll do it                     /plan │                          
              │  Due date    the deadline                           /due │                          
              │  Recurrence  repeat after completing                /rec │                          
              │  Threshold   hide until this date                     /t │                          
              │  Priority    A · B · C                             /prio │                          
              │  + Project   attach to a project                   /proj │                          
              │  @ Context   tool, place or person                  /ctx │                          
              │                                                          │                          
              │  ↑↓ pick · Enter insert · Esc dismiss · type to filter   │                          
              ╰──────────────────────────────────────────────────────────╯                          
 INSERT   type naturally: tomorrow at 6pm, every fri and sat, +pro15 open · 2026-05-06 · tasq 0.0.0
