---
source: tests/snapshots.rs
expression: buffer_to_text(&buf)
---
                       │                                          │                                 
  ■ tasq               │  All tasks  wednesday 6 may              │  Buy milk                       
                       │  3 tasks                                 │                                 
   ⌂ Home              │   + filter            sort · priority ▾  │  priority ⚑ high                
   ▤ Inbox          3  │                                          │                                 
   ◉ Today          0  │  PRIORITY A ─────────────────────────────│                                 
   ◷ Upcoming       0  │▎ ☐ ⚑ Buy milk                            │                                 
   ▦ Calendar          │  PRIORITY B ─────────────────────────────│                                 
   ✎ Notes             │  ☐ ⚑ Call mom                            │                                 
   ⌕ Search         /  │  NO PRIORITY ────────────────────────────│                                 
                       │  ☐ Write up notes                        │                                 
  FILTERS              │                                          │                                 
   ⚑ High priority  1  │                                          │                                 
   ★ Starred        0  │                                          │                                 
   ◷ Overdue        0  │                                          │                                 
                       │                                          │                                 
                       │                                          │                                 
                       │                                          │                                 
                       │                                          │                                 
                       │                                          │                                 
                       │                                          │                                 
                       │                                          │                                 
                       │                                          │                                 
                       │                                          │                                 
                       │                                          │                                 
                       │                                          │                                 
 ╭───────────────────╮ │                                          │                                 
 │  Y  you           │ │                                          │                                 
 │     ● todo.txt    │ │                                          │                                 
 ╰───────────────────╯ │                                          │                                 
                       │                                          │                                 
  ● normal   All tasks · 3 tasks             x done   e edit   r reschedule   Tab details   ␣ more…
