---
source: tests/snapshots.rs
expression: buffer_to_text(&buf)
---
                       │                                          │                                 
  ■ tasq               │  All tasks  wednesday 6 may              │  Finish Q2 board deck           
                       │  15 tasks                                │                                 
   ⌂ Home              │   + filter            sort · priority ▾  │  due      today                 
   ▤ Inbox          3  │                                          │  space    ● work                
   ◉ Today          1  │  PRIORITY A ─────────────────────────────│  priority ⚑ high                
   ◷ Upcoming       6  │▎ ☐ ⚑ Finish Q2 board deck  ◷ due today   │  tags     @laptop               
   ▦ Calendar          │  ☐ ⚑ Call dentist to reschedule cleaning │                                 
   ✎ Notes             │  PRIORITY B ─────────────────────────────│                                 
   ⌕ Search        ^K  │  ☐ ⚑ Review pull requests for auth refact│                                 
                       │  ☐ ⚑ Renew passport before summer trip  ◷│                                 
  SPACES               │  ☐ ⚑ Draft hiring rubric for senior eng  │                                 
   ● work ╭──────────────────────────────────────────────────────────────────────────────╮          
   ● healt│                                                                              │          
   ● finan│  > Schedule team offsite  +work   @phone  /▏                           ↑     │          
   ● home │                                                                              │          
   ● learn│                              + work     @ phone                              │          
   ● perso│                                                                              │          
   ● trave╰──────────────────────────────────────────────────────────────────────────────╯          
              ╭──────────────────────────────────────────────────────────╮                          
  FILTERS     │ ATTACH METADATA                                          │                          
   ⚑ High prio│  Planned     when you'll do it                     /plan │                          
   ★ Starred  │  Due date    the deadline                           /due │                          
   ◷ Overdue  │  Recurrence  repeat after completing                /rec │                          
              │  Threshold   hide until this date                     /t │                          
              │  Priority    A · B · C                             /prio │                          
 ╭────────────│  + Project   attach to a project                   /proj │                          
 │  Y  you    │  @ Context   tool, place or person                  /ctx │                          
 │     ● todo.│                                                          │                          
 ╰────────────│  ↑↓ pick · Enter insert · Esc dismiss · type to filter   │                          
              ╰──────────────────────────────────────────────────────────╯                          
  ● insert  type naturally: tomorrow at 6pm, every fri and sat, +project @context   Tab chips   Ctrl
