---
source: tests/snapshots.rs
expression: buffer_to_styled(&buf)
---
{bg=#24273a}                                                                                                    {/}
{bg=#24273a}  {/}{fg=#cad3f5 bg=#24273a mod=bold}All tasks{/}{fg=#6e738d bg=#24273a}  wednesday 6 may{/}{bg=#24273a}                                                                        {/}
{bg=#24273a}  {/}{fg=#6e738d bg=#24273a}0 tasks{/}{bg=#24273a}                                                                                           {/}
{bg=#24273a}  {/}{fg=#6e738d bg=#24273a} + filter {/}{bg=#24273a}                                                                     {/}{fg=#6e738d bg=#24273a}sort · priority ▾  {/}
{bg=#24273a}                                                                                                    {/}
{bg=#24273a}                                                                                                    {/}
{bg=#24273a}                                                                                                    {/}
{bg=#24273a}                                                                                                    {/}
{bg=#24273a}                                                                                                    {/}
{bg=#24273a}                                                                                                    {/}
{bg=#24273a}                      {/}{fg=#363a4f bg=#24273a}╭ {/}{fg=#c6a0f6 bg=#24273a mod=bold}tasq{/}{fg=#363a4f bg=#24273a} ────────────────────────────────────────────────╮{/}{bg=#24273a}                      {/}
{bg=#24273a}                      {/}{fg=#363a4f bg=#24273a}│{/}{fg=#cad3f5 bg=#24273a}                    {/}{fg=#c6a0f6 bg=#24273a}██{/}{fg=#cad3f5 bg=#24273a}          {/}{fg=#c6a0f6 bg=#24273a}██{/}{fg=#cad3f5 bg=#24273a}                    {/}{fg=#363a4f bg=#24273a}│{/}{bg=#24273a}                      {/}
{bg=#24273a}                      {/}{fg=#363a4f bg=#24273a}│{/}{fg=#cad3f5 bg=#24273a}                    {/}{fg=#c6a0f6 bg=#24273a}████{/}{fg=#cad3f5 bg=#24273a}  {/}{fg=#ed8796 bg=#24273a}██{/}{fg=#cad3f5 bg=#24273a}  {/}{fg=#c6a0f6 bg=#24273a}████{/}{fg=#cad3f5 bg=#24273a}                    {/}{fg=#363a4f bg=#24273a}│{/}{bg=#24273a}                      {/}
{bg=#24273a}                      {/}{fg=#363a4f bg=#24273a}│{/}{fg=#cad3f5 bg=#24273a}                    {/}{fg=#c6a0f6 bg=#24273a}██████{/}{fg=#ed8796 bg=#24273a}██{/}{fg=#c6a0f6 bg=#24273a}██████{/}{fg=#cad3f5 bg=#24273a}                    {/}{fg=#363a4f bg=#24273a}│{/}{bg=#24273a}                      {/}
{bg=#24273a}                      {/}{fg=#363a4f bg=#24273a}│{/}{fg=#cad3f5 bg=#24273a}                    {/}{fg=#c6a0f6 bg=#24273a}████{/}{fg=#cad3f5 bg=#24273a}  {/}{fg=#ed8796 bg=#24273a}██{/}{fg=#cad3f5 bg=#24273a}  {/}{fg=#c6a0f6 bg=#24273a}████{/}{fg=#cad3f5 bg=#24273a}                    {/}{fg=#363a4f bg=#24273a}│{/}{bg=#24273a}                      {/}
{bg=#24273a}                      {/}{fg=#363a4f bg=#24273a}│{/}{fg=#cad3f5 bg=#24273a}                    {/}{fg=#c6a0f6 bg=#24273a}██{/}{fg=#cad3f5 bg=#24273a}          {/}{fg=#c6a0f6 bg=#24273a}██{/}{fg=#cad3f5 bg=#24273a}                    {/}{fg=#363a4f bg=#24273a}│{/}{bg=#24273a}                      {/}
{bg=#24273a}                      {/}{fg=#363a4f bg=#24273a}│{/}{fg=#cad3f5 bg=#24273a}                                                      {/}{fg=#363a4f bg=#24273a}│{/}{bg=#24273a}                      {/}
{bg=#24273a}                      {/}{fg=#363a4f bg=#24273a}│{/}{fg=#cad3f5 bg=#24273a}  no tasks yet — let's get started                    {/}{fg=#363a4f bg=#24273a}│{/}{bg=#24273a}                      {/}
{bg=#24273a}                      {/}{fg=#363a4f bg=#24273a}│{/}{fg=#cad3f5 bg=#24273a}                                                      {/}{fg=#363a4f bg=#24273a}│{/}{bg=#24273a}                      {/}
{bg=#24273a}                      {/}{fg=#363a4f bg=#24273a}│{/}{fg=#cad3f5 bg=#24273a}   {/}{fg=#f5bde6 bg=#24273a mod=bold}n   {/}{fg=#cad3f5 bg=#24273a}add a task                                     {/}{fg=#363a4f bg=#24273a}│{/}{bg=#24273a}                      {/}
{bg=#24273a}                      {/}{fg=#363a4f bg=#24273a}│{/}{fg=#cad3f5 bg=#24273a}   {/}{fg=#f5bde6 bg=#24273a mod=bold}?   {/}{fg=#cad3f5 bg=#24273a}show all keybindings                           {/}{fg=#363a4f bg=#24273a}│{/}{bg=#24273a}                      {/}
{bg=#24273a}                      {/}{fg=#363a4f bg=#24273a}│{/}{fg=#cad3f5 bg=#24273a}   {/}{fg=#f5bde6 bg=#24273a mod=bold},   {/}{fg=#cad3f5 bg=#24273a}settings                                       {/}{fg=#363a4f bg=#24273a}│{/}{bg=#24273a}                      {/}
{bg=#24273a}                      {/}{fg=#363a4f bg=#24273a}│{/}{fg=#cad3f5 bg=#24273a}   {/}{fg=#f5bde6 bg=#24273a mod=bold}q   {/}{fg=#cad3f5 bg=#24273a}quit                                           {/}{fg=#363a4f bg=#24273a}│{/}{bg=#24273a}                      {/}
{bg=#24273a}                      {/}{fg=#363a4f bg=#24273a}│{/}{fg=#cad3f5 bg=#24273a}                                                      {/}{fg=#363a4f bg=#24273a}│{/}{bg=#24273a}                      {/}
{bg=#24273a}                      {/}{fg=#363a4f bg=#24273a}│{/}{fg=#cad3f5 bg=#24273a}   {/}{fg=#6e738d bg=#24273a}format: {/}{fg=#ed8796 bg=#24273a mod=bold}(A) {/}{fg=#cad3f5 bg=#24273a}Buy milk {/}{fg=#8aadf4 bg=#24273a}+shop {/}{fg=#f5bde6 bg=#24273a}@home {/}{fg=#eed49f bg=#24273a}due:2026-05-12{/}{fg=#cad3f5 bg=#24273a}    {/}{fg=#363a4f bg=#24273a}│{/}{bg=#24273a}                      {/}
{bg=#24273a}                      {/}{fg=#363a4f bg=#24273a}╰──────────────────────────────────────────────────────╯{/}{bg=#24273a}                      {/}
{bg=#24273a}                                                                                                    {/}
{bg=#24273a}                                                                                                    {/}
{bg=#24273a}                                                                                                    {/}
{bg=#24273a}                                                                                                    {/}
{bg=#24273a}                                                                                                    {/}
{bg=#24273a} {/}{fg=#a5adcb bg=#363a4f} ● normal {/}{fg=#6e738d bg=#24273a}  All tasks · 0 tasks{/}{bg=#24273a}                                 {/}{fg=#a5adcb bg=#24273a mod=bold}n{/}{fg=#6e738d bg=#24273a} new task   {/}{fg=#a5adcb bg=#24273a mod=bold}Tab{/}{fg=#6e738d bg=#24273a} sidebar   {/}{fg=#a5adcb bg=#24273a mod=bold}␣{/}{fg=#6e738d bg=#24273a} more… {/}
