---
source: tests/snapshots.rs
expression: buffer_to_styled(&buf)
---
{fg=#6b7280 bg=#1f232b mod=bold} VIEWS{/}{fg=#c8ccd4 bg=#1f232b}                    {/}{bg=#1a1d23} {/}{fg=#6b7280 bg=#1a1d23} d Day {/}{bg=#1a1d23} {/}{fg=#6b7280 bg=#1a1d23} w Week {/}{bg=#1a1d23} {/}{fg=#1a1d23 bg=#8aa9c9 mod=bold} m Month {/}{bg=#1a1d23}   {/}{fg=#6b7280 bg=#1a1d23}‹ {/}{fg=#c8ccd4 bg=#1a1d23 mod=bold}may 2026{/}{fg=#6b7280 bg=#1a1d23} ›{/}{bg=#1a1d23}                       {/}{fg=#6b7280 bg=#1a1d23}19 tasks{/}{bg=#1a1d23} {/}
{fg=#c8ccd4 bg=#1f232b} {/}{fg=#8aa9c9 bg=#1f232b}  {/}{fg=#c8ccd4 bg=#1f232b}Today           {/}{fg=#6b7280 bg=#1f232b}  2 1{/}{fg=#c8ccd4 bg=#1f232b}  {/}{fg=#2a2f38 bg=#1a1d23}──────────────────────────────────────────────────────────────────────────{/}
{fg=#c8ccd4 bg=#1f232b} {/}{fg=#8aa9c9 bg=#1f232b}  {/}{fg=#c8ccd4 bg=#1f232b}Upcoming        {/}{fg=#6b7280 bg=#1f232b}  6 2{/}{fg=#c8ccd4 bg=#1f232b}  {/}{fg=#6b7280 bg=#1a1d23}   mon       tue       wed       thu       fri       sat         sun      {/}
{fg=#c8ccd4 bg=#1f232b} {/}{fg=#8aa9c9 bg=#1f232b}  {/}{fg=#c8ccd4 bg=#1f232b}All             {/}{fg=#6b7280 bg=#1f232b} 16 3{/}{fg=#c8ccd4 bg=#1f232b}  {/}{fg=#2a2f38 bg=#1a1d23}──────────────────────────────────────────────────────────────────────────{/}
{fg=#c8ccd4 bg=#1f232b} {/}{fg=#8aa9c9 bg=#1f232b}  {/}{fg=#c8ccd4 bg=#1f232b}Day             {/}{fg=#6b7280 bg=#1f232b}  3 4{/}{fg=#c8ccd4 bg=#1f232b}  {/}{bg=#1a1d23} {/}{fg=#2a2f38 bg=#1a1d23} 27 {/}{bg=#1a1d23}     {/}{fg=#2a2f38 bg=#1a1d23}│ 28 {/}{bg=#1a1d23}     {/}{fg=#2a2f38 bg=#1a1d23}│ 29 {/}{bg=#1a1d23}     {/}{fg=#2a2f38 bg=#1a1d23}│ 30 {/}{bg=#1a1d23}     {/}{fg=#2a2f38 bg=#1a1d23}│{/}{fg=#c8ccd4 bg=#1a1d23}  1 {/}{bg=#1a1d23}     {/}{fg=#2a2f38 bg=#1a1d23}│{/}{fg=#c8ccd4 bg=#1a1d23}  2 {/}{bg=#1a1d23}     {/}{fg=#2a2f38 bg=#1a1d23}│{/}{fg=#c8ccd4 bg=#1a1d23}  3 {/}{bg=#1a1d23}         {/}
{fg=#c8ccd4 bg=#1f232b} {/}{fg=#8aa9c9 bg=#1f232b}  {/}{fg=#c8ccd4 bg=#1f232b}Week            {/}{fg=#6b7280 bg=#1f232b}  7 5{/}{fg=#c8ccd4 bg=#1f232b}  {/}{bg=#1a1d23}          {/}{fg=#2a2f38 bg=#1a1d23}│{/}{bg=#1a1d23}         {/}{fg=#2a2f38 bg=#1a1d23}│{/}{bg=#1a1d23}         {/}{fg=#2a2f38 bg=#1a1d23}│{/}{bg=#1a1d23}         {/}{fg=#2a2f38 bg=#1a1d23}│{/}{bg=#1a1d23}         {/}{fg=#2a2f38 bg=#1a1d23}│{/}{bg=#1a1d23}         {/}{fg=#2a2f38 bg=#1a1d23}│{/}{bg=#1a1d23}             {/}
{fg=#c8ccd4 bg=#2f3947} {/}{fg=#8aa9c9 bg=#2f3947}▸ {/}{fg=#c8ccd4 bg=#2f3947}Month           {/}{fg=#6b7280 bg=#2f3947} 19 6{/}{fg=#c8ccd4 bg=#1f232b}  {/}{fg=#2a2f38 bg=#1a1d23}──────────┼─────────┼─────────┼─────────┼─────────┼─────────┼─────────────{/}
{fg=#c8ccd4 bg=#1f232b}                          {/}{bg=#1a1d23} {/}{fg=#c8ccd4 bg=#1a1d23}  4 {/}{bg=#1a1d23}     {/}{fg=#2a2f38 bg=#1a1d23}│{/}{fg=#c8ccd4 bg=#1a1d23}  5 {/}{bg=#1a1d23}     {/}{fg=#2a2f38 bg=#252b34}│{/}{fg=#1a1d23 bg=#8aa9c9 mod=bold}  6 {/}{bg=#252b34}   {/}{fg=#8aa9c9 bg=#252b34}◆{/}{bg=#252b34} {/}{fg=#2a2f38 bg=#1a1d23}│{/}{fg=#c8ccd4 bg=#1a1d23}  7 {/}{bg=#1a1d23}     {/}{fg=#2a2f38 bg=#1a1d23}│{/}{fg=#c8ccd4 bg=#1a1d23}  8 {/}{bg=#1a1d23}     {/}{fg=#2a2f38 bg=#1a1d23}│{/}{fg=#c8ccd4 bg=#1a1d23}  9 {/}{bg=#1a1d23}     {/}{fg=#2a2f38 bg=#1a1d23}│{/}{fg=#c8ccd4 bg=#1a1d23} 10 {/}{bg=#1a1d23}         {/}
{fg=#7fb3a8 bg=#1f232b mod=bold} SPACES{/}{fg=#c8ccd4 bg=#1f232b}                   {/}{bg=#1a1d23}  {/}{fg=#c8ccd4 bg=#1a1d23}1 {/}{fg=#8aa9c9 bg=#1a1d23}●{/}{bg=#1a1d23}     {/}{fg=#2a2f38 bg=#1a1d23}│{/}{bg=#1a1d23}         {/}{fg=#2a2f38 bg=#252b34}│{/}{bg=#252b34} {/}{fg=#c8ccd4 bg=#252b34}3 {/}{fg=#e07a7a bg=#252b34}●●{/}{fg=#8aa9c9 bg=#252b34}●{/}{bg=#252b34}   {/}{fg=#2a2f38 bg=#1a1d23}│{/}{bg=#1a1d23} {/}{fg=#c8ccd4 bg=#1a1d23}1 {/}{fg=#e07a7a bg=#1a1d23}●{/}{bg=#1a1d23}     {/}{fg=#2a2f38 bg=#1a1d23}│{/}{bg=#1a1d23} {/}{fg=#c8ccd4 bg=#1a1d23}2 {/}{fg=#e07a7a bg=#1a1d23}●{/}{fg=#8aa9c9 bg=#1a1d23}●{/}{bg=#1a1d23}    {/}{fg=#2a2f38 bg=#1a1d23}│{/}{bg=#1a1d23}         {/}{fg=#2a2f38 bg=#1a1d23}│{/}{bg=#1a1d23}             {/}
{fg=#c8ccd4 bg=#1f232b} {/}{fg=#8aa9c9 bg=#1f232b}  {/}{fg=#7fb3a8 bg=#1f232b}● work          {/}{fg=#6b7280 bg=#1f232b}  4{/}{fg=#c8ccd4 bg=#1f232b}    {/}{fg=#2a2f38 bg=#1a1d23}──────────┼─────────┼─────────┼─────────┼─────────┼─────────┼─────────────{/}
{fg=#c8ccd4 bg=#1f232b} {/}{fg=#8aa9c9 bg=#1f232b}  {/}{fg=#d4b06a bg=#1f232b}● health        {/}{fg=#6b7280 bg=#1f232b}  3{/}{fg=#c8ccd4 bg=#1f232b}    {/}{bg=#1a1d23} {/}{fg=#c8ccd4 bg=#1a1d23} 11 {/}{bg=#1a1d23}     {/}{fg=#2a2f38 bg=#1a1d23}│{/}{fg=#c8ccd4 bg=#1a1d23} 12 {/}{bg=#1a1d23}     {/}{fg=#2a2f38 bg=#1a1d23}│{/}{fg=#c8ccd4 bg=#1a1d23} 13 {/}{bg=#1a1d23}     {/}{fg=#2a2f38 bg=#1a1d23}│{/}{fg=#c8ccd4 bg=#1a1d23} 14 {/}{bg=#1a1d23}     {/}{fg=#2a2f38 bg=#1a1d23}│{/}{fg=#c8ccd4 bg=#1a1d23} 15 {/}{bg=#1a1d23}     {/}{fg=#2a2f38 bg=#1a1d23}│{/}{fg=#c8ccd4 bg=#1a1d23} 16 {/}{bg=#1a1d23}     {/}{fg=#2a2f38 bg=#1a1d23}│{/}{fg=#c8ccd4 bg=#1a1d23} 17 {/}{bg=#1a1d23}         {/}
{fg=#c8ccd4 bg=#1f232b} {/}{fg=#8aa9c9 bg=#1f232b}  ● finance       {/}{fg=#6b7280 bg=#1f232b}  2{/}{fg=#c8ccd4 bg=#1f232b}    {/}{bg=#1a1d23}  {/}{fg=#c8ccd4 bg=#1a1d23}1 {/}{fg=#8aa9c9 bg=#1a1d23}●{/}{bg=#1a1d23}     {/}{fg=#2a2f38 bg=#1a1d23}│{/}{bg=#1a1d23}         {/}{fg=#2a2f38 bg=#1a1d23}│{/}{bg=#1a1d23} {/}{fg=#c8ccd4 bg=#1a1d23}1 {/}{fg=#8aa9c9 bg=#1a1d23}●{/}{bg=#1a1d23}     {/}{fg=#2a2f38 bg=#1a1d23}│{/}{bg=#1a1d23}         {/}{fg=#2a2f38 bg=#1a1d23}│{/}{bg=#1a1d23} {/}{fg=#c8ccd4 bg=#1a1d23}3 {/}{fg=#e07a7a bg=#1a1d23}●●{/}{fg=#8aa9c9 bg=#1a1d23}●{/}{bg=#1a1d23}   {/}{fg=#2a2f38 bg=#1a1d23}│{/}{bg=#1a1d23}         {/}{fg=#2a2f38 bg=#1a1d23}│{/}{bg=#1a1d23}             {/}
{fg=#c8ccd4 bg=#1f232b} {/}{fg=#8aa9c9 bg=#1f232b}  ● personal      {/}{fg=#6b7280 bg=#1f232b}  2{/}{fg=#c8ccd4 bg=#1f232b}    {/}{fg=#2a2f38 bg=#1a1d23}──────────┼─────────┼─────────┼─────────┼─────────┼─────────┼─────────────{/}
{fg=#c8ccd4 bg=#1f232b} {/}{fg=#8aa9c9 bg=#1f232b}  {/}{fg=#7a9ec9 bg=#1f232b}● home          {/}{fg=#6b7280 bg=#1f232b}  1{/}{fg=#c8ccd4 bg=#1f232b}    {/}{bg=#1a1d23} {/}{fg=#c8ccd4 bg=#1a1d23} 18 {/}{bg=#1a1d23}     {/}{fg=#2a2f38 bg=#1a1d23}│{/}{fg=#c8ccd4 bg=#1a1d23} 19 {/}{bg=#1a1d23}     {/}{fg=#2a2f38 bg=#1a1d23}│{/}{fg=#c8ccd4 bg=#1a1d23} 20 {/}{bg=#1a1d23}     {/}{fg=#2a2f38 bg=#1a1d23}│{/}{fg=#c8ccd4 bg=#1a1d23} 21 {/}{bg=#1a1d23}     {/}{fg=#2a2f38 bg=#1a1d23}│{/}{fg=#c8ccd4 bg=#1a1d23} 22 {/}{bg=#1a1d23}     {/}{fg=#2a2f38 bg=#1a1d23}│{/}{fg=#c8ccd4 bg=#1a1d23} 23 {/}{bg=#1a1d23}     {/}{fg=#2a2f38 bg=#1a1d23}│{/}{fg=#c8ccd4 bg=#1a1d23} 24 {/}{bg=#1a1d23}         {/}
{fg=#c8ccd4 bg=#1f232b} {/}{fg=#8aa9c9 bg=#1f232b}  {/}{fg=#d4b06a bg=#1f232b}● learning      {/}{fg=#6b7280 bg=#1f232b}  1{/}{fg=#c8ccd4 bg=#1f232b}    {/}{bg=#1a1d23}  {/}{fg=#c8ccd4 bg=#1a1d23}1 {/}{fg=#8aa9c9 bg=#1a1d23}●{/}{bg=#1a1d23}     {/}{fg=#2a2f38 bg=#1a1d23}│{/}{bg=#1a1d23}         {/}{fg=#2a2f38 bg=#1a1d23}│{/}{bg=#1a1d23} {/}{fg=#c8ccd4 bg=#1a1d23}2 {/}{fg=#e07a7a bg=#1a1d23}●{/}{fg=#8aa9c9 bg=#1a1d23}●{/}{bg=#1a1d23}    {/}{fg=#2a2f38 bg=#1a1d23}│{/}{bg=#1a1d23}         {/}{fg=#2a2f38 bg=#1a1d23}│{/}{bg=#1a1d23} {/}{fg=#c8ccd4 bg=#1a1d23}1 {/}{fg=#8aa9c9 bg=#1a1d23}●{/}{bg=#1a1d23}     {/}{fg=#2a2f38 bg=#1a1d23}│{/}{bg=#1a1d23}         {/}{fg=#2a2f38 bg=#1a1d23}│{/}{bg=#1a1d23}             {/}
{fg=#c8ccd4 bg=#1f232b} {/}{fg=#8aa9c9 bg=#1f232b}  {/}{fg=#c89a6e bg=#1f232b}● travel        {/}{fg=#6b7280 bg=#1f232b}  1{/}{fg=#c8ccd4 bg=#1f232b}    {/}{fg=#2a2f38 bg=#1a1d23}──────────┼─────────┼─────────┼─────────┼─────────┼─────────┼─────────────{/}
{fg=#c8ccd4 bg=#1f232b}                          {/}{bg=#1a1d23} {/}{fg=#c8ccd4 bg=#1a1d23} 25 {/}{bg=#1a1d23}     {/}{fg=#2a2f38 bg=#1a1d23}│{/}{fg=#c8ccd4 bg=#1a1d23} 26 {/}{bg=#1a1d23}     {/}{fg=#2a2f38 bg=#1a1d23}│{/}{fg=#c8ccd4 bg=#1a1d23} 27 {/}{bg=#1a1d23}     {/}{fg=#2a2f38 bg=#1a1d23}│{/}{fg=#c8ccd4 bg=#1a1d23} 28 {/}{bg=#1a1d23}     {/}{fg=#2a2f38 bg=#1a1d23}│{/}{fg=#c8ccd4 bg=#1a1d23} 29 {/}{bg=#1a1d23}     {/}{fg=#2a2f38 bg=#1a1d23}│{/}{fg=#c8ccd4 bg=#1a1d23} 30 {/}{bg=#1a1d23}     {/}{fg=#2a2f38 bg=#1a1d23}│{/}{fg=#c8ccd4 bg=#1a1d23} 31 {/}{bg=#1a1d23}         {/}
{fg=#c89a6e bg=#1f232b mod=bold} TAGS{/}{fg=#c8ccd4 bg=#1f232b}                     {/}{bg=#1a1d23}  {/}{fg=#c8ccd4 bg=#1a1d23}1 {/}{fg=#8aa9c9 bg=#1a1d23}●{/}{bg=#1a1d23}     {/}{fg=#2a2f38 bg=#1a1d23}│{/}{bg=#1a1d23}         {/}{fg=#2a2f38 bg=#1a1d23}│{/}{bg=#1a1d23} {/}{fg=#c8ccd4 bg=#1a1d23}1 {/}{fg=#8aa9c9 bg=#1a1d23}●{/}{bg=#1a1d23}     {/}{fg=#2a2f38 bg=#1a1d23}│{/}{bg=#1a1d23}         {/}{fg=#2a2f38 bg=#1a1d23}│{/}{bg=#1a1d23} {/}{fg=#c8ccd4 bg=#1a1d23}1 {/}{fg=#8aa9c9 bg=#1a1d23}●{/}{bg=#1a1d23}     {/}{fg=#2a2f38 bg=#1a1d23}│{/}{bg=#1a1d23}         {/}{fg=#2a2f38 bg=#1a1d23}│{/}{bg=#1a1d23}             {/}
{fg=#c8ccd4 bg=#1f232b} {/}{fg=#8aa9c9 bg=#1f232b}  {/}{fg=#c89a6e bg=#1f232b}@errands        {/}{fg=#6b7280 bg=#1f232b}  4{/}{fg=#c8ccd4 bg=#1f232b}    {/}{fg=#2a2f38 bg=#1a1d23}──────────┼─────────┼─────────┼─────────┼─────────┼─────────┼─────────────{/}
{fg=#c8ccd4 bg=#1f232b} {/}{fg=#8aa9c9 bg=#1f232b}  {/}{fg=#c89a6e bg=#1f232b}@home           {/}{fg=#6b7280 bg=#1f232b}  4{/}{fg=#c8ccd4 bg=#1f232b}    {/}{bg=#1a1d23}                                                                          {/}
{fg=#c8ccd4 bg=#1f232b} {/}{fg=#8aa9c9 bg=#1f232b}  {/}{fg=#c89a6e bg=#1f232b}@laptop         {/}{fg=#6b7280 bg=#1f232b}  4{/}{fg=#c8ccd4 bg=#1f232b}    {/}{bg=#1a1d23}  {/}{fg=#8aa9c9 bg=#1a1d23 mod=bold}WED 6 MAY · TODAY{/}{bg=#1a1d23} {/}{fg=#2a2f38 bg=#1a1d23}────────────────────────────────────────────────────{/}{bg=#1a1d23}  {/}
{fg=#c8ccd4 bg=#1f232b} {/}{fg=#8aa9c9 bg=#1f232b}  {/}{fg=#c89a6e bg=#1f232b}@phone          {/}{fg=#6b7280 bg=#1f232b}  3{/}{fg=#c8ccd4 bg=#1f232b}    {/}{bg=#3a4150}  {/}{fg=#8aa9c9 bg=#3a4150}▸{/}{bg=#3a4150} {/}{fg=#6b7280 bg=#3a4150}  —  {/}{bg=#3a4150} {/}{fg=#c8ccd4 bg=#3a4150 mod=bold}Finish Q2 board deck{/}{bg=#3a4150}                                    {/}{fg=#7fb3a8 bg=#3a4150}● work{/}{bg=#3a4150}  {/}
{fg=#c8ccd4 bg=#1f232b}                          {/}{bg=#1a1d23}  {/}{fg=#e07a7a bg=#1a1d23}!{/}{bg=#1a1d23} {/}{fg=#6b7280 bg=#1a1d23}  —  {/}{bg=#1a1d23} {/}{fg=#c8ccd4 bg=#1a1d23}Gym{/}{bg=#1a1d23}                                                 {/}{fg=#8aa9c9 bg=#1a1d23}● personal{/}{bg=#1a1d23}  {/}
{fg=#c8ccd4 bg=#1f232b}                          {/}{bg=#1a1d23}  {/}{fg=#6b7280 bg=#1a1d23}↻{/}{bg=#1a1d23} {/}{fg=#6b7280 bg=#1a1d23}07:00{/}{bg=#1a1d23} {/}{fg=#6b7280 bg=#1a1d23}Gym · 1h{/}{bg=#1a1d23}                                            {/}{fg=#6b7280 bg=#1a1d23}● personal{/}{bg=#1a1d23}  {/}
{fg=#c8ccd4 bg=#1f232b}                          {/}{bg=#1a1d23}                                                                          {/}
{fg=#c8ccd4 bg=#1f232b}                          {/}{bg=#1a1d23}                                                                          {/}
{fg=#c8ccd4 bg=#1f232b}                          {/}{bg=#1a1d23}                                                                          {/}
{fg=#c8ccd4 bg=#1f232b}                          {/}{bg=#1a1d23}                                                                          {/}
{fg=#c8ccd4 bg=#1f232b}                          {/}{bg=#1a1d23}                                                                          {/}
{fg=#c8ccd4 bg=#1f232b}                          {/}{bg=#1a1d23}                                                                          {/}
{fg=#c8ccd4 bg=#1f232b}                          {/}{bg=#1a1d23}                                                                          {/}
{fg=#1a1d23 bg=#8aa9c9 mod=bold} MONTH {/}{bg=#252a33}  {/}{fg=#a8b0bc bg=#252a33}←→↑↓ day · < > month · v counts/titles · Enter day · n ne{/}{fg=#6b7280 bg=#252a33}16 open · 2026-05-06 · tasq 0.0.0 {/}
