---
source: tests/snapshots.rs
expression: buffer_to_styled(&buf)
---
{fg=#cad3f5 bg=#1e2030}                       {/}{fg=#363a4f bg=#1e2030}│{/}{bg=#24273a}                                          {/}{fg=#363a4f bg=#212435}│{/}{bg=#212435}                                 {/}
{fg=#cad3f5 bg=#1e2030}  {/}{fg=#c6a0f6 bg=#1e2030}■{/}{fg=#cad3f5 bg=#1e2030} {/}{fg=#cad3f5 bg=#1e2030 mod=bold}tasq{/}{fg=#cad3f5 bg=#1e2030}               {/}{fg=#363a4f bg=#1e2030}│{/}{bg=#24273a}  {/}{fg=#cad3f5 bg=#24273a mod=bold}All tasks{/}{fg=#6e738d bg=#24273a}  wednesday 6 may{/}{bg=#24273a}              {/}{fg=#363a4f bg=#212435}│{/}{bg=#212435}  {/}{fg=#cad3f5 bg=#212435 mod=bold}Finish Q2 board deck{/}{bg=#212435}           {/}
{fg=#cad3f5 bg=#1e2030}                       {/}{fg=#363a4f bg=#1e2030}│{/}{bg=#24273a}  {/}{fg=#6e738d bg=#24273a}4 tasks{/}{bg=#24273a}                                 {/}{fg=#363a4f bg=#212435}│{/}{bg=#212435}                                 {/}
{fg=#cad3f5 bg=#1e2030}   {/}{fg=#a5adcb bg=#1e2030}⌂{/}{fg=#cad3f5 bg=#1e2030} {/}{fg=#a5adcb bg=#1e2030}Home{/}{fg=#cad3f5 bg=#1e2030}              {/}{fg=#363a4f bg=#1e2030}│{/}{bg=#24273a}  {/}{fg=#c6a0f6 bg=#443f60} ⌕ work {/}{fg=#6e738d bg=#443f60}× {/}{bg=#24273a} {/}{fg=#6e738d bg=#24273a} + filter {/}{bg=#24273a}                   {/}{fg=#363a4f bg=#212435}│{/}{bg=#212435}  {/}{fg=#6e738d bg=#212435}due{/}{bg=#212435}      {/}{fg=#ed8796 bg=#212435}today{/}{bg=#212435}                 {/}
{fg=#cad3f5 bg=#1e2030}   {/}{fg=#a5adcb bg=#1e2030}▤{/}{fg=#cad3f5 bg=#1e2030} {/}{fg=#a5adcb bg=#1e2030}Inbox{/}{fg=#cad3f5 bg=#1e2030}          {/}{fg=#6e738d bg=#1e2030}9{/}{fg=#cad3f5 bg=#1e2030}  {/}{fg=#363a4f bg=#1e2030}│{/}{bg=#24273a}                                          {/}{fg=#363a4f bg=#212435}│{/}{bg=#212435}  {/}{fg=#6e738d bg=#212435}space{/}{bg=#212435}    {/}{fg=#8aadf4 bg=#212435}●{/}{bg=#212435} {/}{fg=#8aadf4 bg=#212435}work{/}{bg=#212435}                {/}
{fg=#cad3f5 bg=#1e2030}   {/}{fg=#a5adcb bg=#1e2030}◉{/}{fg=#cad3f5 bg=#1e2030} {/}{fg=#a5adcb bg=#1e2030}Today{/}{fg=#cad3f5 bg=#1e2030}          {/}{fg=#6e738d bg=#1e2030}1{/}{fg=#cad3f5 bg=#1e2030}  {/}{fg=#363a4f bg=#1e2030}│{/}{fg=#cad3f5 bg=#24273a}  {/}{fg=#ed8796 bg=#24273a}PRIORITY A{/}{fg=#cad3f5 bg=#24273a} {/}{fg=#363a4f bg=#24273a}─────────────────────────────{/}{fg=#363a4f bg=#212435}│{/}{bg=#212435}  {/}{fg=#6e738d bg=#212435}priority{/}{bg=#212435} {/}{fg=#ed8796 bg=#212435}⚑ high{/}{bg=#212435}                {/}
{fg=#cad3f5 bg=#1e2030}   {/}{fg=#a5adcb bg=#1e2030}◷{/}{fg=#cad3f5 bg=#1e2030} {/}{fg=#a5adcb bg=#1e2030}Upcoming{/}{fg=#cad3f5 bg=#1e2030}       {/}{fg=#6e738d bg=#1e2030}6{/}{fg=#cad3f5 bg=#1e2030}  {/}{fg=#363a4f bg=#1e2030}│{/}{fg=#c6a0f6 bg=#363a4f mod=bold}▎ {/}{fg=#cad3f5 bg=#363a4f}☐ {/}{fg=#ed8796 bg=#363a4f mod=bold}⚑ {/}{fg=#cad3f5 bg=#363a4f}Finish Q2 board deck {/}{fg=#ed8796 bg=#4c3a4c} ◷ due today {/}{fg=#cad3f5 bg=#363a4f} {/}{fg=#8aadf4 bg=#38425f} {/}{fg=#363a4f bg=#212435}│{/}{bg=#212435}  {/}{fg=#6e738d bg=#212435}tags{/}{bg=#212435}     {/}{fg=#f5bde6 bg=#212435}@laptop{/}{bg=#212435}               {/}
{fg=#cad3f5 bg=#1e2030}   {/}{fg=#a5adcb bg=#1e2030}▦{/}{fg=#cad3f5 bg=#1e2030} {/}{fg=#a5adcb bg=#1e2030}Calendar{/}{fg=#cad3f5 bg=#1e2030}          {/}{fg=#363a4f bg=#1e2030}│{/}{fg=#cad3f5 bg=#24273a}  {/}{fg=#f5a97f bg=#24273a}PRIORITY B{/}{fg=#cad3f5 bg=#24273a} {/}{fg=#363a4f bg=#24273a}─────────────────────────────{/}{fg=#363a4f bg=#212435}│{/}{bg=#212435}                                 {/}
{fg=#cad3f5 bg=#1e2030}   {/}{fg=#a5adcb bg=#1e2030}✎{/}{fg=#cad3f5 bg=#1e2030} {/}{fg=#a5adcb bg=#1e2030}Notes{/}{fg=#cad3f5 bg=#1e2030}             {/}{fg=#363a4f bg=#1e2030}│{/}{fg=#cad3f5 bg=#24273a}  {/}{fg=#6e738d bg=#24273a}☐ {/}{fg=#f5a97f bg=#24273a mod=bold}⚑ {/}{fg=#cad3f5 bg=#24273a}Revie{/}{fg=#24273a bg=#eed49f mod=bold}w{/}{fg=#cad3f5 bg=#24273a} pull requests f{/}{fg=#24273a bg=#eed49f mod=bold}or{/}{fg=#cad3f5 bg=#24273a} auth refact{/}{fg=#363a4f bg=#212435}│{/}{bg=#212435}                                 {/}
{fg=#cad3f5 bg=#1e2030}   {/}{fg=#a5adcb bg=#1e2030}⌕{/}{fg=#cad3f5 bg=#1e2030} {/}{fg=#a5adcb bg=#1e2030}Search{/}{fg=#cad3f5 bg=#1e2030}        {/}{fg=#6e738d bg=#1e2030}^K{/}{fg=#cad3f5 bg=#1e2030}  {/}{fg=#363a4f bg=#1e2030}│{/}{fg=#cad3f5 bg=#24273a}  {/}{fg=#6e738d bg=#24273a}☐ {/}{fg=#f5a97f bg=#24273a mod=bold}⚑ {/}{fg=#cad3f5 bg=#24273a}Draft hiring rubric for senior eng {/}{fg=#8aadf4 bg=#38425f} {/}{fg=#363a4f bg=#212435}│{/}{bg=#212435}                                 {/}
{fg=#cad3f5 bg=#1e2030}                       {/}{fg=#363a4f bg=#1e2030}│{/}{fg=#cad3f5 bg=#24273a}  {/}{fg=#6e738d bg=#24273a}NO PRIORITY{/}{fg=#cad3f5 bg=#24273a} {/}{fg=#363a4f bg=#24273a}────────────────────────────{/}{fg=#363a4f bg=#212435}│{/}{bg=#212435}                                 {/}
{fg=#cad3f5 bg=#1e2030}  {/}{fg=#6e738d bg=#1e2030}SPACES{/}{fg=#cad3f5 bg=#1e2030}               {/}{fg=#363a4f bg=#1e2030}│{/}{fg=#cad3f5 bg=#24273a}  {/}{fg=#6e738d bg=#24273a}☐ {/}{fg=#cad3f5 bg=#24273a}Migrate analytics to ne{/}{fg=#24273a bg=#eed49f mod=bold}w{/}{fg=#cad3f5 bg=#24273a} pipeline {/}{fg=#6e738d bg=#33364b} ◷ b{/}{fg=#363a4f bg=#212435}│{/}{bg=#212435}                                 {/}
{fg=#cad3f5 bg=#1e2030}   {/}{fg=#8aadf4 bg=#1e2030}●{/}{fg=#cad3f5 bg=#1e2030} {/}{fg=#a5adcb bg=#1e2030}work{/}{fg=#cad3f5 bg=#1e2030}           {/}{fg=#6e738d bg=#1e2030}4{/}{fg=#cad3f5 bg=#1e2030}  {/}{fg=#363a4f bg=#1e2030}│{/}{fg=#cad3f5 bg=#24273a}                                          {/}{fg=#363a4f bg=#212435}│{/}{bg=#212435}                                 {/}
{fg=#cad3f5 bg=#1e2030}   {/}{fg=#b7bdf8 bg=#1e2030}●{/}{fg=#cad3f5 bg=#1e2030} {/}{fg=#a5adcb bg=#1e2030}health{/}{fg=#cad3f5 bg=#1e2030}         {/}{fg=#6e738d bg=#1e2030}3{/}{fg=#cad3f5 bg=#1e2030}  {/}{fg=#363a4f bg=#1e2030}│{/}{fg=#cad3f5 bg=#24273a}                                          {/}{fg=#363a4f bg=#212435}│{/}{bg=#212435}                                 {/}
{fg=#cad3f5 bg=#1e2030}   {/}{fg=#8bd5ca bg=#1e2030}●{/}{fg=#cad3f5 bg=#1e2030} {/}{fg=#a5adcb bg=#1e2030}finance{/}{fg=#cad3f5 bg=#1e2030}        {/}{fg=#6e738d bg=#1e2030}2{/}{fg=#cad3f5 bg=#1e2030}  {/}{fg=#363a4f bg=#1e2030}│{/}{fg=#cad3f5 bg=#24273a}                                          {/}{fg=#363a4f bg=#212435}│{/}{bg=#212435}                                 {/}
{fg=#cad3f5 bg=#1e2030}   {/}{fg=#f5bde6 bg=#1e2030}●{/}{fg=#cad3f5 bg=#1e2030} {/}{fg=#a5adcb bg=#1e2030}home{/}{fg=#cad3f5 bg=#1e2030}           {/}{fg=#6e738d bg=#1e2030}1{/}{fg=#cad3f5 bg=#1e2030}  {/}{fg=#363a4f bg=#1e2030}│{/}{fg=#cad3f5 bg=#24273a}                                          {/}{fg=#363a4f bg=#212435}│{/}{bg=#212435}                                 {/}
{fg=#cad3f5 bg=#1e2030}   {/}{fg=#f5a97f bg=#1e2030}●{/}{fg=#cad3f5 bg=#1e2030} {/}{fg=#a5adcb bg=#1e2030}learning{/}{fg=#cad3f5 bg=#1e2030}       {/}{fg=#6e738d bg=#1e2030}1{/}{fg=#cad3f5 bg=#1e2030}  {/}{fg=#363a4f bg=#1e2030}│{/}{fg=#cad3f5 bg=#24273a}                                          {/}{fg=#363a4f bg=#212435}│{/}{bg=#212435}                                 {/}
{fg=#cad3f5 bg=#1e2030}   {/}{fg=#8bd5ca bg=#1e2030}●{/}{fg=#cad3f5 bg=#1e2030} {/}{fg=#a5adcb bg=#1e2030}personal{/}{fg=#cad3f5 bg=#1e2030}       {/}{fg=#6e738d bg=#1e2030}1{/}{fg=#cad3f5 bg=#1e2030}  {/}{fg=#363a4f bg=#1e2030}│{/}{fg=#cad3f5 bg=#24273a}                                          {/}{fg=#363a4f bg=#212435}│{/}{bg=#212435}                                 {/}
{fg=#cad3f5 bg=#1e2030}   {/}{fg=#c6a0f6 bg=#1e2030}●{/}{fg=#cad3f5 bg=#1e2030} {/}{fg=#a5adcb bg=#1e2030}travel{/}{fg=#cad3f5 bg=#1e2030}         {/}{fg=#6e738d bg=#1e2030}1{/}{fg=#cad3f5 bg=#1e2030}  {/}{fg=#363a4f bg=#1e2030}│{/}{fg=#cad3f5 bg=#24273a}                                          {/}{fg=#363a4f bg=#212435}│{/}{bg=#212435}                                 {/}
{fg=#cad3f5 bg=#1e2030}                       {/}{fg=#363a4f bg=#1e2030}│{/}{fg=#cad3f5 bg=#24273a}                                          {/}{fg=#363a4f bg=#212435}│{/}{bg=#212435}                                 {/}
{fg=#cad3f5 bg=#1e2030}  {/}{fg=#6e738d bg=#1e2030}FILTERS{/}{fg=#cad3f5 bg=#1e2030}              {/}{fg=#363a4f bg=#1e2030}│{/}{fg=#cad3f5 bg=#24273a}                                          {/}{fg=#363a4f bg=#212435}│{/}{bg=#212435}                                 {/}
{fg=#cad3f5 bg=#1e2030}   {/}{fg=#ed8796 bg=#1e2030}⚑{/}{fg=#cad3f5 bg=#1e2030} {/}{fg=#a5adcb bg=#1e2030}High priority{/}{fg=#cad3f5 bg=#1e2030}  {/}{fg=#6e738d bg=#1e2030}2{/}{fg=#cad3f5 bg=#1e2030}  {/}{fg=#363a4f bg=#1e2030}│{/}{fg=#cad3f5 bg=#24273a}                                          {/}{fg=#363a4f bg=#212435}│{/}{bg=#212435}                                 {/}
{fg=#cad3f5 bg=#1e2030}   {/}{fg=#eed49f bg=#1e2030}★{/}{fg=#cad3f5 bg=#1e2030} {/}{fg=#a5adcb bg=#1e2030}Starred{/}{fg=#cad3f5 bg=#1e2030}        {/}{fg=#6e738d bg=#1e2030}0{/}{fg=#cad3f5 bg=#1e2030}  {/}{fg=#363a4f bg=#1e2030}│{/}{fg=#cad3f5 bg=#24273a}                                          {/}{fg=#363a4f bg=#212435}│{/}{bg=#212435}                                 {/}
{fg=#cad3f5 bg=#1e2030}   {/}{fg=#ed8796 bg=#1e2030}◷{/}{fg=#cad3f5 bg=#1e2030} {/}{fg=#a5adcb bg=#1e2030}Overdue{/}{fg=#cad3f5 bg=#1e2030}        {/}{fg=#6e738d bg=#1e2030}7{/}{fg=#cad3f5 bg=#1e2030}  {/}{fg=#363a4f bg=#1e2030}│{/}{fg=#cad3f5 bg=#24273a}                                          {/}{fg=#363a4f bg=#212435}│{/}{bg=#212435}                                 {/}
{fg=#cad3f5 bg=#1e2030}                       {/}{fg=#363a4f bg=#1e2030}│{/}{fg=#cad3f5 bg=#24273a}                                          {/}{fg=#363a4f bg=#212435}│{/}{bg=#212435}                                 {/}
{fg=#cad3f5 bg=#1e2030}                       {/}{fg=#363a4f bg=#1e2030}│{/}{fg=#cad3f5 bg=#24273a}                                          {/}{fg=#363a4f bg=#212435}│{/}{bg=#212435}                                 {/}
{fg=#cad3f5 bg=#1e2030} {/}{fg=#363a4f bg=#24273a}╭───────────────────╮{/}{fg=#cad3f5 bg=#1e2030} {/}{fg=#363a4f bg=#1e2030}│{/}{fg=#cad3f5 bg=#24273a}                                          {/}{fg=#363a4f bg=#212435}│{/}{bg=#212435}                                 {/}
{fg=#cad3f5 bg=#1e2030} {/}{fg=#363a4f bg=#24273a}│{/}{fg=#cad3f5 bg=#24273a} {/}{fg=#24273a bg=#f5a97f mod=bold} Y {/}{fg=#cad3f5 bg=#24273a} {/}{fg=#cad3f5 bg=#24273a mod=bold}you{/}{fg=#cad3f5 bg=#24273a}           {/}{fg=#363a4f bg=#24273a}│{/}{fg=#cad3f5 bg=#1e2030} {/}{fg=#363a4f bg=#1e2030}│{/}{fg=#cad3f5 bg=#24273a}                                          {/}{fg=#363a4f bg=#212435}│{/}{bg=#212435}                                 {/}
{fg=#cad3f5 bg=#1e2030} {/}{fg=#363a4f bg=#24273a}│{/}{fg=#cad3f5 bg=#24273a}     {/}{fg=#a6da95 bg=#24273a}● todo.txt{/}{fg=#cad3f5 bg=#24273a}    {/}{fg=#363a4f bg=#24273a}│{/}{fg=#cad3f5 bg=#1e2030} {/}{fg=#363a4f bg=#1e2030}│{/}{fg=#cad3f5 bg=#24273a}                                          {/}{fg=#363a4f bg=#212435}│{/}{bg=#212435}                                 {/}
{fg=#cad3f5 bg=#1e2030} {/}{fg=#363a4f bg=#24273a}╰───────────────────╯{/}{fg=#cad3f5 bg=#1e2030} {/}{fg=#363a4f bg=#1e2030}│{/}{fg=#cad3f5 bg=#24273a}                                          {/}{fg=#363a4f bg=#212435}│{/}{bg=#212435}                                 {/}
{fg=#cad3f5 bg=#1e2030}                       {/}{fg=#363a4f bg=#1e2030}│{/}{fg=#cad3f5 bg=#24273a}                                          {/}{fg=#363a4f bg=#212435}│{/}{bg=#212435}                                 {/}
{bg=#24273a} {/}{fg=#a5adcb bg=#363a4f} ● normal {/}{fg=#6e738d bg=#24273a}  All tasks · 4 tasks{/}{bg=#24273a}             {/}{fg=#a5adcb bg=#24273a mod=bold}x{/}{fg=#6e738d bg=#24273a} done   {/}{fg=#a5adcb bg=#24273a mod=bold}e{/}{fg=#6e738d bg=#24273a} edit   {/}{fg=#a5adcb bg=#24273a mod=bold}r{/}{fg=#6e738d bg=#24273a} reschedule   {/}{fg=#a5adcb bg=#24273a mod=bold}Tab{/}{fg=#6e738d bg=#24273a} details   {/}{fg=#a5adcb bg=#24273a mod=bold}␣{/}{fg=#6e738d bg=#24273a} more… {/}
