---
source: tests/snapshots.rs
expression: buffer_to_text(&buf)
---
 FILTERS                   ▶▮◀ /tmp/tasq-snapshot.txt  •  3 tasks  DETAIL                           
                                                                                                    
 SPACES                    (1)  PRIORITY A  ────────────────────── priority  (A)                    
   tag with +space          1 ▸ (A) Buy milk                       created   —                      
                           (1)  PRIORITY B  ────────────────────── space                            
 TAGS                       2   (B) Call mom                       tags                             
   tag with @context       (1)  NO PRIORITY  ─────────────────────                                  
                            3       Write up notes                 RAW                              
                                                                                                    
                                                                   (A) Buy milk                     
                                                                                                    
                                                                                                    
                                                                                                    
                                                                                                    
                                                                                                    
                                                                                                    
                                                                                                    
                                                                                                    
                                                                                                    
                                                                                                    
                                                                                                    
                                                                                                    
                                                                                                    
                                                                                                    
                                                                                                    
                                                                                                    
                                                                                                    
                                                                                                    
                                                                                                    
                                                                                                    
                                                                                                    
 NORMAL   j/k · n new · r reschedule · x done · * star · o notes · 3 open · 2026-05-06 · tasq 0.0.0
