---
source: tests/snapshots.rs
expression: buffer_to_text(&buf)
---
                           │  /tmp/tasq-snapshot.txt                │                               
  ▣ tasq                   │  15 tasks  ·  sort: priority           │  ⚑ Finish Q2 board deck       
                           │  + filter                              │                               
   ⌂ Home                  │                                        │  due       today              
   ▤ Inbox              3  │  PRIORITY A  2  ───────────────────────│  space     ● work             
   ◉ Today              1  │  1 ▎☐ ⚑ Finish Q2 board deck  ◷ due tod│  priority  ⚑ high             
   ◷ Upcoming           6  │  2  ☐ ⚑ Call dentist to reschedule clea│  tags      @laptop            
   ≡ All tasks         15  │  PRIORITY B  3  ───────────────────────│                               
   ▦ Calendar              │  3  ☐ ⚑ Review pull requests for auth r│  CHECKLIST                    
   ✎ Notes                 │  4  ☐ ⚑ Renew passport before summer tr│  + add item                   
   ⌕ Search             /  │  5  ☐ ⚑ Draft hiring rubric for senior │                               
                           │  PRIORITY C  2  ───────────────────────│                               
  SPACES  ╭──────────────────────────────────────────────────────────────────────────────╮          
   ● work │                                                                              │          
   ● healt│  > Schedule team offsite  +work   @phone  /▏                           ↑     │          
   ● finan│                                                                              │          
   ● home │                              + work     @ phone                              │          
   ● learn│                                                                              │          
   ● perso╰──────────────────────────────────────────────────────────────────────────────╯          
   ● travel   ╭──────────────────────────────────────────────────────────╮                          
              │ ATTACH METADATA                                          │                          
  FILTERS     │  Planned     when you'll do it                     /plan │                          
   ⚑ High prio│  Due date    the deadline                           /due │                          
   ★ Starred  │  Recurrence  repeat after completing                /rec │                          
   ◷ Overdue  │  Threshold   hide until this date                     /t │                          
              │  Priority    A · B · C                             /prio │                          
              │  + Project   attach to a project                   /proj │                          
 ╭────────────│  @ Context   tool, place or person                  /ctx │                          
 │  Y  you ● f│                                                          │                          
 ╰────────────│  ↑↓ pick · Enter insert · Esc dismiss · type to filter   │                          
              ╰──────────────────────────────────────────────────────────╯                          
   ● insert     type naturally: tomorrow at 6pm, every fri and sat, +project @context · Tab chips ·
