---
source: tests/snapshots.rs
expression: buffer_to_text(&buf)
---
                       │                                          │                                 
  ■ tasq               │  All tasks  wednesday 6 may              │  Finish Q2 board deck           
                       │  15 tasks                                │                                 
   ⌂ Home              │   + filter            sort · priority ▾  │  due      today                 
   ▤ Inbox          3  │                                          │  space    ● work                
   ◉ Today          1  │  PRIORITY A ─────────────────────────────│  priority ⚑ high                
   ◷ Upcoming       6  │▎ ☐ ⚑ Finish Q2 board deck  ◷ due today   │  tags     @laptop               
   ▦ Calendar          │  ☐ ⚑ Call dentist to reschedule cleaning │                                 
   ✎ Notes             │                                          │                                 
   ⌕ Search        ^K  │  PRIORITY B ─────────────────────────────│                                 
                       │  ☐ ⚑ Review pull requests for auth refact│                                 
  SPACES               │  ☐ ⚑ Renew passport before summer trip  ◷│                                 
   ● work ╭──────────────────────────────────────────────────────────────────────────────╮          
   ● healt│                                                                              │          
   ● finan│  > ⚑ (A) Renew passport before summer trip  +travel   @errands ▏       ↑     │          
   ● home │                                                                              │          
   ● learn│                       + travel     @ errands     ⚑ (A)                       │          
   ● perso│                                                                              │          
   ● trave╰──────────────────────────────────────────────────────────────────────────────╯          
              ╭ DUE ───────────────────────────────────────────╮ b│                                 
  FILTERS     │  ‹  May 2026  ›                                │mo│                                 
   ⚑ High prio│    S   M   T   W   T   F   S                   │  │                                 
   ★ Starred  │                        1   2                   │@p│                                 
   ◷ Overdue  │    3   4   5   6   7   8   9                   │ca│                                 
              │   10  11  12  13  14  15  16                   │  │                                 
              │   17  18  19  20  21  22  23                   │al│                                 
 ╭────────────│   24  25  26  27  28  29  30                   │me│                                 
 │  Y  you    │   31                                           │  │                                 
 │     ● todo.│                                                │  │                                 
 ╰────────────│  Thu May 7                                     │  │                                 
              │  t today · T tmw · w +1w · m +1mo · x clear    │  │                                 
  ● insert  ty╰────────────────────────────────────────────────╯+project @context   Tab chips   Ctrl
